06-11 10:12:17.598  2091  2091 I SystemServer: StartStorageStatsService
06-11 10:12:17.598  2091  2091 I SystemServiceManager: Starting com.android.server.usage.StorageStatsService$Lifecycle
06-11 10:12:17.606  2091  2091 D SystemServerTiming: StartStorageStatsService took to complete: 7ms
06-11 10:12:17.606  2091  2091 I SystemServer: StartUiModeManager
06-11 10:12:17.606  2091  2091 I SystemServiceManager: Starting com.android.server.UiModeManagerService
06-11 10:12:17.607  2091  2131 D SystemServerInitThreadPool: Started executing UiModeManager.onStart
06-11 10:12:17.608  2091  2091 D SystemServerTiming: StartUiModeManager took to complete: 1ms
06-11 10:12:17.608  2091  2091 I SystemServer: UpdatePackagesIfNeeded
06-11 10:12:17.608  2091  2091 I Watchdog: Pausing HandlerChecker: main thread for reason: dexopt. Pause count: 1
06-11 10:12:17.608  2091  2091 I Watchdog: Resuming HandlerChecker: main thread for reason: dexopt. Pause count: 0
06-11 10:12:17.608  2091  2091 D SystemServerTiming: UpdatePackagesIfNeeded took to complete: 1ms
06-11 10:12:17.608  2091  2091 I SystemServer: PerformFstrimIfNeeded
06-11 10:12:17.611  2091  2131 I ActivityTaskManager: Config changes=200 {1.0 ?mcc?mnc [en_US] ldltr sw411dp w411dp h773dp 560dpi nrml long port finger qwerty/v/v -nav/h winConfig={ mBounds=Rect(0, 0 - 1440, 2960) mAppBounds=Rect(0, 0 - 1440, 2792) mWindowingMode=fullscreen mDisplayWindowingMode=fullscreen mActivityType=undefined mAlwaysOnTop=undefined mRotation=ROTATION_0} s.4}
06-11 10:12:17.613  2091  2091 W PackageManager: No disk maintenance in 690198613; running immediately
06-11 10:12:17.613  2091  2091 D SystemServerTiming: PerformFstrimIfNeeded took to complete: 5ms
06-11 10:12:17.613  2091  2091 I SystemServer: StartLockSettingsService
06-11 10:12:17.613  2091  2213 I StorageManagerService: Running fstrim idle maintenance
06-11 10:12:17.613  2091  2091 I SystemServiceManager: Starting com.android.server.locksettings.LockSettingsService$Lifecycle
06-11 10:12:17.623  1684  2214 I vold    : Skip mounting partition: /product
06-11 10:12:17.624  1684  2214 I vold    : Skip mounting partition: /product_services
06-11 10:12:17.624  1684  2214 D vold    : Starting trim of /data
06-11 10:12:17.624  1684  2214 W vold    : Trim failed on /data: Operation not supported on transport endpoint
06-11 10:12:17.624  2091  2131 I ActivityTaskManager: Override config changes=200 {1.0 ?mcc?mnc [en_US] ldltr sw411dp w411dp h773dp 560dpi nrml long port finger qwerty/v/v -nav/h winConfig={ mBounds=Rect(0, 0 - 1440, 2960) mAppBounds=Rect(0, 0 - 1440, 2792) mWindowingMode=fullscreen mDisplayWindowingMode=fullscreen mActivityType=undefined mAlwaysOnTop=undefined mRotation=ROTATION_0} s.4} for displayId=0
06-11 10:12:17.624  1684  2214 D vold    : Starting trim of none
06-11 10:12:17.628  1684  2214 W vold    : Failed to open none: No such file or directory
06-11 10:12:17.630  2091  2131 D SystemServerInitThreadPool: Finished executing UiModeManager.onStart
06-11 10:12:17.660  2091  2091 D SystemServerTiming: StartLockSettingsService took to complete: 46ms
06-11 10:12:17.660  2091  2091 I SystemServer: StartTestHarnessMode
06-11 10:12:17.660  2091  2091 I SystemServiceManager: Starting com.android.server.testharness.TestHarnessModeService
06-11 10:12:17.661  2091  2091 D SystemServerTiming: StartTestHarnessMode took to complete: 1ms
06-11 10:12:17.664  2091  2091 I OemLock : OemLock HAL not present on device
06-11 10:12:17.664  2091  2091 I SystemServer: StartDeviceIdleController
06-11 10:12:17.664  2091  2091 I SystemServiceManager: Starting com.android.server.DeviceIdleController
06-11 10:12:17.668  2091  2091 D SystemServerTiming: StartDeviceIdleController took to complete: 4ms
06-11 10:12:17.668  2091  2091 I SystemServer: StartDevicePolicyManager
06-11 10:12:17.668  2091  2091 I SystemServiceManager: Starting com.android.server.devicepolicy.DevicePolicyManagerService$Lifecycle
06-11 10:12:17.684  2091  2091 D SystemServerTiming: StartDevicePolicyManager took to complete: 15ms
06-11 10:12:17.684  2091  2091 I SystemServer: StartStatusBarManagerService
06-11 10:12:17.686  2091  2091 D SystemServerTiming: StartStatusBarManagerService took to complete: 2ms
06-11 10:12:17.687  2091  2091 D SystemServer: ContentCaptureService disabled because resource is not overlaid
06-11 10:12:17.687  2091  2091 D SystemServer: AttentionService is not configured on this device
06-11 10:12:17.687  2091  2091 I SystemServer: StartSystemCaptionsManagerService
06-11 10:12:17.687  2091  2091 I SystemServiceManager: Starting com.android.server.systemcaptions.SystemCaptionsManagerService
06-11 10:12:17.689  2091  2091 D SystemServerTiming: StartSystemCaptionsManagerService took to complete: 1ms
06-11 10:12:17.689  2091  2091 I SystemServer: StartAppPredictionService
06-11 10:12:17.689  2091  2091 I SystemServiceManager: Starting com.android.server.appprediction.AppPredictionManagerService
06-11 10:12:17.690  2091  2091 D SystemServerTiming: StartAppPredictionService took to complete: 2ms
06-11 10:12:17.690  2091  2091 I SystemServer: StartContentSuggestionsService
06-11 10:12:17.695  2091  2091 I SystemServiceManager: Starting com.android.server.contentsuggestions.ContentSuggestionsManagerService
06-11 10:12:17.698  2091  2091 D SystemServerTiming: StartContentSuggestionsService took to complete: 8ms
06-11 10:12:17.698  2091  2091 I SystemServer: InitNetworkStackClient
06-11 10:12:17.699  2091  2091 D SystemServerTiming: InitNetworkStackClient took to complete: 1ms
06-11 10:12:17.699  2091  2091 I SystemServer: StartNetworkManagementService
06-11 10:12:17.708  2091  2091 D SystemServerTiming: StartNetworkManagementService took to complete: 9ms
06-11 10:12:17.708  2091  2091 I SystemServer: StartIpSecService
06-11 10:12:17.712  2091  2091 D SystemServerTiming: StartIpSecService took to complete: 2ms
06-11 10:12:17.712  2091  2091 I SystemServer: StartTextServicesManager
06-11 10:12:17.712  2091  2091 I SystemServiceManager: Starting com.android.server.textservices.TextServicesManagerService$Lifecycle
06-11 10:12:17.714  2091  2091 D SystemServerTiming: StartTextServicesManager took to complete: 2ms
06-11 10:12:17.714  2091  2091 I SystemServer: StartTextClassificationManagerService
06-11 10:12:17.714  2091  2091 I SystemServiceManager: Starting com.android.server.textclassifier.TextClassificationManagerService$Lifecycle
06-11 10:12:17.717  2091  2091 D SystemServerTiming: StartTextClassificationManagerService took to complete: 3ms
06-11 10:12:17.717  2091  2091 I SystemServer: StartNetworkScoreService
06-11 10:12:17.717  2091  2091 I SystemServiceManager: Starting com.android.server.NetworkScoreService$Lifecycle
06-11 10:12:17.721  2091  2091 D SystemServerTiming: StartNetworkScoreService took to complete: 4ms
06-11 10:12:17.721  2091  2091 I SystemServer: StartNetworkStatsService
06-11 10:12:17.724  2091  2091 D SystemServerTiming: StartNetworkStatsService took to complete: 3ms
06-11 10:12:17.724  2091  2091 I SystemServer: StartNetworkPolicyManagerService
06-11 10:12:17.735  2091  2091 D SystemServerTiming: StartNetworkPolicyManagerService took to complete: 9ms
06-11 10:12:17.735  2091  2091 I SystemServer: StartWifi
06-11 10:12:17.780  2091  2091 I SystemServiceManager: Starting com.android.server.wifi.WifiService
06-11 10:12:18.087  2091  2091 D SystemServerTiming: StartWifi took to complete: 351ms
06-11 10:12:18.087  2091  2091 I SystemServer: StartWifiScanning
06-11 10:12:18.088  2091  2091 I SystemServiceManager: Starting com.android.server.wifi.scanner.WifiScanningService
06-11 10:12:18.096  2091  2091 D SystemServerTiming: StartWifiScanning took to complete: 9ms
06-11 10:12:18.096  2091  2091 I SystemServer: StartWifiP2P
06-11 10:12:18.097  2091  2091 I SystemServiceManager: Starting com.android.server.wifi.p2p.WifiP2pService
06-11 10:12:18.116  2091  2091 D SystemServerTiming: StartWifiP2P took to complete: 20ms
06-11 10:12:18.116  2091  2091 I SystemServer: StartConnectivityService
06-11 10:12:18.125  2091  2091 D ConnectivityService: ConnectivityService starting up
06-11 10:12:18.132  2091  2091 D ConnectivityService: wifiOnly=false
06-11 10:12:18.151  2091  2091 D SystemServerTiming: StartConnectivityService took to complete: 35ms
06-11 10:12:18.152  2091  2091 I SystemServer: StartNsdService
06-11 10:12:18.154  2091  2091 D NsdService: Network service discovery is enabled
06-11 10:12:18.160  2091  2091 D SystemServerTiming: StartNsdService took to complete: 9ms
06-11 10:12:18.160  2091  2091 I SystemServer: StartSystemUpdateManagerService
06-11 10:12:18.163  2091  2091 D SystemServerTiming: StartSystemUpdateManagerService took to complete: 3ms
06-11 10:12:18.164  2091  2091 I SystemServer: StartUpdateLockService
06-11 10:12:18.164  2091  2091 D SystemServerTiming: StartUpdateLockService took to complete: 0ms
06-11 10:12:18.167  2091  2091 I SystemServer: StartNotificationManager
06-11 10:12:18.167  2091  2091 I SystemServiceManager: Starting com.android.server.notification.NotificationManagerService
06-11 10:12:18.195  2091  2091 D ConditionProviders.SCP: new ScheduleConditionProvider()
06-11 10:12:18.219  2091  2091 I NotificationListeners: Read notification listener permissions from xml
06-11 10:12:18.219  2091  2091 I NotificationAssistants: Read notification assistant permissions from xml
06-11 10:12:18.220  2091  2091 I ConditionProviders: Read condition provider permissions from xml
06-11 10:12:18.220  2091  2091 I ConditionProviders: Read condition provider permissions from xml
06-11 10:12:18.220  2091  2091 D NotificationAssistants: Approving default notification assistant for user 0
06-11 10:12:18.221  2091  2091 I ConditionProviders:  Allowing condition provider com.google.android.ext.services/android.ext.services.notification.Assistant
06-11 10:12:18.226  2091  2091 D NotificationService: Set default NAS to be com.google.android.ext.services/android.ext.services.notification.Assistant in 0
06-11 10:12:18.239  2091  2091 W SystemServiceManager: Service com.android.server.notification.NotificationManagerService took 65 ms in onStart
06-11 10:12:18.253  2091  2091 D SystemServerTiming: StartNotificationManager took to complete: 86ms
06-11 10:12:18.253  2091  2091 I SystemServer: StartDeviceMonitor
06-11 10:12:18.253  2091  2091 I SystemServiceManager: Starting com.android.server.storage.DeviceStorageMonitorService
06-11 10:12:18.258  2091  2091 D SystemServerTiming: StartDeviceMonitor took to complete: 4ms
06-11 10:12:18.258  2091  2091 I SystemServer: StartLocationManagerService
06-11 10:12:18.266  2091  2091 D SystemServerTiming: StartLocationManagerService took to complete: 7ms
06-11 10:12:18.266  2091  2091 I SystemServer: StartCountryDetectorService
06-11 10:12:18.266  2091  2091 D SystemServerTiming: StartCountryDetectorService took to complete: 0ms
06-11 10:12:18.266  2091  2091 I SystemServer: StartTimeDetectorService
06-11 10:12:18.267  2091  2091 I SystemServiceManager: Starting com.android.server.timedetector.TimeDetectorService$Lifecycle
06-11 10:12:18.267  2091  2091 D SystemServerTiming: StartTimeDetectorService took to complete: 1ms
06-11 10:12:18.267  2091  2091 I SystemServer: StartSearchManagerService
06-11 10:12:18.267  2091  2091 I SystemServiceManager: Starting com.android.server.search.SearchManagerService$Lifecycle
06-11 10:12:18.269  2091  2091 D SystemServerTiming: StartSearchManagerService took to complete: 1ms
06-11 10:12:18.269  2091  2091 I SystemServer: StartWallpaperManagerService
06-11 10:12:18.269  2091  2091 I SystemServiceManager: Starting com.android.server.wallpaper.WallpaperManagerService$Lifecycle
06-11 10:12:18.274  2091  2091 D SystemServerTiming: StartWallpaperManagerService took to complete: 5ms
06-11 10:12:18.275  2091  2091 I SystemServer: StartAudioService
06-11 10:12:18.275  2091  2091 I SystemServiceManager: Starting com.android.server.audio.AudioService$Lifecycle
06-11 10:12:18.392  2091  2091 D SystemServerTiming: StartAudioService took to complete: 116ms
06-11 10:12:18.392  2091  2091 I SystemServer: StartDockObserver
06-11 10:12:18.392  2091  2091 I SystemServiceManager: Starting com.android.server.DockObserver
06-11 10:12:18.392  2091  2091 W DockObserver: This kernel does not have dock station support
06-11 10:12:18.393  2091  2091 D SystemServerTiming: StartDockObserver took to complete: 1ms
06-11 10:12:18.393  2091  2091 I SystemServer: StartWiredAccessoryManager
06-11 10:12:18.400  2091  2091 W WiredAccessoryManager: This kernel does not have usb audio support
06-11 10:12:18.401  2091  2091 W WiredAccessoryManager: This kernel does not have HDMI audio support
06-11 10:12:18.402  2091  2091 D SystemServerTiming: StartWiredAccessoryManager took to complete: 8ms
06-11 10:12:18.402  2091  2091 I SystemServer: StartMidiManager
06-11 10:12:18.402  2091  2091 I SystemServiceManager: Starting com.android.server.midi.MidiService$Lifecycle
06-11 10:12:18.408  2091  2091 D SystemServerTiming: StartMidiManager took to complete: 6ms
06-11 10:12:18.408  2091  2091 I SystemServer: StartAdbService
06-11 10:12:18.408  2091  2091 I SystemServiceManager: Starting com.android.server.adb.AdbService$Lifecycle
06-11 10:12:18.409  2091  2091 D SystemServerTiming: StartAdbService took to complete: 1ms
06-11 10:12:18.409  2091  2091 I SystemServer: StartUsbService
06-11 10:12:18.409  2091  2091 I SystemServiceManager: Starting com.android.server.usb.UsbService$Lifecycle
06-11 10:12:18.416  2091  2091 E UsbDeviceManager: failed to write to /sys/class/android_usb/android0/f_rndis/ethaddr
06-11 10:12:18.425  2091  2091 I UsbDeviceManager: USB GADGET HAL not present in the device
06-11 10:12:18.425  2091  2091 I UsbDeviceManager: java.util.NoSuchElementException
06-11 10:12:18.425  2091  2091 I UsbDeviceManager: 	at android.os.HwBinder.getService(Native Method)
06-11 10:12:18.425  2091  2091 I UsbDeviceManager: 	at android.hardware.usb.gadget.V1_0.IUsbGadget.getService(IUsbGadget.java:55)
06-11 10:12:18.425  2091  2091 I UsbDeviceManager: 	at android.hardware.usb.gadget.V1_0.IUsbGadget.getService(IUsbGadget.java:62)
06-11 10:12:18.425  2091  2091 I UsbDeviceManager: 	at com.android.server.usb.UsbDeviceManager.<init>(UsbDeviceManager.java:262)
06-11 10:12:18.425  2091  2091 I UsbDeviceManager: 	at com.android.server.usb.UsbService.<init>(UsbService.java:150)
06-11 10:12:18.425  2091  2091 I UsbDeviceManager: 	at com.android.server.usb.UsbService$Lifecycle.onStart(UsbService.java:84)
06-11 10:12:18.425  2091  2091 I UsbDeviceManager: 	at com.android.server.SystemServiceManager.startService(SystemServiceManager.java:129)
06-11 10:12:18.425  2091  2091 I UsbDeviceManager: 	at com.android.server.SystemServiceManager.startService(SystemServiceManager.java:116)
06-11 10:12:18.425  2091  2091 I UsbDeviceManager: 	at com.android.server.SystemServiceManager.startService(SystemServiceManager.java:75)
06-11 10:12:18.425  2091  2091 I UsbDeviceManager: 	at com.android.server.SystemServer.startOtherServices(SystemServer.java:1532)
06-11 10:12:18.425  2091  2091 I UsbDeviceManager: 	at com.android.server.SystemServer.run(SystemServer.java:512)
06-11 10:12:18.425  2091  2091 I UsbDeviceManager: 	at com.android.server.SystemServer.main(SystemServer.java:349)
06-11 10:12:18.425  2091  2091 I UsbDeviceManager: 	at java.lang.reflect.Method.invoke(Native Method)
06-11 10:12:18.425  2091  2091 I UsbDeviceManager: 	at com.android.internal.os.RuntimeInit$MethodAndArgsCaller.run(RuntimeInit.java:492)
06-11 10:12:18.425  2091  2091 I UsbDeviceManager: 	at com.android.internal.os.ZygoteInit.main(ZygoteInit.java:908)
06-11 10:12:18.425  2091  2091 E UsbDeviceManager: Failed to open control for mtp
06-11 10:12:18.425  2091  2091 E UsbDeviceManager: Failed to open control for ptp
06-11 10:12:18.453  2091  2091 W StorageManagerService: No primary storage defined yet; hacking together a stub
06-11 10:12:18.465  2091  2091 E UsbPortManager: connectToProxy: usb hal service not found. Did the service fail to start?
06-11 10:12:18.465  2091  2091 E UsbPortManager: java.util.NoSuchElementException
06-11 10:12:18.465  2091  2091 E UsbPortManager: 	at android.os.HwBinder.getService(Native Method)
06-11 10:12:18.465  2091  2091 E UsbPortManager: 	at android.os.HwBinder.getService(HwBinder.java:83)
06-11 10:12:18.465  2091  2091 E UsbPortManager: 	at android.hardware.usb.V1_0.IUsb.getService(IUsb.java:70)
06-11 10:12:18.465  2091  2091 E UsbPortManager: 	at android.hardware.usb.V1_0.IUsb.getService(IUsb.java:77)
06-11 10:12:18.465  2091  2091 E UsbPortManager: 	at com.android.server.usb.UsbPortManager.connectToProxy(UsbPortManager.java:780)
06-11 10:12:18.465  2091  2091 E UsbPortManager: 	at com.android.server.usb.UsbPortManager.<init>(UsbPortManager.java:175)
06-11 10:12:18.465  2091  2091 E UsbPortManager: 	at com.android.server.usb.UsbService.<init>(UsbService.java:153)
06-11 10:12:18.465  2091  2091 E UsbPortManager: 	at com.android.server.usb.UsbService$Lifecycle.onStart(UsbService.java:84)
06-11 10:12:18.465  2091  2091 E UsbPortManager: 	at com.android.server.SystemServiceManager.startService(SystemServiceManager.java:129)
06-11 10:12:18.465  2091  2091 E UsbPortManager: 	at com.android.server.SystemServiceManager.startService(SystemServiceManager.java:116)
06-11 10:12:18.465  2091  2091 E UsbPortManager: 	at com.android.server.SystemServiceManager.startService(SystemServiceManager.java:75)
06-11 10:12:18.465  2091  2091 E UsbPortManager: 	at com.android.server.SystemServer.startOtherServices(SystemServer.java:1532)
06-11 10:12:18.465  2091  2091 E UsbPortManager: 	at com.android.server.SystemServer.run(SystemServer.java:512)
06-11 10:12:18.465  2091  2091 E UsbPortManager: 	at com.android.server.SystemServer.main(SystemServer.java:349)
06-11 10:12:18.465  2091  2091 E UsbPortManager: 	at java.lang.reflect.Method.invoke(Native Method)
06-11 10:12:18.465  2091  2091 E UsbPortManager: 	at com.android.internal.os.RuntimeInit$MethodAndArgsCaller.run(RuntimeInit.java:492)
06-11 10:12:18.465  2091  2091 E UsbPortManager: 	at com.android.internal.os.ZygoteInit.main(ZygoteInit.java:908)
06-11 10:12:18.468  2091  2091 W SystemServiceManager: Service com.android.server.usb.UsbService$Lifecycle took 58 ms in onStart
06-11 10:12:18.468  2091  2091 D SystemServerTiming: StartUsbService took to complete: 58ms
06-11 10:12:18.468  2091  2091 I SystemServer: StartSerialService
06-11 10:12:18.469  2091  2091 D SystemServerTiming: StartSerialService took to complete: 0ms
06-11 10:12:18.469  2091  2091 I SystemServer: StartHardwarePropertiesManagerService
06-11 10:12:18.471  2091  2091 D SystemServerTiming: StartHardwarePropertiesManagerService took to complete: 3ms
06-11 10:12:18.472  2091  2091 I SystemServer: StartTwilightService
06-11 10:12:18.472  2091  2091 I SystemServiceManager: Starting com.android.server.twilight.TwilightService
06-11 10:12:18.472  2091  2091 D SystemServerTiming: StartTwilightService took to complete: 0ms
06-11 10:12:18.472  2091  2091 I SystemServer: StartColorDisplay
06-11 10:12:18.473  2091  2091 I SystemServiceManager: Starting com.android.server.display.color.ColorDisplayService
06-11 10:12:18.477  2091  2091 D SystemServerTiming: StartColorDisplay took to complete: 5ms
06-11 10:12:18.477  2091  2091 I SystemServer: StartJobScheduler
06-11 10:12:18.477  2091  2091 I SystemServiceManager: Starting com.android.server.job.JobSchedulerService
06-11 10:12:18.490  2091  2091 D JobStore: Start tag: job-info
06-11 10:12:18.509  2091  2091 I JobStore: Read 48 jobs
06-11 10:12:18.523  2091  2091 D SystemServerTiming: StartJobScheduler took to complete: 45ms
06-11 10:12:18.523  2091  2091 I SystemServer: StartSoundTrigger
06-11 10:12:18.524  2091  2091 I SystemServiceManager: Starting com.android.server.soundtrigger.SoundTriggerService
06-11 10:12:18.525  2091  2091 D SystemServerTiming: StartSoundTrigger took to complete: 2ms
06-11 10:12:18.526  2091  2091 I SystemServer: StartTrustManager
06-11 10:12:18.526  2091  2091 I SystemServiceManager: Starting com.android.server.trust.TrustManagerService
06-11 10:12:18.528  2091  2091 D SystemServerTiming: StartTrustManager took to complete: 3ms
06-11 10:12:18.528  2091  2091 I SystemServer: StartBackupManager
06-11 10:12:18.528  2091  2091 I SystemServiceManager: Starting com.android.server.backup.BackupManagerService$Lifecycle
06-11 10:12:18.543  2091  2091 D SystemServerTiming: StartBackupManager took to complete: 15ms
06-11 10:12:18.543  2091  2091 I SystemServer: StartAppWidgetService
06-11 10:12:18.543  2091  2091 I SystemServiceManager: Starting com.android.server.appwidget.AppWidgetService
06-11 10:12:18.555  2091  2091 D SystemServerTiming: StartAppWidgetService took to complete: 12ms
06-11 10:12:18.555  2091  2091 I SystemServer: StartRoleManagerService
06-11 10:12:18.562  2091  2091 D SystemServerTiming: StartRoleManagerService took to complete: 7ms
06-11 10:12:18.563  2091  2091 I SystemServer: StartVoiceRecognitionManager
06-11 10:12:18.563  2091  2091 I SystemServiceManager: Starting com.android.server.voiceinteraction.VoiceInteractionManagerService
06-11 10:12:18.568  2091  2091 I RoleUserState: Read roles.xml successfully
06-11 10:12:18.598  2091  2091 D SystemServerTiming: StartVoiceRecognitionManager took to complete: 34ms
06-11 10:12:18.598  2091  2091 I SystemServer: StartGestureLauncher
06-11 10:12:18.598  2091  2091 I SystemServiceManager: Starting com.android.server.GestureLauncherService
06-11 10:12:18.599  2091  2091 D SystemServerTiming: StartGestureLauncher took to complete: 0ms
06-11 10:12:18.599  2091  2091 I SystemServer: StartSensorNotification
06-11 10:12:18.599  2091  2091 I SystemServiceManager: Starting com.android.server.SensorNotificationService
06-11 10:12:18.601  2091  2091 D SystemServerTiming: StartSensorNotification took to complete: 2ms
06-11 10:12:18.601  2091  2091 I SystemServer: StartContextHubSystemService
06-11 10:12:18.601  2091  2091 I SystemServiceManager: Starting com.android.server.ContextHubSystemService
06-11 10:12:18.603  2091  2091 D SystemServerTiming: StartContextHubSystemService took to complete: 1ms
06-11 10:12:18.603  2091  2091 I SystemServer: StartDiskStatsService
06-11 10:12:18.604  2091  2202 D SystemServerInitThreadPool: Started executing Init ContextHubSystemService
06-11 10:12:18.607  2091  2202 D SystemServerInitThreadPool: Finished executing Init ContextHubSystemService
06-11 10:12:18.608  2091  2091 D SystemServerTiming: StartDiskStatsService took to complete: 4ms
06-11 10:12:18.608  2091  2091 I SystemServer: RuntimeService
06-11 10:12:18.612  2091  2091 D SystemServerTiming: RuntimeService took to complete: 3ms
06-11 10:12:18.612  2091  2091 I SystemServer: StartNetworkTimeUpdateService
06-11 10:12:18.613  2091  2091 D SystemServer: Using networkTimeUpdater class=class com.android.server.NewNetworkTimeUpdateService
06-11 10:12:18.615  2091  2091 D SystemServerTiming: StartNetworkTimeUpdateService took to complete: 3ms
06-11 10:12:18.615  2091  2091 I SystemServer: CertBlacklister
06-11 10:12:18.617  2091  2091 D SystemServerTiming: CertBlacklister took to complete: 1ms
06-11 10:12:18.617  2091  2091 I SystemServer: StartEmergencyAffordanceService
06-11 10:12:18.617  2091  2091 I SystemServiceManager: Starting com.android.server.emergency.EmergencyAffordanceService
06-11 10:12:18.618  2091  2091 D SystemServerTiming: StartEmergencyAffordanceService took to complete: 1ms
06-11 10:12:18.618  2091  2091 I SystemServer: StartDreamManager
06-11 10:12:18.618  2091  2091 I SystemServiceManager: Starting com.android.server.dreams.DreamManagerService
06-11 10:12:18.621  2091  2091 D SystemServerTiming: StartDreamManager took to complete: 3ms
06-11 10:12:18.621  2091  2091 I SystemServer: AddGraphicsStatsService
06-11 10:12:18.625  2091  2091 D SystemServerTiming: AddGraphicsStatsService took to complete: 4ms
06-11 10:12:18.625  2091  2091 I SystemServer: StartPrintManager
06-11 10:12:18.626  2091  2091 I SystemServiceManager: Starting com.android.server.print.PrintManagerService
06-11 10:12:18.629  2091  2091 D SystemServerTiming: StartPrintManager took to complete: 3ms
06-11 10:12:18.629  2091  2091 I SystemServer: StartRestrictionManager
06-11 10:12:18.629  2091  2091 I SystemServiceManager: Starting com.android.server.restrictions.RestrictionsManagerService
06-11 10:12:18.635  2091  2091 D SystemServerTiming: StartRestrictionManager took to complete: 5ms
06-11 10:12:18.635  2091  2091 I SystemServer: StartMediaSessionService
06-11 10:12:18.635  2091  2091 I SystemServiceManager: Starting com.android.server.media.MediaSessionService
06-11 10:12:18.657  2091  2091 D SystemServerTiming: StartMediaSessionService took to complete: 22ms
06-11 10:12:18.657  2091  2091 I SystemServer: StartMediaResourceMonitor
06-11 10:12:18.657  2091  2091 I SystemServiceManager: Starting com.android.server.media.MediaResourceMonitorService
06-11 10:12:18.658  2091  2091 D SystemServerTiming: StartMediaResourceMonitor took to complete: 1ms
06-11 10:12:18.658  2091  2091 I SystemServer: StartMediaRouterService
06-11 10:12:18.659  2091  2091 D SystemServerTiming: StartMediaRouterService took to complete: 1ms
06-11 10:12:18.659  2091  2091 I SystemServer: StartFingerprintSensor
06-11 10:12:18.660  2091  2091 I SystemServiceManager: Starting com.android.server.biometrics.fingerprint.FingerprintService
06-11 10:12:18.667  2091  2091 D SystemServerTiming: StartFingerprintSensor took to complete: 7ms
06-11 10:12:18.667  2091  2091 I SystemServer: StartBiometricService
06-11 10:12:18.667  2091  2091 I SystemServiceManager: Starting com.android.server.biometrics.BiometricService
06-11 10:12:18.668  2091  2188 D SystemServerInitThreadPool: Started executing FingerprintService.onStart
06-11 10:12:18.668  2091  2188 V FingerprintService: mDaemon was null, reconnect to fingerprint
06-11 10:12:18.675  2091  2091 D SystemServerTiming: StartBiometricService took to complete: 7ms
06-11 10:12:18.675  2091  2091 I SystemServer: StartBackgroundDexOptService
06-11 10:12:18.676  2091  2188 V FingerprintService: Fingerprint HAL id: 3898716160
06-11 10:12:18.677  2091  2091 D SystemServerTiming: StartBackgroundDexOptService took to complete: 2ms
06-11 10:12:18.678  2091  2091 I SystemServer: StartDynamicCodeLoggingService
06-11 10:12:18.682  2091  2091 D SystemServerTiming: StartDynamicCodeLoggingService took to complete: 4ms
06-11 10:12:18.682  2091  2091 I SystemServer: StartPruneInstantAppsJobService
06-11 10:12:18.684  2091  2091 D SystemServerTiming: StartPruneInstantAppsJobService took to complete: 1ms
06-11 10:12:18.684  2091  2091 I SystemServer: StartShortcutServiceLifecycle
06-11 10:12:18.684  2091  2091 I SystemServiceManager: Starting com.android.server.pm.ShortcutService$Lifecycle
06-11 10:12:18.689  2091  2091 D SystemServerTiming: StartShortcutServiceLifecycle took to complete: 5ms
06-11 10:12:18.689  2091  2188 V FingerprintService: Enumerating user(0)
06-11 10:12:18.689  2091  2091 I SystemServer: StartLauncherAppsService
06-11 10:12:18.690  2091  2091 I SystemServiceManager: Starting com.android.server.pm.LauncherAppsService
06-11 10:12:18.692  2091  2188 D SystemServerInitThreadPool: Finished executing FingerprintService.onStart
06-11 10:12:18.692  2091  2091 D SystemServerTiming: StartLauncherAppsService took to complete: 3ms
06-11 10:12:18.693  2091  2091 I SystemServer: StartCrossProfileAppsService
06-11 10:12:18.693  2091  2091 I SystemServiceManager: Starting com.android.server.pm.CrossProfileAppsService
06-11 10:12:18.694  2091  2091 D SystemServerTiming: StartCrossProfileAppsService took to complete: 2ms
06-11 10:12:18.694  2091  2091 I SystemServer: StartMediaProjectionManager
06-11 10:12:18.694  2091  2091 I SystemServiceManager: Starting com.android.server.media.projection.MediaProjectionManagerService
06-11 10:12:18.701  2091  2091 D SystemServerTiming: StartMediaProjectionManager took to complete: 7ms
06-11 10:12:18.701  2091  2091 I SystemServer: StartSliceManagerService
06-11 10:12:18.701  2091  2091 I SystemServiceManager: Starting com.android.server.slice.SliceManagerService$Lifecycle
06-11 10:12:18.707  2091  2091 D SystemServerTiming: StartSliceManagerService took to complete: 6ms
06-11 10:12:18.707  2091  2091 I SystemServer: StartCameraServiceProxy
06-11 10:12:18.709  2091  2091 I SystemServiceManager: Starting com.android.server.camera.CameraServiceProxy
06-11 10:12:18.713  2091  2091 D SystemServerTiming: StartCameraServiceProxy took to complete: 5ms
06-11 10:12:18.714  2091  2091 I SystemServer: StartStatsCompanionService
06-11 10:12:18.714  2091  2091 I SystemServiceManager: Starting com.android.server.stats.StatsCompanionService$Lifecycle
06-11 10:12:18.718  2091  2091 I StatsCompanionService: register thermal listener successfully
06-11 10:12:18.730  2091  2091 E KernelCpuThreadReader: Failed to initialize KernelCpuThreadReader
06-11 10:12:18.730  2091  2091 E KernelCpuThreadReader: java.nio.file.NoSuchFileException: /proc/self/time_in_state
06-11 10:12:18.730  2091  2091 E KernelCpuThreadReader: 	at sun.nio.fs.UnixFileSystemProvider.newByteChannel(UnixFileSystemProvider.java:214)
06-11 10:12:18.730  2091  2091 E KernelCpuThreadReader: 	at java.nio.file.Files.newByteChannel(Files.java:361)
06-11 10:12:18.730  2091  2091 E KernelCpuThreadReader: 	at java.nio.file.Files.newByteChannel(Files.java:407)
06-11 10:12:18.730  2091  2091 E KernelCpuThreadReader: 	at java.nio.file.Files.readAllBytes(Files.java:3152)
06-11 10:12:18.730  2091  2091 E KernelCpuThreadReader: 	at com.android.internal.os.ProcTimeInStateReader.initializeTimeInStateFormat(ProcTimeInStateReader.java:163)
06-11 10:12:18.730  2091  2091 E KernelCpuThreadReader: 	at com.android.internal.os.ProcTimeInStateReader.<init>(ProcTimeInStateReader.java:110)
06-11 10:12:18.730  2091  2091 E KernelCpuThreadReader: 	at com.android.internal.os.KernelCpuThreadReader.<init>(KernelCpuThreadReader.java:137)
06-11 10:12:18.730  2091  2091 E KernelCpuThreadReader: 	at com.android.internal.os.KernelCpuThreadReader.create(KernelCpuThreadReader.java:150)
06-11 10:12:18.730  2091  2091 E KernelCpuThreadReader: 	at com.android.internal.os.KernelCpuThreadReaderSettingsObserver.<init>(KernelCpuThreadReaderSettingsObserver.java:94)
06-11 10:12:18.730  2091  2091 E KernelCpuThreadReader: 	at com.android.internal.os.KernelCpuThreadReaderSettingsObserver.getSettingsModifiedReader(KernelCpuThreadReaderSettingsObserver.java:79)
06-11 10:12:18.730  2091  2091 E KernelCpuThreadReader: 	at com.android.server.stats.StatsCompanionService.<init>(StatsCompanionService.java:377)
06-11 10:12:18.730  2091  2091 E KernelCpuThreadReader: 	at com.android.server.stats.StatsCompanionService$Lifecycle.onStart(StatsCompanionService.java:2539)
06-11 10:12:18.730  2091  2091 E KernelCpuThreadReader: 	at com.android.server.SystemServiceManager.startService(SystemServiceManager.java:129)
06-11 10:12:18.730  2091  2091 E KernelCpuThreadReader: 	at com.android.server.SystemServiceManager.startService(SystemServiceManager.java:116)
06-11 10:12:18.730  2091  2091 E KernelCpuThreadReader: 	at com.android.server.SystemServer.startOtherServices(SystemServer.java:1879)
06-11 10:12:18.730  2091  2091 E KernelCpuThreadReader: 	at com.android.server.SystemServer.run(SystemServer.java:512)
06-11 10:12:18.730  2091  2091 E KernelCpuThreadReader: 	at com.android.server.SystemServer.main(SystemServer.java:349)
06-11 10:12:18.730  2091  2091 E KernelCpuThreadReader: 	at java.lang.reflect.Method.invoke(Native Method)
06-11 10:12:18.730  2091  2091 E KernelCpuThreadReader: 	at com.android.internal.os.RuntimeInit$MethodAndArgsCaller.run(RuntimeInit.java:492)
06-11 10:12:18.730  2091  2091 E KernelCpuThreadReader: 	at com.android.internal.os.ZygoteInit.main(ZygoteInit.java:908)
06-11 10:12:18.731  2091  2091 D SystemServerTiming: StartStatsCompanionService took to complete: 18ms
06-11 10:12:18.732  2091  2091 I SystemServer: StartIncidentCompanionService
06-11 10:12:18.732  2091  2091 I SystemServiceManager: Starting com.android.server.incident.IncidentCompanionService
06-11 10:12:18.736  2091  2091 D SystemServerTiming: StartIncidentCompanionService took to complete: 3ms
06-11 10:12:18.736  2091  2091 I SystemServer: StartMmsService
06-11 10:12:18.736  2091  2091 I SystemServiceManager: Starting com.android.server.MmsServiceBroker
06-11 10:12:18.738  2091  2091 D SystemServerTiming: StartMmsService took to complete: 1ms
06-11 10:12:18.738  2091  2091 I SystemServer: StartAutoFillService
06-11 10:12:18.739  2091  2091 I SystemServiceManager: Starting com.android.server.autofill.AutofillManagerService
06-11 10:12:18.744  2091  2091 D AutofillManagerService: setLogLevelFromSettings(): level=2, debug=true, verbose=false
06-11 10:12:18.747  2091  2091 D AutofillManagerService: setMaxPartitionsFromSettings(): 10
06-11 10:12:18.748  2091  2091 D AutofillManagerService: setMaxVisibleDatasetsFromSettings(): 0
06-11 10:12:18.749  2091  2125 D AutofillUI: destroySaveUiUiThread(): already destroyed
06-11 10:12:18.749  2091  2091 E AutofillManagerServiceImpl: Bad service name: com.google.android.gms/.autofill.service.AutofillService
06-11 10:12:18.750  2091  2091 D AutofillManagerServiceImpl: Reset component for user 0:com.google.android.gms/.autofill.service.AutofillService
06-11 10:12:18.751  2091  2091 D SystemServerTiming: StartAutoFillService took to complete: 13ms
06-11 10:12:18.751  2091  2091 I SystemServer: StartClipboardService
06-11 10:12:18.752  2091  2091 I SystemServiceManager: Starting com.android.server.clipboard.ClipboardService
06-11 10:12:18.757  2091  2091 D SystemServerTiming: StartClipboardService took to complete: 4ms
06-11 10:12:18.757  2091  2091 I SystemServer: AppServiceManager
06-11 10:12:18.757  2091  2091 I SystemServiceManager: Starting com.android.server.appbinding.AppBindingService$Lifecycle
06-11 10:12:18.759  2091  2091 D SystemServerTiming: AppServiceManager took to complete: 1ms
06-11 10:12:18.759  2091  2091 I SystemServer: MakeVibratorServiceReady
06-11 10:12:18.761  2091  2091 D SystemServerTiming: MakeVibratorServiceReady took to complete: 2ms
06-11 10:12:18.761  2091  2091 I SystemServer: MakeLockSettingsServiceReady
06-11 10:12:18.799  2091  2091 I SyntheticPasswordManager: Device does not support weaver
06-11 10:12:18.803  2091  2091 I LockSettingsService: Device doesn't implement AuthSecret HAL
06-11 10:12:18.808  2091  2091 E LockSettingsStorage: Cannot read file java.io.FileNotFoundException: /data/system/gatekeeper.password.key: open failed: ENOENT (No such file or directory)
06-11 10:12:18.808  2091  2091 E LockSettingsStorage: Cannot read file java.io.FileNotFoundException: /data/system/password.key: open failed: ENOENT (No such file or directory)
06-11 10:12:18.809  2091  2091 E LockSettingsStorage: Cannot read file java.io.FileNotFoundException: /data/system/gatekeeper.pattern.key: open failed: ENOENT (No such file or directory)
06-11 10:12:18.809  2091  2091 E LockSettingsStorage: Cannot read file java.io.FileNotFoundException: /data/system/gatekeeper.gesture.key: open failed: ENOENT (No such file or directory)
06-11 10:12:18.810  2091  2091 E LockSettingsStorage: Cannot read file java.io.FileNotFoundException: /data/system/gesture.key: open failed: ENOENT (No such file or directory)
06-11 10:12:18.811  2091  2091 D SystemServerTiming: MakeLockSettingsServiceReady took to complete: 49ms
06-11 10:12:18.811  2091  2091 I SystemServer: StartBootPhaseLockSettingsReady
06-11 10:12:18.811  2091  2091 I SystemServiceManager: Starting phase 480
06-11 10:12:18.823  2091  2091 I DevicePolicyManager: Set ro.device_owner property to false
06-11 10:12:18.828  2091  2193 D SystemServerInitThreadPool: Started executing DevicePolicyManager
06-11 10:12:18.830  2091  2193 D SystemServerInitThreadPool: Finished executing DevicePolicyManager
06-11 10:12:18.836  2091  2091 D SystemServerTiming: StartBootPhaseLockSettingsReady took to complete: 24ms
06-11 10:12:18.836  2091  2091 I SystemServer: StartBootPhaseSystemServicesReady
06-11 10:12:18.836  2091  2091 I SystemServiceManager: Starting phase 500
06-11 10:12:18.838  2091  2091 D AppStandbyController: Setting app idle enabled state
06-11 10:12:18.851  2091  2091 D TestHarnessModeService: Setting up test harness mode
06-11 10:12:18.852  2091  2091 D TestHarnessModeService: Getting PersistentDataBlockManagerInternal from LocalServices
06-11 10:12:18.852  2091  2091 E TestHarnessModeService: Failed to start Test Harness Mode; no implementation of PersistentDataBlockManagerInternal was bound!
06-11 10:12:18.859  2091  2091 I WifiService: WifiService starting up with Wi-Fi enabled
06-11 10:12:18.943  2091  2091 W SoundTriggerHelper: listModules status=0, # of modules=0
06-11 10:12:18.953  2091  2091 D SystemServerTiming: StartBootPhaseSystemServicesReady took to complete: 118ms
06-11 10:12:18.953  2091  2091 I SystemServer: MakeWindowManagerServiceReady
06-11 10:12:18.969  2091  2091 D SystemServerTiming: MakeWindowManagerServiceReady took to complete: 16ms
06-11 10:12:18.973  2091  2091 I SystemServer: MakePowerManagerServiceReady
06-11 10:12:18.979  2091  2091 E DisplayPowerController: failed to set up display white-balance: java.lang.IllegalStateException: cannot find sensor com.google.sensor.color
06-11 10:12:18.996  2091  2091 D SystemServerTiming: MakePowerManagerServiceReady took to complete: 23ms
06-11 10:12:18.996  2091  2091 I SystemServer: MakePackageManagerServiceReady
06-11 10:12:18.999  2091  2091 I PackageManager: Un-granting permission android.permission.MANAGE_DOCUMENTS from package com.google.android.youtube (protectionLevel=262146 flags=0x30dbbe45)
06-11 10:12:19.005  2091  2091 I PackageManager: Un-granting permission com.google.android.googleapps.permission.GOOGLE_AUTH from package com.android.providers.calendar (protectionLevel=2 flags=0x30883e45)
06-11 10:12:19.005  2091  2091 I PackageManager: Un-granting permission com.google.android.googleapps.permission.GOOGLE_AUTH.cl from package com.android.providers.calendar (protectionLevel=2 flags=0x30883e45)
06-11 10:12:19.007  2091  2091 I PackageManager: Un-granting permission android.permission.WRITE_SECURE_SETTINGS from package com.google.android.apps.enterprise.dmagent (protectionLevel=50 flags=0x30083e05)
06-11 10:12:19.007  2091  2091 I PackageManager: Un-granting permission android.permission.CONNECTIVITY_INTERNAL from package com.google.android.apps.enterprise.dmagent (protectionLevel=18 flags=0x30083e05)
06-11 10:12:19.007  2091  2091 I PackageManager: Un-granting permission android.permission.MANAGE_USB from package com.google.android.apps.enterprise.dmagent (protectionLevel=18 flags=0x30083e05)
06-11 10:12:19.007  2091  2091 I PackageManager: Un-granting permission android.permission.CHANGE_COMPONENT_ENABLED_STATE from package com.google.android.apps.enterprise.dmagent (protectionLevel=18 flags=0x30083e05)
06-11 10:12:19.007  2091  2091 I PackageManager: Un-granting permission android.permission.MANAGE_CA_CERTIFICATES from package com.google.android.apps.enterprise.dmagent (protectionLevel=18 flags=0x30083e05)
06-11 10:12:19.008  2091  2091 I PackageManager: Un-granting permission android.permission.MANAGE_USERS from package com.google.android.apps.enterprise.dmagent (protectionLevel=18 flags=0x30083e05)
06-11 10:12:19.009  2091  2091 I PackageManager: Un-granting permission com.google.android.setupwizard.READ_DEVICE_ORIGIN from package com.google.android.apps.messaging (protectionLevel=18 flags=0x38cbbe45)
06-11 10:12:19.015  2091  2091 I PackageManager: Un-granting permission android.permission.BIND_WALLPAPER from package com.android.camera2 (protectionLevel=18 flags=0x20d8bc45)
06-11 10:12:19.015  2091  2138 E KernelCpuUidFreqTimeReader: Failed to read /proc/uid_time_in_state: java.nio.file.NoSuchFileException: /proc/uid_time_in_state
06-11 10:12:19.019  2091  2138 W KernelCpuProcStringReader: File not found. It's normal if not implemented: /proc/uid_time_in_state
06-11 10:12:19.020  2091  2138 W KernelCpuProcStringReader: File not found. It's normal if not implemented: /proc/uid_concurrent_active_time
06-11 10:12:19.022  2091  2091 I PackageManager: Un-granting permission android.permission.REQUEST_INSTALL_PACKAGES from package com.google.android.gm (protectionLevel=66 flags=0x38cbbe45)
06-11 10:12:19.023  2091  2138 W KernelCpuProcStringReader: File not found. It's normal if not implemented: /proc/uid_concurrent_policy_time
06-11 10:12:19.026  2091  2091 I PackageManager: Un-granting permission android.permission.BIND_JOB_SERVICE from package com.google.android.music (protectionLevel=2 flags=0x38cbbe65)
06-11 10:12:19.027  2091  2091 I PackageManager: Un-granting permission android.permission.CONNECTIVITY_USE_RESTRICTED_NETWORKS from package com.google.android.captiveportallogin (protectionLevel=18 flags=0x38c8be45)
06-11 10:12:19.027  2091  2091 I PackageManager: Un-granting permission android.permission.NETWORK_BYPASS_PRIVATE_DNS from package com.google.android.captiveportallogin (protectionLevel=2 flags=0x38c8be45)
06-11 10:12:19.028  2091  2091 I PackageManager: Un-granting permission android.permission.REQUEST_INSTALL_PACKAGES from package com.google.android.apps.docs (protectionLevel=66 flags=0x38cbbe45)
06-11 10:12:19.029  2091  2091 I PackageManager: Un-granting permission android.permission.INTERACT_ACROSS_USERS from package com.google.android.syncadapters.contacts (protectionLevel=50 flags=0x20883e45)
06-11 10:12:19.032  2091  2091 I PackageManager: Un-granting permission android.permission.REQUEST_INSTALL_PACKAGES from package com.android.chrome (protectionLevel=66 flags=0xa0cbbe45)
06-11 10:12:19.033  2091  2091 I PackageManager: Un-granting permission com.google.android.apps.now.CURRENT_ACCOUNT_ACCESS from package com.android.chrome (protectionLevel=2 flags=0xa0cbbe45)
06-11 10:12:19.034  2091  2091 I PackageManager: Un-granting permission android.permission.CAPTURE_VIDEO_OUTPUT from package com.google.android.gms (protectionLevel=2 flags=0xb0cabe45)
06-11 10:12:19.035  2091  2091 I PackageManager: Un-granting permission android.permission.MANAGE_DEVICE_ADMINS from package com.google.android.gms (protectionLevel=2 flags=0xb0cabe45)
06-11 10:12:19.038  2091  2091 I PackageManager: Un-granting permission android.permission.MANAGE_ACTIVITY_STACKS from package com.google.android.gms (protectionLevel=2 flags=0xb0cabe45)
06-11 10:12:19.042  2091  2091 I PackageManager: Un-granting permission android.permission.CAPTURE_SECURE_VIDEO_OUTPUT from package com.google.android.gms (protectionLevel=2 flags=0xb0cabe45)
06-11 10:12:19.046  2091  2091 I PackageManager: Un-granting permission com.google.android.googleapps.permission.GOOGLE_AUTH from package com.google.android.videos (protectionLevel=2 flags=0x30dbbe45)
06-11 10:12:19.047  2091  2091 I PackageManager: Un-granting permission android.permission.WRITE_MEDIA_STORAGE from package com.google.android.apps.photos (protectionLevel=18 flags=0x38d9be45)
06-11 10:12:19.072  2091  2141 W KeyguardServiceDelegate: onScreenTurningOn(): no keyguard service!
06-11 10:12:19.073  2091  2141 V DisplayPowerController: Brightness [102] reason changing to: 'override', previous reason: '0'.
06-11 10:12:19.085  2091  2091 V UserDataPreparer: Found /data/user_de/0 with serial number 0
06-11 10:12:19.085  2091  2091 V UserDataPreparer: Found /data/user/0 with serial number 0
06-11 10:12:19.085  2091  2091 V UserDataPreparer: Found /data/system_de/0 with serial number 0
06-11 10:12:19.085  2091  2091 V UserDataPreparer: Found /data/system_ce/0 with serial number 0
06-11 10:12:19.088  2091  2091 V UserDataPreparer: Found /data/misc_ce/0 with serial number -1
06-11 10:12:19.088  2091  2091 D UserDataPreparer: Serial number missing on /data/misc_ce/0; assuming current is valid
06-11 10:12:19.105  2091  2091 D SystemServerTiming: MakePackageManagerServiceReady took to complete: 108ms
06-11 10:12:19.105  2091  2091 I SystemServer: MakeDisplayManagerServiceReady
06-11 10:12:19.106  2091  2091 D SystemServerTiming: MakeDisplayManagerServiceReady took to complete: 1ms
06-11 10:12:19.112  2091  2091 I SystemServer: StartDeviceSpecificServices
06-11 10:12:19.112  2091  2091 D SystemServerTiming: StartDeviceSpecificServices took to complete: 0ms
06-11 10:12:19.112  2091  2091 I SystemServer: StartBootPhaseDeviceSpecificServicesReady
06-11 10:12:19.113  2091  2091 I SystemServiceManager: Starting phase 520
06-11 10:12:19.123  2091  2091 D SystemServerTiming: StartBootPhaseDeviceSpecificServicesReady took to complete: 10ms
06-11 10:12:19.123  2091  2091 I SystemServer: StartPermissionPolicyService
06-11 10:12:19.124  2091  2091 I SystemServiceManager: Starting com.android.server.policy.PermissionPolicyService
06-11 10:12:19.133  2091  2091 D SystemServerTiming: StartPermissionPolicyService took to complete: 9ms
06-11 10:12:19.138  2091  2091 W UsageStatsService: Event reported without a package name, eventType:15
06-11 10:12:19.144  2091  2091 I AppOps  : Pruning old package system/com.android.server.appop.AppOpsService$UidState@181028c: new uid=-1
06-11 10:12:19.147  2091  2091 I ActivityManager: System now ready
06-11 10:12:19.190  2091  2091 I SystemServer: Making services ready
06-11 10:12:19.191  2091  2091 I SystemServer: StartActivityManagerReadyPhase
06-11 10:12:19.191  2091  2091 I SystemServiceManager: Starting phase 550
06-11 10:12:19.220  2091  2091 W ActivityManager: Too early to start/bind service in system_server: Phase=550 ComponentInfo{com.android.server.telecom/com.android.server.telecom.components.TelecomService}
06-11 10:12:19.220  1799  1799 I android.hardware.wifi@1.0-service: Wifi HAL started
06-11 10:12:19.221  2091  2091 W ActivityManager: Too early to start/bind service in system_server: Phase=550 ComponentInfo{com.android.server.telecom/com.android.server.telecom.components.TelecomService}
06-11 10:12:19.267  1799  1799 I android.hardware.wifi@1.0-service: Adding interface handle for wlan0
06-11 10:12:19.268  1799  1799 W android.hardware.wifi@1.0-service: No active wlan interfaces in use! Using default
06-11 10:12:19.268  1799  1799 E android.hardware.wifi@1.0-service: Failed to register radio mode change callback
06-11 10:12:19.268  1799  1799 W android.hardware.wifi@1.0-service: No active wlan interfaces in use! Using default
06-11 10:12:19.332  1799  1799 I android.hardware.wifi@1.0-service: Configured chip in mode 0
06-11 10:12:19.332  1799  1799 W android.hardware.wifi@1.0-service: No active wlan interfaces in use! Using default
06-11 10:12:19.340  1799  1799 E android.hardware.wifi@1.0-service: Failed to set DFS flag; DFS channels may be unavailable.
06-11 10:12:19.362  2091  2091 W SyncManager: Failure adding authority: auth=com.google.android.location.reporting enabled=false syncable=-1
06-11 10:12:19.363  2091  2091 I SyncManager: No initial status
06-11 10:12:19.364  2091  2091 I SyncManager: No initial statistics
06-11 10:12:19.392  2091  2091 W SystemServiceManager: Service com.android.server.content.ContentService$Lifecycle took 171 ms in onBootPhase
06-11 10:12:19.425  1853  1853 I wificond: create scanner for interface with index: 3
06-11 10:12:19.425  1853  1853 I wificond: subscribe scan result for interface with index: 3
06-11 10:12:19.428  1853  1853 E wificond: No Offload Service available
06-11 10:12:19.428  1853  1853 I wificond: Offload HAL not supported 
06-11 10:12:19.478  2091  2091 W SystemServiceManager: Service com.android.server.inputmethod.InputMethodManagerService$Lifecycle took 78 ms in onBootPhase
06-11 10:12:19.484  2091  2213 D StorageManagerService: Isolated storage local flag 0 and remote flag 0 resolved to true
06-11 10:12:19.486  2091  2091 I WallpaperManagerService: No static wallpaper imagery; defaults will be shown
06-11 10:12:19.489  2091  2091 V WallpaperManagerService: bindWallpaperComponentLocked: componentName=ComponentInfo{com.android.systemui/com.android.systemui.ImageWallpaper}
06-11 10:12:19.524  2091  2091 W WallpaperManagerService: Invalid wallpaper data
06-11 10:12:19.524  2091  2091 E WallpaperManagerService: Unable to apply new wallpaper
06-11 10:12:19.529  2091  2134 I ActivityManager: Start proc 2259:com.android.systemui/u0a107 for service {com.android.systemui/com.android.systemui.ImageWallpaper}
06-11 10:12:19.536  2091  2091 I AppBindingService: Updating constants with: null
06-11 10:12:19.594  1684  1684 D vold    : Remounting 10134 as mode write
06-11 10:12:19.598  2091  2091 W SystemServiceManager: Service com.android.server.policy.PermissionPolicyService took 61 ms in onBootPhase
06-11 10:12:19.598  2091  2091 D SystemServerTiming: StartActivityManagerReadyPhase took to complete: 407ms
06-11 10:12:19.598  2091  2091 I SystemServer: StartObservingNativeCrashes
06-11 10:12:19.605  2091  2091 D SystemServerTiming: StartObservingNativeCrashes took to complete: 7ms
06-11 10:12:19.605  2091  2091 I SystemServer: StartSystemUI
06-11 10:12:19.612  2091  2131 D SystemServerInitThreadPool: Started executing WebViewFactoryPreparation
06-11 10:12:19.612  2091  2131 I SystemServer: WebViewFactoryPreparation
06-11 10:12:19.613  2091  2091 D SystemServerTiming: StartSystemUI took to complete: 8ms
06-11 10:12:19.616  2091  2091 I SystemServer: MakeNetworkManagementServiceReady
06-11 10:12:19.629  2091  2091 D SystemServerTiming: MakeNetworkManagementServiceReady took to complete: 12ms
06-11 10:12:19.629  2091  2091 I SystemServer: MakeIpSecServiceReady
06-11 10:12:19.634  2091  2091 D IpSecService: IpSecService is ready
06-11 10:12:19.634  2091  2091 D SystemServerTiming: MakeIpSecServiceReady took to complete: 5ms
06-11 10:12:19.634  2091  2091 I SystemServer: MakeNetworkStatsServiceReady
06-11 10:12:19.639  2091  2138 E BatteryExternalStatsWorker: no controller energy info supplied for telephony
06-11 10:12:19.679  2091  2215 W ActivityManager: Slow operation: 54ms so far, now at attachApplicationLocked: after mServices.attachApplicationLocked
