06-11 10:12:34.947  3540  3724 I Bugle   : bugle_enable_primes_latency_metrics: true
06-11 10:12:34.947  3540  3724 I Bugle   : bugle_enable_primes_memory_metrics: true
06-11 10:12:34.947  3540  3724 I Bugle   : bugle_enable_primes_network_metrics: true
06-11 10:12:34.947  3540  3724 I Bugle   : bugle_enable_primes_package_metrics: true
06-11 10:12:34.947  3540  3724 I Bugle   : bugle_max_telemetry_upload_retries: 10
06-11 10:12:34.947  3540  3724 I Bugle   : bugle_sticker_set_list_version: 3
06-11 10:12:34.950  3393  3500 W d.process.acor: Long monitor contention with owner Worker-1 (3492) at long android.database.sqlite.SQLiteConnection.nativeOpen(java.lang.String, int, java.lang.String, boolean, boolean, int, int)(SQLiteConnection.java:-2) waiters=0 in android.database.sqlite.SQLiteDatabase android.database.sqlite.SQLiteOpenHelper.getReadableDatabase() for 648ms
06-11 10:12:34.954  2898  3608 I Dialer  : VoicemailNotificationJobService.scheduleJob - job canceled
06-11 10:12:34.960  2898  2898 I Dialer  : VisualVoicemailUpdateTask.scheduleTask - update successful
06-11 10:12:34.964  1751  1751 V apexd   : Found bundled key in package /system/apex/com.android.apex.cts.shim.apex
06-11 10:12:34.964  1751  1751 E apexd   : Can't open /product/apex for reading : No such file or directory
06-11 10:12:34.972  1776  2466 I netd    : bandwidthSetGlobalAlert(2097152) <0.14ms>
06-11 10:12:34.984  1776  2466 I netd    : bandwidthRemoveInterfaceQuota("radio0") <3.25ms>
06-11 10:12:34.994  1776  2466 I netd    : bandwidthSetInterfaceQuota("radio0", 9223372036854775807) <3.75ms>
06-11 10:12:34.995  3702  3702 I ndroid.keychai: The ClassLoaderContext is a special shared library.
06-11 10:12:34.997  2091  2508 D ConnectivityService: requestNetwork for uid/pid:10102/3540 NetworkRequest [ TRACK_DEFAULT id=16, [ Capabilities: INTERNET&NOT_RESTRICTED&TRUSTED Uid: 10102] ]
06-11 10:12:35.000  2091  2221 D UntrustedWifiNetworkFactory: got request NetworkRequest [ TRACK_DEFAULT id=16, [ Capabilities: INTERNET&NOT_RESTRICTED&TRUSTED Uid: 10102] ] with score 60 and serial -1
06-11 10:12:35.000  2091  2221 D WifiNetworkFactory: got request NetworkRequest [ TRACK_DEFAULT id=16, [ Capabilities: INTERNET&NOT_RESTRICTED&TRUSTED Uid: 10102] ] with score 60 and serial -1
06-11 10:12:35.000  2091  2638 E memtrack: Couldn't load memtrack module
06-11 10:12:35.000  2091  2638 W android.os.Debug: failed to get memory consumption info: -1
06-11 10:12:35.001  2401  2401 D PhoneSwitcherNetworkRequstListener: got request NetworkRequest [ TRACK_DEFAULT id=16, [ Capabilities: INTERNET&NOT_RESTRICTED&TRUSTED Uid: 10102] ] with score 60 and serial -1
06-11 10:12:35.010  1776  2466 I netd    : bandwidthSetGlobalAlert(2097152) <0.13ms>
06-11 10:12:35.046  3540  3540 I CarrierServices: [2] cum.e: Carrier Services GServices flags:
06-11 10:12:35.046  3540  3540 I CarrierServices:    carrier_services_apk_flags_enable_debug_info: true
06-11 10:12:35.046  3540  3540 I CarrierServices:    carrier_services_enable_realtime_exceptional_logging: true
06-11 10:12:35.046  3540  3540 I CarrierServices:    carrier_services_log_level: VERBOSE
06-11 10:12:35.046  3540  3540 I CarrierServices:    carrier_services_save_all_logs: true
06-11 10:12:35.046  3540  3540 I CarrierServices:    carrier_services_security_flags_ec_api_white_listed_packages: com.google.android.apps.messaging,com.google.android.dialer,com.google.android.ims.client.sampleapp,com.android.contacts,com.lge.rcscall,com.android.incallui,com.huawei.incallui.appfeature.rcsfeature
06-11 10:12:35.046  3540  3540 I CarrierServices:    carrier_services_security_flags_ec_api_white_listed_signatures: B28C3EDB665DF32686224DF800F603E9959BBE4E,0980A12BE993528C19107BC21AD811478C63CEFC,B38FA7B5ECFAEC44620A020752B07E063B3120A8,203997BC46B8792DC9747ABD230569071F9A0439,EDA6413C3E3A95492114FE07CD953AD897E40D1A,760EBB9F4200B3DFB1B817B40FF0563A3C150D39,5B368CFF2DA2686996BC95EAC190EAA4F5630FE5,01D845B26B688D8EF647205A5944E9407E52E06E,27196E386B875E76ADF700E7EA84E4C6EEE33DFA,1CDD04F1E4A732BB0352FDFAEE26D2315526DF85,025D5212BF3B5F5CDA6117A518721D70A94D84E0
06-11 10:12:35.046  3540  3540 I CarrierServices:    carrier_services_security_flags_test_service_white_listed_packages: com.google.android.ims.mobly.snippets
06-11 10:12:35.046  3540  3540 I CarrierServices:    carrier_services_security_flags_test_service_white_listed_signatures: AE41481F52E0F58DF2806D5A38EB3DBCA5AE02B0,E165542B31953CC282AA4EF2F4D5F07F7663A2A2
06-11 10:12:35.046  3540  3540 I CarrierServices:    carrier_services_security_flags_white_listed_packages: com.google.android.apps.messaging,com.google.android.dialer,com.google.android.ims.client.sampleapp,com.android.contacts,com.lge.rcscall,com.android.incallui,com.huawei.incallui.appfeature.rcsfeature
06-11 10:12:35.046  3540  3540 I CarrierServices:    carrier_services_security_flags_white_listed_signatures: B28C3EDB665DF32686224DF800F603E9959BBE4E,0980A12BE993528C19107BC21AD811478C63CEFC,B38FA7B5ECFAEC44620A020752B07E063B3120A8,203997BC46B8792DC9747ABD230569071F9A0439,EDA6413C3E3A95492114FE07CD953AD897E40D1A,760EBB9F4200B3DFB1B817B40FF0563A3C150D39,5B368CFF2DA2686996BC95EAC190EAA4F5630FE5,01D845B26B688D8EF647205A5944E9407E52E06E,27196E386B875E76ADF700E7EA84E4C6EEE33DFA,1CDD04F1E4A732BB0352FDFAEE26D2315526DF85,025D5212BF3B5F5CDA6117A518721D70A94D84E0
06-11 10:12:35.046  3540  3540 I CarrierServices:    carrier_services_video_share_disabled_user_agent_substrings: SM-G930,SM-G935,SM-A320
06-11 10:12:35.046  3540  3540 I CarrierServices:    carrier_services_voip_flags_is_request_call_feedback_allowed: true
06-11 10:12:35.046  3540  3540 I CarrierServices: ====================
06-11 10:12:35.049  3540  3733 I CarrierServices: [165] but.d: Connected state: [1], networkType: [WIFI]
06-11 10:12:35.061  2091  2091 I Telecom : DefaultDialerCache: Refreshing default dialer for user 0: now com.android.dialer: CM.CCCR->CM.UECNT@AD8
06-11 10:12:35.058  3540  3733 I CarrierServices: [165] but.d: Connected state: [1], networkType: [WIFI]
06-11 10:12:35.068  2961  2978 I chatty  : uid=10101(com.google.android.gms) expire 8 lines
06-11 10:12:35.071  2091  2091 I Telecom : MissedCallNotifierImpl: reloadAfterBootComplete: user=0: CM.CCCR->CM.UECNT@AD8
06-11 10:12:35.093  3308  3699 I BugleRcs: RCS is disabled via P/H
06-11 10:12:35.097  3308  3630 I BugleRcs: RcsAvailability: config server url unavailable - Carrier is not RCS enabled
06-11 10:12:35.097  3308  3630 I BugleRcs: RcsAvailability: updated: RCS is disabled for this carrier by Google
06-11 10:12:35.130  2401  2401 D CarrierConfigLoader: mHandler: 13 phoneId: 0
06-11 10:12:35.130  2401  2401 D CarrierConfigLoader: mHandler: 7 phoneId: 0
06-11 10:12:35.134  2401  2401 D CarrierConfigLoader: Loaded config from XML. package=com.android.carrierconfig phoneId=0
06-11 10:12:35.138  2091  3072 D BackupTransportManager: Transport com.android.localtransport/.LocalTransportService registered
06-11 10:12:35.138  2091  3072 D BackupManagerService: Transport com.android.localtransport/.LocalTransport registered 3727ms after first request (delay = 3000ms)
06-11 10:12:35.147  2401  2401 D CarrierConfigLoader: mHandler: 5 phoneId: 0
06-11 10:12:35.194  2469  2522 D EGL_emulation: eglMakeCurrent: 0xdd01a1e0: ver 3 1 (tinfo 0xdd00f730)
06-11 10:12:35.196  3174  3433 W SearchServiceCore: Abort, client detached.
06-11 10:12:35.196  3174  3433 W SearchServiceCore: Abort, client detached.
06-11 10:12:35.204  1777  1777 D Zygote  : Forked child process 3751
06-11 10:12:35.212  2091  2134 W ActivityManager: Slow operation: 63ms so far, now at startProcess: returned from zygote!
06-11 10:12:35.227  2586  2586 W InputMethodEntryManager: getEnabledMultilingualSecondaryLanguages is called before initialized
06-11 10:12:35.250  2401  2401 D CarrierConfigLoader: mHandler: 16 phoneId: 0
06-11 10:12:35.254  2091  2134 W ActivityManager: Slow operation: 104ms so far, now at startProcess: done updating battery stats
06-11 10:12:35.254  2091  2134 W ActivityManager: Slow operation: 104ms so far, now at startProcess: building log message
06-11 10:12:35.254  2091  2134 I ActivityManager: Start proc 3751:com.android.contacts/u0a108 for broadcast {com.android.contacts/com.android.contacts.interactions.OnBootOrUpgradeReceiver}
06-11 10:12:35.254  2091  2134 W ActivityManager: Slow operation: 105ms so far, now at startProcess: starting to update pids map
06-11 10:12:35.254  2091  2134 W ActivityManager: Slow operation: 105ms so far, now at startProcess: done updating pids map
06-11 10:12:35.261  3751  3751 W ndroid.contact: Unexpected CPU variant for X86 using defaults: x86
06-11 10:12:35.288  3308  3308 I BugleRcs: RcsAvailability: Broadcast disable RCS for RCS is disabled for this carrier by Google
06-11 10:12:35.297  3174  3433 W SearchServiceCore: Abort, client detached.
06-11 10:12:35.297  3174  3433 W SearchServiceCore: Abort, client detached.
06-11 10:12:35.304  2401  2401 D CarrierConfigLoader: Broadcast CARRIER_CONFIG_CHANGED for phone 0
06-11 10:12:35.320  2401  2401 D CarrierKeyDownloadManager: Carrier Config changed: android.telephony.action.CARRIER_CONFIG_CHANGED
06-11 10:12:35.378  2401  2426 I CarrierInfoManager: using values for mnc, mcc: 260,310
06-11 10:12:35.379  2401  2426 D CarrierInfoManager: No rows found for keyType: 2
06-11 10:12:35.385  2401  2401 D CarrierKeyDownloadManager: Carrier not enabled or invalid values
06-11 10:12:35.385  2401  2401 D CarrierKeyDownloadManager: Cleaning up existing renewal alarms
06-11 10:12:35.387  2091  2124 E GnssLocationProvider: android_location_GnssLocationProvider_set_agps_server: AGPS interface not supported
06-11 10:12:35.406  3174  3174 I BgTaskExecutorImpl: Starting PERIODIC background task REFRESH_NOW_CONFIGURATION.
06-11 10:12:35.407  3540  3540 I CarrierServices: [2] cpr.a: Initializing SimStateTracker
06-11 10:12:35.410  1776  2466 I netd    : bandwidthRemoveInterfaceQuota("radio0") <16.35ms>
06-11 10:12:35.419  1776  2466 I netd    : bandwidthSetInterfaceQuota("radio0", 9223372036854775807) <5.55ms>
06-11 10:12:35.422  1776  2466 I netd    : bandwidthSetGlobalAlert(2097152) <0.16ms>
06-11 10:12:35.424  3308  3308 I Bugle   : Carrier config changed. Reloading MMS config.
06-11 10:12:35.455  2586  3338 I PhenotypeIme: FetchConfigurationTask.fetchConfiguration() : com.google.android.inputmethod.latin
06-11 10:12:35.470  2091  2091 W Looper  : Slow dispatch took 150ms main h=android.app.ActivityThread$H c=android.app.-$$Lambda$LoadedApk$ReceiverDispatcher$Args$_BumDX2UKsnxLVrE6UJsJZkotuA@b0b6fef m=0
06-11 10:12:35.482  2091  2091 I Telecom : PhoneAccountRegistrar: getSimCallManager: SimCallManager for subId 1 queried, returning: null: CM.CCCR->CM.UECNT@AD8
06-11 10:12:35.487  3751  3751 D ApplicationLoaders: Returning zygote-cached class loader: /system/framework/android.hidl.base-V1.0-java.jar
06-11 10:12:35.487  3751  3751 D ApplicationLoaders: Returning zygote-cached class loader: /system/framework/android.hidl.manager-V1.0-java.jar
06-11 10:12:35.487  3751  3751 D ApplicationLoaders: Returning zygote-cached class loader: /system/framework/android.hidl.base-V1.0-java.jar
06-11 10:12:35.498  3174  3750 I SharedPreferencesProto: load shared preferences: file not found
06-11 10:12:35.516  3751  3751 I ndroid.contact: The ClassLoaderContext is a special shared library.
06-11 10:12:35.541  2401  2401 I TelecomFramework: : Carrier-config changed, checking for phone account updates.
06-11 10:12:35.547  3174  3433 W SearchServiceCore: Abort, client detached.
06-11 10:12:35.547  3174  3433 W SearchServiceCore: Abort, client detached.
06-11 10:12:35.557  2586  3785 I KeyboardGroupDefParser: parseKeyboardGroupDef() 2131296522 -> extension_emoji_search_extension_view : WaitTime = 267 ms : RunTime = 1 ms
06-11 10:12:35.586  2961  3727 I chatty  : uid=10101(com.google.android.gms) expire 15 lines
06-11 10:12:35.638  2091  2091 W Looper  : Slow dispatch took 150ms main h=android.app.ActivityThread$H c=android.app.-$$Lambda$LoadedApk$ReceiverDispatcher$Args$_BumDX2UKsnxLVrE6UJsJZkotuA@cac0fa6 m=0
06-11 10:12:35.639  2091  2091 W Looper  : Slow delivery took 240ms main h=com.android.server.AlarmManagerService$AlarmHandler c=null m=8
06-11 10:12:35.664  3174  3425 I OpaEligibilityChecker: send OpaEligibilityChange broadcast to CommonBroadcastReceiver
06-11 10:12:35.669  3174  3436 W earchbox:searc: Long monitor contention with owner NonUserFacing2 (3497) at void java.lang.Thread.nativeCreate(java.lang.Thread, long, boolean)(Thread.java:-2) waiters=0 in com.google.android.libraries.velour.f com.google.android.apps.gsa.staticplugins.a.a(java.lang.String) for 1.125s
06-11 10:12:35.703  2898  2898 I Dialer  : VvmOmtpService - onBoot
06-11 10:12:35.706  3174  3433 W SearchServiceCore: Abort, client detached.
06-11 10:12:35.706  3174  3433 W SearchServiceCore: Abort, client detached.
06-11 10:12:35.732  2091  2508 W Binder  : Outgoing transactions from this process must be FLAG_ONEWAY
06-11 10:12:35.732  2091  2508 W Binder  : java.lang.Throwable
06-11 10:12:35.732  2091  2508 W Binder  : 	at android.os.BinderProxy.transact(BinderProxy.java:480)
06-11 10:12:35.732  2091  2508 W Binder  : 	at android.content.ContentProviderProxy.getType(ContentProviderNative.java:456)
06-11 10:12:35.732  2091  2508 W Binder  : 	at com.android.server.am.ActivityManagerService.getProviderMimeType(ActivityManagerService.java:7667)
06-11 10:12:35.732  2091  2508 W Binder  : 	at android.app.IActivityManager$Stub.onTransact(IActivityManager.java:3205)
06-11 10:12:35.732  2091  2508 W Binder  : 	at com.android.server.am.ActivityManagerService.onTransact(ActivityManagerService.java:2741)
06-11 10:12:35.732  2091  2508 W Binder  : 	at android.os.Binder.execTransactInternal(Binder.java:1021)
06-11 10:12:35.732  2091  2508 W Binder  : 	at android.os.Binder.execTransact(Binder.java:994)
06-11 10:12:35.754  3174  3174 I BgTaskExecutorImpl: Starting PERIODIC background task MDH_FORCED_SYNC.
06-11 10:12:35.758  3174  3497 W DynamiteModule: Local module descriptor class for com.google.android.gms.googlecertificates not found.
06-11 10:12:35.759  2401  2401 I TelecomFramework: AccountEntry: reRegisterPstnPhoneAccount: subId: 1 - no change
06-11 10:12:35.760  3308  3640 I BugleRcsEngine: [169] oil.updateSimInfo: SIM changed: false. current id: [4vfUjdK1ylI-cxPPS6D26oMLYoE]; stored id: [4vfUjdK1ylI-cxPPS6D26oMLYoE]; isFiDevice: false
06-11 10:12:35.818  3174  3174 I BgTaskExecutorImpl: Starting PERIODIC background task LOG_ATTEMPTED_SEARCHES_TO_KANSAS.
06-11 10:12:35.856  3174  3174 I BgTaskExecutorImpl: Starting PERIODIC background task REFRESH_AUTH_TOKENS.
06-11 10:12:35.877  3308  3630 W Bugle   : BuglePhoneNumberUtils: canonicalizeMccMnc: invalid mccmnc. mcc: null, mnc: null
06-11 10:12:35.904  2091  2091 W Looper  : Drained
06-11 10:12:35.919  1777  1777 D Zygote  : Forked child process 3818
06-11 10:12:35.926  3174  3433 W SearchServiceCore: Abort, client detached.
06-11 10:12:35.926  3174  3433 W SearchServiceCore: Abort, client detached.
06-11 10:12:35.953  2091  2134 W ActivityManager: Slow operation: 54ms so far, now at startProcess: returned from zygote!
06-11 10:12:35.953  2091  2134 W ActivityManager: Slow operation: 55ms so far, now at startProcess: done updating battery stats
06-11 10:12:35.953  2091  2134 W ActivityManager: Slow operation: 55ms so far, now at startProcess: building log message
06-11 10:12:35.954  2091  2134 I ActivityManager: Start proc 3818:com.android.dynsystem/1000 for broadcast {com.android.dynsystem/com.android.dynsystem.BootCompletedReceiver}
06-11 10:12:35.954  2091  2134 W ActivityManager: Slow operation: 55ms so far, now at startProcess: starting to update pids map
06-11 10:12:35.954  2091  2134 W ActivityManager: Slow operation: 55ms so far, now at startProcess: done updating pids map
06-11 10:12:35.954  3174  3497 W earchbox:searc: Unsupported class loader
06-11 10:12:35.958  3818  3818 W droid.dynsyste: Unexpected CPU variant for X86 using defaults: x86
06-11 10:12:35.977  2091  3132 W ShortcutService: Clock rewound
06-11 10:12:35.986  3174  3174 I BgTaskExecutorImpl: Starting PERIODIC background task GELLER_PEOPLE_API_REFRESH_TASK.
06-11 10:12:35.997  2961  3549 I SystemConfig: Adding association: com.google.android.as <- com.android.providers.contacts
06-11 10:12:36.253  2961  3736 I chatty  : uid=10101(com.google.android.gms) expire 4 lines
06-11 10:12:36.261  3174  3433 W SearchServiceCore: Abort, client detached.
06-11 10:12:36.262  3174  3433 W SearchServiceCore: Abort, client detached.
06-11 10:12:36.294  2961  3549 I SystemConfig: Adding association: com.google.android.as <- com.android.providers.media
06-11 10:12:36.294  2961  3549 I SystemConfig: Adding association: com.google.android.as <- com.android.providers.telephony
06-11 10:12:36.294  2961  3549 I SystemConfig: Adding association: com.google.android.as <- com.android.systemui
06-11 10:12:36.294  2961  3549 I SystemConfig: Adding association: com.google.android.as <- com.google.android.gms
06-11 10:12:36.294  2961  3549 I SystemConfig: Adding association: com.google.android.as <- com.google.android.gsf
06-11 10:12:36.295  3174  3174 I BgTaskExecutorImpl: Starting PERIODIC background task REFRESH_SEARCH_HISTORY.
06-11 10:12:36.308  3174  3433 W SearchServiceCore: Abort, client detached.
06-11 10:12:36.308  3174  3433 W SearchServiceCore: Abort, client detached.
06-11 10:12:36.308  3174  3447 W earchbox:searc: Long monitor contention with owner NonUserFacing5 (3593) at void com.google.android.apps.gsa.search.core.y.a.n.<init>(b.a)(:-1) waiters=0 in com.google.android.apps.gsa.shared.y.as com.google.android.apps.gsa.binaries.velvet.app.rq.kW() for 352ms
06-11 10:12:36.335  3308  3357 I .apps.messagin: Waiting for a blocking GC ProfileSaver
06-11 10:12:36.334  3308  3630 I Bugle   : Carrier configs loaded: Bundle[{carrier_volte_provisioned_bool=false, disable_charge_indication_bool=false, support_tdscdma_bool=false, httpSocketTimeout=60000, call_redirection_service_component_name_string=null, carrier_wfc_supports_wifi_only_bool=true, carrier_default_actions_on_default_network_available_string_array=[false: 7, true: 8], operator_selection_expand_bool=true, disable_cdma_activation_code_bool=false, simplified_network_settings_bool=false, support_tdscdma_roaming_networks_string_array=null, gps.lpp_profile=0, call_barring_visibility_bool=false, gps.es_extension_sec=0, enable_apps_string_array=null, carrier_default_wfc_ims_roaming_enabled_bool=true, cdma_nonroaming_networks_string_array=null, aliasMinChars=2, wfc_data_spn_format_idx_int=0, hide_sim_lock_settings_bool=false, drop_video_call_when_answering_audio_call_bool=false, ci_action_on_sys_update_bool=false, convert_cdma_caller_id_mmi_codes_while_roaming_on_3gpp_bool=false, support_enhanced_call_blocking_bool=true, vvm_port_number_int=1808, carrier_default_wfc_ims_enabled_bool=false, dial_string_replace_string_array=null, opportunistic_network_entry_threshold_bandwidth_int=1024, gsm_nonroaming_networks_string_array=null, hide_ims_apn_bool=false, vvm_destination_number_string=122, dtmf_type_enabled_bool=false, allow_video_calling_fallback_bool=true, config_ims_package_override_string=com.google.android.ims, only_auto_select_in_home_network=false, smsToMmsTextThreshold=-1, disable_severe_when_extreme_disabled_bool=true, force_home_network_bool=false, spdi_override_string_array=null, show_wfc_location_privacy_policy_bool=false, gps.supl_es=1, enableSMSDeliveryReports=true, auto_retry_enabled_bool=false, opportunistic_network_entry_threshold_rssnr_int=45, play_call_recording_tone_bool=false, carrier_force_disable_etws_cmas_test_bool=false, call_waiting_service_class_int=1, allow_emergency_video_calls_bool=false, csp_enabled_bool=false, default_sim_call_manager_string=, wifi.passpoint_profiles_string_array=null, carrier_app_required_during_setup_bool=false, call_forwarding_blocks_while_roaming_string_array=null, emergency_notification_delay_int=-1, support_video_conference_call_bool=false, ims_dtmf_tone_delay_int=0, show_signal_strength_in_sim_status_bool=true, data_rapid_notification_bool=true, carrier_instant_lettering_escaped_chars_string=, carrier_default_wfc_ims_roaming_mode_int=2, editable_wfc_mode_bool=true, support_direct_fdn_dialing_bool=false, carrier_ut_provisioning_required_bool=false, carrier_wifi_string_array=null, treat_downgraded_video_calls_as_video_calls_bool=false, wifi_calls_can_be_hd_audio=true, support_downgrade_vt_to_audio_bool=true, cdma_enhanced_roaming_indicator_for_home_network_int_array=[1], notify_handover_video_from_lte_to_wifi_bool=false, use_otasp_for_provisioning_bool=false, always_play_remote_hold_tone_bool=false, opportunistic_network_data_switch_hysteresis_time_long=10000, maxMessageTextSize=-1, duration_blocking_disabled_after_emergency_int=7200, carrier_metered_roaming_apn_types_strings=[default, mms, dun, supl], additional_settings_call_waiting_visibility_bool=true, show_video_call_charges_alert_dialog_bool=false, carrier_network_service_wlan_package_override_string=, show_apn_setting_cdma_bool=false, use_usim_bool=false, carrier_instant_lettering_length_limit_int=64, operator_name_filter_pattern_string=, carrier_instant_lettering_invalid_chars_string=, carrier_setup_app_string=, editable_wfc_roaming_mode_bool=false, supportMmsContentDisposition=true, support_manage_ims_conference_call_bool=true, opportunistic_network_exit_threshold_rssnr_int=10, allow_non_emergency_calls_in_ecm_bool=true, allow_cdma_eri_bool=false, carrier_data_service_wlan_package_override_string=, show_carrier_data_icon_pattern_string=, use_rcs_presence_bool=false, config_telephony_use_own_number_for_voicemail_bool=false, cdma_dtmf_tone_delay_int=100, editable_voicemail_number_bool=false, carrier_data_call_apn_retry_after_disconnect_long=10000, filtered_cnap_names_string_array=null, enabledTransID=false, aliasEna
06-11 10:12:36.379  3174  3174 I BgTaskExecutorImpl: Starting PERIODIC background task CHROME_EXPERIMENT_SYNC.
06-11 10:12:36.430  3174  3433 W SearchServiceCore: Abort, client detached.
06-11 10:12:36.431  3174  3433 W SearchServiceCore: Abort, client detached.
06-11 10:12:36.444  3308  3357 I .apps.messagin: WaitForGcToComplete blocked ProfileSaver on ClassLinker for 109.759ms
06-11 10:12:36.453  3818  3818 I droid.dynsyste: The ClassLoaderContext is a special shared library.
06-11 10:12:36.470  2773  3668 I chatty  : uid=10101 com.google.android.gms.persistent expire 1 line
06-11 10:12:36.485  3174  3425 W LocationOracle: getBestLocation(): no location is available
06-11 10:12:36.538  3174  3174 I BgTaskExecutorImpl: Starting PERIODIC background task OPA_CONTACT_ANNOTATIONS_PERIODIC_SYNC.
06-11 10:12:36.539  2091  3148 D DynamicSystemService: GsiService is not ready, wait for 64ms
06-11 10:12:36.584  3174  3433 W SearchServiceCore: Abort, client detached.
06-11 10:12:36.605  2091  3148 D DynamicSystemService: GsiService is not ready, wait for 128ms
06-11 10:12:36.584  3174  3433 W SearchServiceCore: Abort, client detached.
06-11 10:12:36.609  3540  3540 W RcsProvisioning: Failed to read configuration: /data/user/0/com.google.android.ims/files/hvconfig: open failed: ENOENT (No such file or directory)
06-11 10:12:36.609  3540  3540 W RcsProvisioning: java.io.FileNotFoundException: /data/user/0/com.google.android.ims/files/hvconfig: open failed: ENOENT (No such file or directory)
06-11 10:12:36.609  3540  3540 W RcsProvisioning: 	at libcore.io.IoBridge.open(IoBridge.java:496)
06-11 10:12:36.609  3540  3540 W RcsProvisioning: 	at java.io.FileInputStream.<init>(FileInputStream.java:159)
06-11 10:12:36.609  3540  3540 W RcsProvisioning: 	at android.app.ContextImpl.openFileInput(ContextImpl.java:600)
06-11 10:12:36.609  3540  3540 W RcsProvisioning: 	at android.content.ContextWrapper.openFileInput(ContextWrapper.java:206)
06-11 10:12:36.609  3540  3540 W RcsProvisioning: 	at cyr.a(SourceFile:2)
06-11 10:12:36.609  3540  3540 W RcsProvisioning: 	at chf.a(SourceFile:7)
06-11 10:12:36.609  3540  3540 W RcsProvisioning: 	at chg.a(SourceFile:8)
06-11 10:12:36.609  3540  3540 W RcsProvisioning: 	at cgi.<init>(SourceFile:9)
06-11 10:12:36.609  3540  3540 W RcsProvisioning: 	at cgt.<init>(SourceFile:9)
06-11 10:12:36.609  3540  3540 W RcsProvisioning: 	at com.google.android.ims.CarrierServicesReleaseApp.a(SourceFile:137)
06-11 10:12:36.609  3540  3540 W RcsProvisioning: 	at com.google.android.ims.CarrierServicesReleaseApp.onCreate(SourceFile:9)
06-11 10:12:36.609  3540  3540 W RcsProvisioning: 	at android.app.Instrumentation.callApplicationOnCreate(Instrumentation.java:1182)
06-11 10:12:36.609  3540  3540 W RcsProvisioning: 	at android.app.ActivityThread.handleBindApplication(ActivityThread.java:6460)
06-11 10:12:36.609  3540  3540 W RcsProvisioning: 	at android.app.ActivityThread.access$1300(ActivityThread.java:219)
06-11 10:12:36.609  3540  3540 W RcsProvisioning: 	at android.app.ActivityThread$H.handleMessage(ActivityThread.java:1859)
06-11 10:12:36.609  3540  3540 W RcsProvisioning: 	at android.os.Handler.dispatchMessage(Handler.java:107)
06-11 10:12:36.609  3540  3540 W RcsProvisioning: 	at android.os.Looper.loop(Looper.java:214)
06-11 10:12:36.609  3540  3540 W RcsProvisioning: 	at android.app.ActivityThread.main(ActivityThread.java:7356)
06-11 10:12:36.609  3540  3540 W RcsProvisioning: 	at java.lang.reflect.Method.invoke(Native Method)
06-11 10:12:36.609  3540  3540 W RcsProvisioning: 	at com.android.internal.os.RuntimeInit$MethodAndArgsCaller.run(RuntimeInit.java:492)
06-11 10:12:36.609  3540  3540 W RcsProvisioning: 	at com.android.internal.os.ZygoteInit.main(ZygoteInit.java:930)
06-11 10:12:36.609  3540  3540 W RcsProvisioning: Caused by: android.system.ErrnoException: open failed: ENOENT (No such file or directory)
06-11 10:12:36.609  3540  3540 W RcsProvisioning: 	at libcore.io.Linux.open(Native Method)
06-11 10:12:36.609  3540  3540 W RcsProvisioning: 	at libcore.io.ForwardingOs.open(ForwardingOs.java:167)
06-11 10:12:36.609  3540  3540 W RcsProvisioning: 	at libcore.io.BlockGuardOs.open(BlockGuardOs.java:252)
06-11 10:12:36.609  3540  3540 W RcsProvisioning: 	at libcore.io.ForwardingOs.open(ForwardingOs.java:167)
06-11 10:12:36.609  3540  3540 W RcsProvisioning: 	at android.app.ActivityThread$AndroidOs.open(ActivityThread.java:7255)
06-11 10:12:36.609  3540  3540 W RcsProvisioning: 	at libcore.io.IoBridge.open(IoBridge.java:482)
06-11 10:12:36.609  3540  3540 W RcsProvisioning: 	... 20 more
06-11 10:12:36.634  3174  3174 I BgTaskExecutorImpl: Starting PERIODIC background task UPDATE_LANGUAGE_PACKS.
06-11 10:12:36.660  2091  2104 I system_server: Background young concurrent copying GC freed 93053(4884KB) AllocSpace objects, 37(1524KB) LOS objects, 37% free, 10096KB/15MB, paused 40.987ms total 261.395ms
06-11 10:12:36.688  2961  2992 I chatty  : uid=10101(com.google.android.gms) expire 8 lines
06-11 10:12:36.696  2586  3790 I KeyboardGroupDefParser: parseKeyboardGroupDef() 2131296524 -> extension_emoji_search_keyboards : WaitTime = 822 ms : RunTime = 419 ms
06-11 10:12:36.714  2091  2132 V PackageManager: [Optimistic Bind] Binding to instant app resolver
06-11 10:12:36.783  3174  3497 I DynamiteModule: Considering local module com.google.android.gms.googlecertificates:0 and remote module com.google.android.gms.googlecertificates:4
06-11 10:12:36.784  3174  3497 I DynamiteModule: Selected remote version of com.google.android.gms.googlecertificates, version >= 4
06-11 10:12:36.784  3174  3497 V DynamiteModule: Dynamite loader version >= 2, using loadModule2NoCrashUtils
06-11 10:12:36.794  1679  1679 I ServiceManager: service 'gsiservice' died
06-11 10:12:36.794  2091  3143 W DynamicSystemService: gsiservice died; reconnecting
06-11 10:12:36.795  2961  3549 W SystemConfig: No directory /product_services/etc/sysconfig, skipping
06-11 10:12:36.795  2961  3549 W SystemConfig: No directory /product_services/etc/permissions, skipping
06-11 10:12:36.801  2773  3861 I chatty  : uid=10101 com.google.android.gms.persistent expire 9 lines
06-11 10:12:36.833  2961  3876 I chatty  : uid=10101(com.google.android.gms) expire 1 line
06-11 10:12:36.862  3540  3540 I CarrierServices: [2] CarrierServicesReleaseApp.a: Initializing MMTel
06-11 10:12:36.870  1777  1777 D Zygote  : Forked child process 3883
06-11 10:12:36.873  2091  2134 I ActivityManager: Start proc 3883:com.android.managedprovisioning/u0a47 for broadcast {com.android.managedprovisioning/com.android.managedprovisioning.preprovisioning.BootReminder}
06-11 10:12:36.890  3174  3497 W earchbox:searc: Verification of void ce.<init>(android.content.Context) took 102.378ms
06-11 10:12:36.896  3883  3883 W gedprovisionin: Unexpected CPU variant for X86 using defaults: x86
06-11 10:12:36.979  3174  3433 W SearchServiceCore: Abort, client detached.
06-11 10:12:36.980  3174  3433 W SearchServiceCore: Abort, client detached.
06-11 10:12:37.039  3540  3540 I CarrierServices: [2] cyc.a: CarrierServices.apk is not sim call manager. Not enabling MMTel.
06-11 10:12:37.040  3540  3540 I CarrierServices: [2] ProvisioningService.a: Should not enable MMTel. Not scheduling provisioning.
06-11 10:12:37.040  3883  3883 I gedprovisionin: The ClassLoaderContext is a special shared library.
06-11 10:12:37.069  3308  3465 V FA      : Collection enabled
06-11 10:12:37.069  3308  3465 V FA      : App package, google app id: com.google.android.apps.messaging, 1:357317899610:android:4765c0ded882c665
06-11 10:12:37.072  3174  3174 I BgTaskExecutorImpl: Starting PERIODIC background task RESTORE_SPEAKER_MODEL.
06-11 10:12:37.114  3308  3465 I FA      : App measurement is starting up, version: 14711
06-11 10:12:37.118  3308  3465 I FA      : To enable debug logging run: adb shell setprop log.tag.FA VERBOSE
06-11 10:12:37.119  3308  3465 I FA      : To enable faster debug mode event logging run:
06-11 10:12:37.119  3308  3465 I FA      :   adb shell setprop debug.firebase.analytics.app com.google.android.apps.messaging
06-11 10:12:37.119  3308  3465 D FA      : Debug-level message logging enabled
06-11 10:12:37.128  3174  3595 I RestoreSpeakerModelTask: Canceling restore - user account is null
06-11 10:12:37.148  3174  3433 W SearchServiceCore: Abort, client detached.
06-11 10:12:37.157  2091  2132 E PackageManager: Optimistic bind failed.
06-11 10:12:37.157  2091  2132 E PackageManager: java.util.concurrent.TimeoutException: [Optimistic Bind] Didn't bind to resolver in time!
06-11 10:12:37.157  2091  2132 E PackageManager: 	at com.android.server.pm.InstantAppResolverConnection.waitForBindLocked(InstantAppResolverConnection.java:161)
06-11 10:12:37.157  2091  2132 E PackageManager: 	at com.android.server.pm.InstantAppResolverConnection.bind(InstantAppResolverConnection.java:226)
06-11 10:12:37.157  2091  2132 E PackageManager: 	at com.android.server.pm.InstantAppResolverConnection.lambda$optimisticBind$0$InstantAppResolverConnection(InstantAppResolverConnection.java:256)
06-11 10:12:37.157  2091  2132 E PackageManager: 	at com.android.server.pm.-$$Lambda$InstantAppResolverConnection$D-JKXi4qrYjnPQMOwj8UtfZenps.run(Unknown Source:2)
06-11 10:12:37.157  2091  2132 E PackageManager: 	at android.os.Handler.handleCallback(Handler.java:883)
06-11 10:12:37.157  2091  2132 E PackageManager: 	at android.os.Handler.dispatchMessage(Handler.java:100)
06-11 10:12:37.157  2091  2132 E PackageManager: 	at android.os.Looper.loop(Looper.java:214)
06-11 10:12:37.157  2091  2132 E PackageManager: 	at android.os.HandlerThread.run(HandlerThread.java:67)
06-11 10:12:37.148  3174  3433 W SearchServiceCore: Abort, client detached.
06-11 10:12:37.186  1777  1777 D Zygote  : Forked child process 3913
06-11 10:12:37.190  2091  2134 I ActivityManager: Start proc 3913:com.android.omadm.service/u0a90 for broadcast {com.android.omadm.service/com.android.omadm.service.DMIntentReceiver}
06-11 10:12:37.191  3540  3540 I CarrierServices: [2] bqa.a: Migration binding to RcsMigrationService
06-11 10:12:37.209  3308  3308 I BugleDataModel: RcsMigrationService: Returning RCS state provider.
06-11 10:12:37.216  3913  3913 W d.omadm.servic: Unexpected CPU variant for X86 using defaults: x86
06-11 10:12:37.238  2091  2638 D ConnectivityService: requestNetwork for uid/pid:10104/3174 NetworkRequest [ TRACK_DEFAULT id=17, [ Capabilities: INTERNET&NOT_RESTRICTED&TRUSTED Uid: 10104] ]
06-11 10:12:37.240  2091  2221 D UntrustedWifiNetworkFactory: got request NetworkRequest [ TRACK_DEFAULT id=17, [ Capabilities: INTERNET&NOT_RESTRICTED&TRUSTED Uid: 10104] ] with score 60 and serial -1
06-11 10:12:37.240  2091  2221 D WifiNetworkFactory: got request NetworkRequest [ TRACK_DEFAULT id=17, [ Capabilities: INTERNET&NOT_RESTRICTED&TRUSTED Uid: 10104] ] with score 60 and serial -1
06-11 10:12:37.246  3174  3425 W earchbox:searc: Verification of void com.android.org.conscrypt.OpenSSLMessageDigestJDK.<init>(long, int) took 117.798ms
06-11 10:12:37.252  2401  2401 D PhoneSwitcherNetworkRequstListener: got request NetworkRequest [ TRACK_DEFAULT id=17, [ Capabilities: INTERNET&NOT_RESTRICTED&TRUSTED Uid: 10104] ] with score 60 and serial -1
06-11 10:12:37.305  3174  3174 I BgTaskExecutorImpl: Starting EXCLUSIVE background task UPDATE_HOTWORD_MODELS.
06-11 10:12:37.307  3540  3540 I CarrierServices: [2] bew.a: Clearing indexes: [] from call history.
06-11 10:12:37.322  2586  2620 W putmethod.lati: Suspending all threads took: 518.914ms
06-11 10:12:37.360  2091  3132 W ActivityManager: Slow operation: 56ms so far, now at attachApplicationLocked: after sendPendingBroadcastsLocked
06-11 10:12:37.375  3540  3667 I CarrierServices: [160] CarrierServicesReleaseApp.a: Initialized already, return.
06-11 10:12:37.392  3913  3913 D ApplicationLoaders: Returning zygote-cached class loader: /system/framework/android.hidl.base-V1.0-java.jar
06-11 10:12:37.392  3913  3913 D ApplicationLoaders: Returning zygote-cached class loader: /system/framework/android.hidl.manager-V1.0-java.jar
06-11 10:12:37.392  3913  3913 D ApplicationLoaders: Returning zygote-cached class loader: /system/framework/android.hidl.base-V1.0-java.jar
06-11 10:12:37.393  3540  3540 I CarrierServices: [2] VoiceService.onCreate: onCreate: starting service
06-11 10:12:37.404  3308  3465 I .apps.messagin: IncrementDisableThreadFlip blocked for 31.226ms
06-11 10:12:37.415  3913  3913 I d.omadm.servic: The ClassLoaderContext is a special shared library.
06-11 10:12:37.417  3174  3425 W earchbox:searc: Verification of void com.android.org.conscrypt.EvpMdRef$MD5.<clinit>() took 155.116ms
06-11 10:12:37.435  3540  3945 I CarrierServices: [175] cti.handleMessage: VoiceService triggered, starting call engine due to: app_start
06-11 10:12:37.454  2586  2586 D NetworkSecurityConfig: No Network Security Config specified, using platform default
06-11 10:12:37.454  3913  3913 D DMIntentReceiver: action intent: android.intent.action.BOOT_COMPLETED, subId: 1
06-11 10:12:37.462  3913  3913 D DMIntentReceiver: Ignoring Intent.ACTION_BOOT_COMPLETED
06-11 10:12:37.462  3308  3333 I BugleRcsEngine: [137] omj.shouldUseCarrierServicesApkForV1Apis: Checking if using CarrierServices.apk is possible. Enabled: true, isAtLeastM: true, runningInsideBugle: true
06-11 10:12:37.479  3540  3945 I CarrierServices: [175] azy.<init>: (MMTel): : IMS module has been created
06-11 10:12:37.481  3540  3945 I CarrierServices: [175] ben.e: Using ScoreNetworkSelector as network selector
06-11 10:12:37.515  3174  3595 I ModelDownloadController: requestHotwordModelUpdate modelType-OK_HEY_GOOGLE modelLocale-en-US
06-11 10:12:37.515  3174  3595 I ModelDownloadController: We already downloaded model from given location.
06-11 10:12:37.515  3174  3595 I ModelDownloadController: Model download failed
06-11 10:12:37.530  3540  3724 I CarrierServices: [162] cpr.c: Processing an intent
06-11 10:12:37.540  3174  3433 W SearchServiceCore: Abort, client detached.
06-11 10:12:37.540  3174  3433 W SearchServiceCore: Abort, client detached.
06-11 10:12:37.551  2401  2401 I m.android.phon: The ClassLoaderContext is a special shared library.
06-11 10:12:37.556  3308  3333 W RcsProvisioning: Failed to read configuration: /data/user/0/com.google.android.apps.messaging/files/rcsconfig: open failed: ENOENT (No such file or directory)
06-11 10:12:37.557  3308  3333 W RcsProvisioning: java.io.FileNotFoundException: /data/user/0/com.google.android.apps.messaging/files/rcsconfig: open failed: ENOENT (No such file or directory)
06-11 10:12:37.557  3308  3333 W RcsProvisioning: 	at libcore.io.IoBridge.open(IoBridge.java:496)
06-11 10:12:37.557  3308  3333 W RcsProvisioning: 	at java.io.FileInputStream.<init>(FileInputStream.java:159)
06-11 10:12:37.557  3308  3333 W RcsProvisioning: 	at android.app.ContextImpl.openFileInput(ContextImpl.java:600)
06-11 10:12:37.557  3308  3333 W RcsProvisioning: 	at android.content.ContextWrapper.openFileInput(ContextWrapper.java:206)
06-11 10:12:37.557  3308  3333 W RcsProvisioning: 	at opj.a(SourceFile:1)
06-11 10:12:37.557  3308  3333 W RcsProvisioning: 	at oal.a(SourceFile:4)
06-11 10:12:37.557  3308  3333 W RcsProvisioning: 	at com.google.android.ims.provisioning.RcsConfigurationManager.a(SourceFile:6)
06-11 10:12:37.557  3308  3333 W RcsProvisioning: 	at odm.buildToken(SourceFile:10)
06-11 10:12:37.557  3308  3333 W RcsProvisioning: 	at com.google.android.apps.messaging.rcsmigration.RcsStateProvider.buildRcsState(SourceFile:57)
06-11 10:12:37.557  3308  3333 W RcsProvisioning: 	at com.google.android.apps.messaging.rcsmigration.RcsStateProvider.getRcsState(SourceFile:6)
06-11 10:12:37.557  3308  3333 W RcsProvisioning: 	at com.google.android.ims.rcsmigration.IRcsStateProvider$Stub.dispatchTransaction(SourceFile:6)
06-11 10:12:37.557  3308  3333 W RcsProvisioning: 	at com.google.android.aidl.BaseStub.onTransact(SourceFile:11)
06-11 10:12:37.557  3308  3333 W RcsProvisioning: 	at android.os.Binder.execTransactInternal(Binder.java:1021)
06-11 10:12:37.557  3308  3333 W RcsProvisioning: 	at android.os.Binder.execTransact(Binder.java:994)
06-11 10:12:37.557  3308  3333 W RcsProvisioning: Caused by: android.system.ErrnoException: open failed: ENOENT (No such file or directory)
06-11 10:12:37.557  3308  3333 W RcsProvisioning: 	at libcore.io.Linux.open(Native Method)
06-11 10:12:37.557  3308  3333 W RcsProvisioning: 	at libcore.io.ForwardingOs.open(ForwardingOs.java:167)
06-11 10:12:37.557  3308  3333 W RcsProvisioning: 	at libcore.io.BlockGuardOs.open(BlockGuardOs.java:252)
06-11 10:12:37.557  3308  3333 W RcsProvisioning: 	at libcore.io.ForwardingOs.open(ForwardingOs.java:167)
06-11 10:12:37.557  3308  3333 W RcsProvisioning: 	at android.app.ActivityThread$AndroidOs.open(ActivityThread.java:7255)
06-11 10:12:37.557  3308  3333 W RcsProvisioning: 	at libcore.io.IoBridge.open(IoBridge.java:482)
06-11 10:12:37.557  3308  3333 W RcsProvisioning: 	... 13 more
06-11 10:12:37.589  3540  3945 I CarrierServices: [175] ben.p: Listen to connectivity data change
06-11 10:12:37.611  3174  3174 W TaskServiceHelper: Not enough time has passed between starts of two CLEAR_DATA_DETECTOR periodic tasks.
06-11 10:12:37.625  3540  3945 I CarrierServices: [175] cyc.a: CarrierServices.apk is not sim call manager. Not enabling MMTel.
06-11 10:12:37.625  3540  3945 I CarrierServices: [175] ben.f: Should not enable MMTel, not starting CallEngine.
06-11 10:12:37.626  3540  3945 I CarrierServices: [175] cti.handleMessage: Uninitialized stopSelf.
06-11 10:12:37.628  3540  3724 I CarrierServices: [162] cpr.c: SIM state LOADED
06-11 10:12:37.648  3174  3425 W LocationOracle: getBestLocation(): no location is available
06-11 10:12:37.668  2091  2091 I TransportClient: D2dTransportService#1: Notifying [TransportManager.registerTransport()] transport = IBackupTransport
06-11 10:12:37.676  3308  3465 V FA      : Connecting to remote service
06-11 10:12:37.678  2401  2401 I VvmSimStateTracker: android.intent.action.BOOT_COMPLETED
06-11 10:12:37.695  1777  1777 D Zygote  : Forked child process 3976
06-11 10:12:37.700  2091  2134 I ActivityManager: Start proc 3976:com.android.providers.calendar/u0a50 for broadcast {com.android.providers.calendar/com.android.providers.calendar.CalendarReceiver}
06-11 10:12:37.702  3174  3174 W TaskServiceHelper: Not enough time has passed between starts of two AWARE_TIP_WORKER_PROCESS_TIPS periodic tasks.
06-11 10:12:37.712  2091  3072 W Binder  : Outgoing transactions from this process must be FLAG_ONEWAY
06-11 10:12:37.712  2091  3072 W Binder  : java.lang.Throwable
06-11 10:12:37.712  2091  3072 W Binder  : 	at android.os.BinderProxy.transact(BinderProxy.java:480)
06-11 10:12:37.712  2091  3072 W Binder  : 	at com.android.internal.backup.IBackupTransport$Stub$Proxy.name(IBackupTransport.java:869)
06-11 10:12:37.712  2091  3072 W Binder  : 	at com.android.server.backup.TransportManager.registerTransport(TransportManager.java:653)
06-11 10:12:37.712  2091  3072 W Binder  : 	at com.android.server.backup.TransportManager.registerTransportsForIntent(TransportManager.java:588)
06-11 10:12:37.712  2091  3072 W Binder  : 	at com.android.server.backup.TransportManager.registerTransports(TransportManager.java:558)
06-11 10:12:37.712  2091  3072 W Binder  : 	at com.android.server.backup.-$$Lambda$pM_c5tVAGDtxjxLF_ONtACWWq6Q.run(Unknown Source:2)
06-11 10:12:37.712  2091  3072 W Binder  : 	at android.os.Handler.handleCallback(Handler.java:883)
06-11 10:12:37.712  2091  3072 W Binder  : 	at android.os.Handler.dispatchMessage(Handler.java:100)
06-11 10:12:37.712  2091  3072 W Binder  : 	at android.os.Looper.loop(Looper.java:214)
06-11 10:12:37.712  2091  3072 W Binder  : 	at android.os.HandlerThread.run(HandlerThread.java:67)
06-11 10:12:37.745  3976  3976 W viders.calenda: Unexpected CPU variant for X86 using defaults: x86
06-11 10:12:37.756  3174  3425 W CDHeaderDataHandler: Invalid integer value "" in experiments IDs.
06-11 10:12:37.764  2961  3549 D ActivityThread: Loading provider com.google.android.gms.icing.proxy: com.google.android.gms.icing.proxy.InternalIcingCorporaProvider
06-11 10:12:37.782  3174  3174 W TaskServiceHelper: Not enough time has passed between starts of two REFRESH_NOW_CONFIGURATION periodic tasks.
06-11 10:12:37.826  2091  3072 D BackupTransportManager: Transport com.google.android.gms/.backup.component.D2dTransportService registered
06-11 10:12:37.826  3174  3174 W TaskServiceHelper: Not enough time has passed between starts of two BACKGROUNDRETRY_CACHE_SWEEP periodic tasks.
06-11 10:12:37.826  2091  3072 D BackupManagerService: Transport com.google.android.gms/.backup.migrate.service.D2dTransport registered 6415ms after first request (delay = 3000ms)
06-11 10:12:37.832  2586  2608 W putmethod.lati: Long wait of 1.428ms for Thread[13,tid=3336,WaitingForLockInflation,Thread*=0xf0334e00,peer=0x13081020,"sp-control-1"] suspension!
06-11 10:12:37.855  3540  3952 I org.webrtc.Logging: NativeLibrary: Loading native library: jingle_peerconnection_so
06-11 10:12:37.856  3540  3952 I org.webrtc.Logging: NativeLibrary: Loading library: jingle_peerconnection_so
06-11 10:12:37.857  3308  3333 W RcsProvisioning: Failed to read configuration: /data/user/0/com.google.android.apps.messaging/files/rcsconfig: open failed: ENOENT (No such file or directory)
06-11 10:12:37.857  3308  3333 W RcsProvisioning: java.io.FileNotFoundException: /data/user/0/com.google.android.apps.messaging/files/rcsconfig: open failed: ENOENT (No such file or directory)
06-11 10:12:37.857  3308  3333 W RcsProvisioning: 	at libcore.io.IoBridge.open(IoBridge.java:496)
06-11 10:12:37.857  3308  3333 W RcsProvisioning: 	at java.io.FileInputStream.<init>(FileInputStream.java:159)
06-11 10:12:37.857  3308  3333 W RcsProvisioning: 	at android.app.ContextImpl.openFileInput(ContextImpl.java:600)
06-11 10:12:37.857  3308  3333 W RcsProvisioning: 	at android.content.ContextWrapper.openFileInput(ContextWrapper.java:206)
06-11 10:12:37.857  3308  3333 W RcsProvisioning: 	at opj.a(SourceFile:1)
06-11 10:12:37.857  3308  3333 W RcsProvisioning: 	at oal.a(SourceFile:4)
06-11 10:12:37.857  3308  3333 W RcsProvisioning: 	at com.google.android.ims.provisioning.RcsConfigurationManager.a(SourceFile:6)
06-11 10:12:37.857  3308  3333 W RcsProvisioning: 	at odm.buildConferencesFileName(SourceFile:57)
06-11 10:12:37.857  3308  3333 W RcsProvisioning: 	at odm.getConferences(SourceFile:49)
06-11 10:12:37.857  3308  3333 W RcsProvisioning: 	at odm.buildFiles(SourceFile:6)
06-11 10:12:37.857  3308  3333 W RcsProvisioning: 	at com.google.android.apps.messaging.rcsmigration.RcsStateProvider.buildRcsState(SourceFile:63)
06-11 10:12:37.857  3308  3333 W RcsProvisioning: 	at com.google.android.apps.messaging.rcsmigration.RcsStateProvider.getRcsState(SourceFile:6)
06-11 10:12:37.857  3308  3333 W RcsProvisioning: 	at com.google.android.ims.rcsmigration.IRcsStateProvider$Stub.dispatchTransaction(SourceFile:6)
06-11 10:12:37.857  3308  3333 W RcsProvisioning: 	at com.google.android.aidl.BaseStub.onTransact(SourceFile:11)
06-11 10:12:37.857  3308  3333 W RcsProvisioning: 	at android.os.Binder.execTransactInternal(Binder.java:1021)
06-11 10:12:37.857  3308  3333 W RcsProvisioning: 	at android.os.Binder.execTransact(Binder.java:994)
06-11 10:12:37.857  3308  3333 W RcsProvisioning: Caused by: android.system.ErrnoException: open failed: ENOENT (No such file or directory)
06-11 10:12:37.857  3308  3333 W RcsProvisioning: 	at libcore.io.Linux.open(Native Method)
06-11 10:12:37.857  3308  3333 W RcsProvisioning: 	at libcore.io.ForwardingOs.open(ForwardingOs.java:167)
06-11 10:12:37.857  3308  3333 W RcsProvisioning: 	at libcore.io.BlockGuardOs.open(BlockGuardOs.java:252)
06-11 10:12:37.857  3308  3333 W RcsProvisioning: 	at libcore.io.ForwardingOs.open(ForwardingOs.java:167)
06-11 10:12:37.857  3308  3333 W RcsProvisioning: 	at android.app.ActivityThread$AndroidOs.open(ActivityThread.java:7255)
06-11 10:12:37.857  3308  3333 W RcsProvisioning: 	at libcore.io.IoBridge.open(IoBridge.java:482)
06-11 10:12:37.857  3308  3333 W RcsProvisioning: 	... 15 more
06-11 10:12:37.893  3174  3594 I Greco3DataManager: available language pack of en-US is version 308
06-11 10:12:37.896  3174  3497 W earchbox:searc: Verification of int af.a(android.content.Context, do, int, do, boolean) took 490.388ms
06-11 10:12:37.900  2961  3992 I chatty  : uid=10101(com.google.android.gms) expire 2 lines
06-11 10:12:37.916  2091  2638 W ActivityManager: Background start not allowed: service Intent { cmp=com.google.android.apps.messaging/.shared.datamodel.action.execution.ActionExecutorImpl$EmptyService } to com.google.android.apps.messaging/.shared.datamodel.action.execution.ActionExecutorImpl$EmptyService from pid=3308 uid=10120 pkg=com.google.android.apps.messaging startFg?=false
06-11 10:12:37.918  3308  3308 W BugleDataModel: ActionExecutorImpl: Action started execution, but we can't guarantee it will complete, the app may be killed. Action: class com.google.android.apps.messaging.shared.datamodel.action.FixupMessageStatusOnStartupAction-FixupMessageStatusOnStartupAction:37233001
06-11 10:12:37.918  3308  3308 W BugleDataModel: java.lang.IllegalStateException: Not allowed to start service Intent { cmp=com.google.android.apps.messaging/.shared.datamodel.action.execution.ActionExecutorImpl$EmptyService }: app is in background uid UidRecord{b713a39 u0a120 RCVR idle procs:1 seq(0,0,0)}
06-11 10:12:37.918  3308  3308 W BugleDataModel: 	at android.app.ContextImpl.startServiceCommon(ContextImpl.java:1616)
06-11 10:12:37.918  3308  3308 W BugleDataModel: 	at android.app.ContextImpl.startService(ContextImpl.java:1571)
06-11 10:12:37.918  3308  3308 W BugleDataModel: 	at android.content.ContextWrapper.startService(ContextWrapper.java:669)
06-11 10:12:37.918  3308  3308 W BugleDataModel: 	at com.google.android.apps.messaging.shared.datamodel.action.execution.ActionExecutorImpl.e(SourceFile:107)
06-11 10:12:37.918  3308  3308 W BugleDataModel: 	at com.google.android.apps.messaging.shared.datamodel.action.execution.ActionExecutorImpl.a(SourceFile:19)
06-11 10:12:37.918  3308  3308 W BugleDataModel: 	at com.google.android.apps.messaging.shared.datamodel.action.execution.ActionExecutorImpl.a(SourceFile:16)
06-11 10:12:37.918  3308  3308 W BugleDataModel: 	at dya.c(SourceFile:12)
06-11 10:12:37.918  3308  3308 W BugleDataModel: 	at dyb.run(Unknown Source:2)
06-11 10:12:37.918  3308  3308 W BugleDataModel: 	at android.os.Handler.handleCallback(Handler.java:883)
06-11 10:12:37.918  3308  3308 W BugleDataModel: 	at android.os.Handler.dispatchMessage(Handler.java:100)
06-11 10:12:37.918  3308  3308 W BugleDataModel: 	at android.os.Looper.loop(Looper.java:214)
06-11 10:12:37.918  3308  3308 W BugleDataModel: 	at android.app.ActivityThread.main(ActivityThread.java:7356)
06-11 10:12:37.918  3308  3308 W BugleDataModel: 	at java.lang.reflect.Method.invoke(Native Method)
06-11 10:12:37.918  3308  3308 W BugleDataModel: 	at com.android.internal.os.RuntimeInit$MethodAndArgsCaller.run(RuntimeInit.java:492)
06-11 10:12:37.918  3308  3308 W BugleDataModel: 	at com.android.internal.os.ZygoteInit.main(ZygoteInit.java:930)
06-11 10:12:37.928  2773  2788 I chatty  : uid=10101 com.google.android.gms.persistent expire 1 line
06-11 10:12:37.932  2091  3491 W ActivityManager: Background start not allowed: service Intent { cmp=com.google.android.apps.messaging/.shared.datamodel.action.execution.ActionExecutorImpl$EmptyService } to com.google.android.apps.messaging/.shared.datamodel.action.execution.ActionExecutorImpl$EmptyService from pid=3308 uid=10120 pkg=com.google.android.apps.messaging startFg?=false
06-11 10:12:37.934  3308  3308 W BugleDataModel: ActionExecutorImpl: Action started execution, but we can't guarantee it will complete, the app may be killed. Action: class com.google.android.apps.messaging.shared.datamodel.action.ProcessPendingMessagesAction-ProcessPendingMessagesAction:37233002
