06-11 10:12:31.226  2091  2124 I GnssNetworkConnectivityHandler: updateNetworkState, state=CLOSED, connected=true, network=100, capabilities=[ Transports: CELLULAR Capabilities: MMS&SUPL&DUN&FOTA&IMS&CBS&INTERNET&NOT_RESTRICTED&TRUSTED&NOT_VPN&VALIDATED&NOT_ROAMING&FOREGROUND&NOT_CONGESTED&NOT_SUSPENDED LinkUpBandwidth>=51200Kbps LinkDnBandwidth>=102400Kbps Specifier: <1>], apn: epc.tmobile.com, availableNetworkCount: 1
06-11 10:12:31.231  2091  2124 W Looper  : Slow dispatch took 654ms android.fg h=android.net.ConnectivityManager$CallbackHandler c=null m=524290
06-11 10:12:31.236  2091  2134 W ActivityManager: Slow operation: 69ms so far, now at startProcess: done updating battery stats
06-11 10:12:31.236  2091  2134 W ActivityManager: Slow operation: 69ms so far, now at startProcess: building log message
06-11 10:12:31.236  2091  2134 I ActivityManager: Start proc 3348:com.google.android.projection.gearhead:shared/u0a95 for service {com.google.android.projection.gearhead/com.google.android.apps.auto.components.app.fzero.LauncherIconStateVerificationService}
06-11 10:12:31.236  2091  2134 W ActivityManager: Slow operation: 69ms so far, now at startProcess: starting to update pids map
06-11 10:12:31.243  2091  2134 W ActivityManager: Slow operation: 76ms so far, now at startProcess: done updating pids map
06-11 10:12:31.245  2091  2132 E memtrack: Couldn't load memtrack module
06-11 10:12:31.245  2091  2132 W android.os.Debug: failed to get memory consumption info: -1
06-11 10:12:31.246  3348  3348 W gearhead:share: Unexpected CPU variant for X86 using defaults: x86
06-11 10:12:31.247  2401  2422 I m.android.phon: Background concurrent copying GC freed 14030(1561KB) AllocSpace objects, 1(16KB) LOS objects, 49% free, 1685KB/3370KB, paused 747us total 158.995ms
06-11 10:12:31.247  2091  2091 I SyncManager: Loaded persisted syncs: 0 periodic syncs, 0 oneshot syncs, 11 total system server jobs, JobStats: FirstLoad: 48/2/0 LastSave: -1/-1/-1
06-11 10:12:31.268  2259  2259 I Choreographer: Skipped 36 frames!  The application may be doing too much work on its main thread.
06-11 10:12:31.272  2259  2646 D EGL_emulation: eglMakeCurrent: 0xf037fe20: ver 3 1 (tinfo 0xd9c0ec40)
06-11 10:12:31.274  3308  3308 I MultiDex: VM with version 2.1.0 has multidex support
06-11 10:12:31.274  3308  3308 I MultiDex: install
06-11 10:12:31.274  3308  3308 I MultiDex: VM has multidex support, MultiDex support library is disabled.
06-11 10:12:31.279  2401  2818 D IccSmsInterfaceManager: [IccSmsInterfaceManager] Calling setGsmBroadcastConfig with 1 configurations
06-11 10:12:31.288  2091  3072 V BackupManagerConstants: getKeyValueBackupIntervalMilliseconds(...) returns 14400000
06-11 10:12:31.288  2091  3072 V BackupManagerConstants: getKeyValueBackupFuzzMilliseconds(...) returns 600000
06-11 10:12:31.291  2091  2218 D NetworkPolicy: Updated NetworkPolicy{template=NetworkTemplate: matchRule=MOBILE, subscriberId=310260..., matchSubscriberIds=[310260...] cycleRule=RecurrenceRule{start=2019-01-03T00:00Z[GMT] end=null period=P1M} warningBytes=2147483648 limitBytes=-1 lastWarningSnooze=-1 lastLimitSnooze=-1 lastRapidSnooze=-1 metered=true inferred=true} to NetworkPolicy{template=NetworkTemplate: matchRule=MOBILE, subscriberId=310260..., matchSubscriberIds=[310260...] cycleRule=RecurrenceRule{start=2019-01-03T00:00-05:00[America/New_York] end=null period=P1M} warningBytes=2147483648 limitBytes=-1 lastWarningSnooze=-1 lastLimitSnooze=-1 lastRapidSnooze=-1 metered=true inferred=true}
06-11 10:12:31.292  2401  2723 I CarrierInfoManager: using values for mnc, mcc: 260,310
06-11 10:12:31.298  3308  3308 I .apps.messagin: WaitForGcToComplete blocked ClassLinker on None for 21.400ms
06-11 10:12:31.299  2401  2818 D IccSmsInterfaceManager: [IccSmsInterfaceManager] Failed to add GSM cell broadcast channels range 4396 to 4396
06-11 10:12:31.306  2401  2723 D CarrierInfoManager: No rows found for keyType: 2
06-11 10:12:31.308  2401  2818 D IccSmsInterfaceManager: [IccSmsInterfaceManager] Calling setGsmBroadcastConfig with 1 configurations
06-11 10:12:31.308  2091  3072 V BackupManagerConstants: getKeyValueBackupRequiredNetworkType(...) returns 1
06-11 10:12:31.308  2091  3072 V BackupManagerConstants: getKeyValueBackupRequireCharging(...) returns true
06-11 10:12:31.308  2091  3072 V KeyValueBackupJob: Scheduling k/v pass in 241 minutes
06-11 10:12:31.424  2401  2818 D IccSmsInterfaceManager: [IccSmsInterfaceManager] Failed to add GSM cell broadcast channels range 4397 to 4397
06-11 10:12:31.428  2091  2124 W Looper  : Drained
06-11 10:12:31.430  2091  2125 W Looper  : Slow dispatch took 128ms android.ui h=com.android.server.am.ActivityManagerService$UiHandler c=null m=53
06-11 10:12:31.472  2401  2426 D IccSmsInterfaceManager: [IccSmsInterfaceManager] Failed to remove GSM cell broadcast channels range 4398 to 4398
06-11 10:12:31.484  2091  2091 W Looper  : Slow dispatch took 237ms main h=android.app.ActivityThread$H c=android.app.-$$Lambda$LoadedApk$ReceiverDispatcher$Args$_BumDX2UKsnxLVrE6UJsJZkotuA@bd07608 m=0
06-11 10:12:31.485  2401  2723 D IccSmsInterfaceManager: [IccSmsInterfaceManager] Failed to remove GSM cell broadcast channels range 4399 to 4399
06-11 10:12:31.492  2091  2240 V BackupManagerService: No ancestral data
06-11 10:12:31.508  2586  3336 W DynamiteModule: Local module descriptor class for com.google.android.gms.googlecertificates not found.
06-11 10:12:31.511  3348  3348 D ApplicationLoaders: Returning zygote-cached class loader: /system/framework/android.hidl.base-V1.0-java.jar
06-11 10:12:31.511  3348  3348 D ApplicationLoaders: Returning zygote-cached class loader: /system/framework/android.hidl.manager-V1.0-java.jar
06-11 10:12:31.511  3348  3348 D ApplicationLoaders: Returning zygote-cached class loader: /system/framework/android.hidl.base-V1.0-java.jar
06-11 10:12:31.519  2091  2091 I Telecom : PhoneAccountRegistrar: getSimCallManager: SimCallManager for subId 1 queried, returning: null: TSI.gSCMFU@AD4
06-11 10:12:31.520  1776  2466 I netd    : bandwidthRemoveInterfaceQuota("radio0") <4.70ms>
06-11 10:12:31.525  1776  2466 I netd    : bandwidthSetInterfaceQuota("radio0", 9223372036854775807) <2.76ms>
06-11 10:12:31.535  1776  2466 I netd    : bandwidthSetGlobalAlert(2097152) <0.18ms>
06-11 10:12:31.546  3046  3066 I hbox:interacto: Background young concurrent copying GC freed 8687(1597KB) AllocSpace objects, 0(0B) LOS objects, 81% free, 1398KB/7542KB, paused 9.195ms total 72.408ms
06-11 10:12:31.555  1776  2466 I netd    : bandwidthRemoveInterfaceQuota("radio0") <3.51ms>
06-11 10:12:31.556  3348  3348 I gearhead:share: The ClassLoaderContext is a special shared library.
06-11 10:12:31.560  1776  2466 I netd    : bandwidthSetInterfaceQuota("radio0", 9223372036854775807) <2.20ms>
06-11 10:12:31.583  1776  2466 I netd    : bandwidthSetGlobalAlert(2097152) <0.11ms>
06-11 10:12:31.591  3025  3040 I chatty  : uid=10101(com.google.android.gms) com.google.process.gservices expire 1 line
06-11 10:12:31.599  2091  2549 I AccountManagerService: User 0 is unlocked - opening CE database
06-11 10:12:31.603  2725  2879 D CellBroadcastConfigService: Enable CellBroadcast on sub 1
06-11 10:12:31.619  1777  1777 D Zygote  : Forked child process 3393
06-11 10:12:31.626  1792  2380 I chatty  : uid=1021(gps) gnss@1.0-servic expire 20 lines
06-11 10:12:31.654  2542  3397 D ProtoStore: no cached data
06-11 10:12:31.654  2542  3397 D ProtoStore: no cached data
06-11 10:12:31.656  2586  3380 I JapaneseMozcExtension: onCreateServiceInternal()
06-11 10:12:31.672  2091  2124 W Looper  : Slow dispatch took 242ms android.fg h=com.android.server.AppStateTracker$MyHandler c=null m=0
06-11 10:12:31.675  3393  3393 W d.process.acor: Unexpected CPU variant for X86 using defaults: x86
06-11 10:12:31.680  2091  2124 W Looper  : Slow delivery took 251ms android.fg h=com.android.server.AppStateTracker$MyHandler c=null m=1
06-11 10:12:31.681  2091  2134 W ActivityManager: Slow operation: 111ms so far, now at startProcess: returned from zygote!
06-11 10:12:31.681  2091  2134 W ActivityManager: Slow operation: 112ms so far, now at startProcess: done updating battery stats
06-11 10:12:31.681  2091  2134 W ActivityManager: Slow operation: 112ms so far, now at startProcess: building log message
06-11 10:12:31.681  2091  2134 I ActivityManager: Start proc 3393:android.process.acore/u0a46 for content provider {com.android.providers.blockednumber/com.android.providers.blockednumber.BlockedNumberProvider}
06-11 10:12:31.682  2091  2134 W ActivityManager: Slow operation: 112ms so far, now at startProcess: starting to update pids map
06-11 10:12:31.687  2091  2134 W ActivityManager: Slow operation: 118ms so far, now at startProcess: done updating pids map
06-11 10:12:31.712  2586  2586 I ConfigNotification: Get device mode by ui mode:1 and smallestScreenWidthDp:411
06-11 10:12:31.713  2586  2586 I chatty  : uid=10127(com.google.android.inputmethod.latin) identical 500 lines
06-11 10:12:31.714  2586  2586 I ConfigNotification: Get device mode by ui mode:1 and smallestScreenWidthDp:411
06-11 10:12:31.720  2401  2430 D IccSmsInterfaceManager: [IccSmsInterfaceManager] Calling setGsmBroadcastConfig with 1 configurations
06-11 10:12:31.726  2586  3330 I ShortcutsDataManager: onContentChanged()
06-11 10:12:31.730  2401  2430 D IccSmsInterfaceManager: [IccSmsInterfaceManager] Failed to add GSM cell broadcast channels range 4370 to 4370
06-11 10:12:31.741  2401  2430 D IccSmsInterfaceManager: [IccSmsInterfaceManager] Calling setCdmaBroadcastConfig with 1 configurations
06-11 10:12:31.747  2401  2430 D IccSmsInterfaceManager: [IccSmsInterfaceManager] Failed to add cdma broadcast channels range 4096 to 4096
06-11 10:12:31.758  2401  2430 D IccSmsInterfaceManager: [IccSmsInterfaceManager] Calling setGsmBroadcastConfig with 1 configurations
06-11 10:12:31.772  2586  3330 I ContactsDataManager: onContentChanged()
06-11 10:12:31.774  2586  2586 I ConfigNotification: Get device mode by ui mode:1 and smallestScreenWidthDp:411
06-11 10:12:31.775  2586  2586 I ConfigNotification: Get device mode by ui mode:1 and smallestScreenWidthDp:411
06-11 10:12:31.778  2401  2430 D IccSmsInterfaceManager: [IccSmsInterfaceManager] Failed to add GSM cell broadcast channels range 4383 to 4383
06-11 10:12:31.780  2586  3330 I EmailDataManager: onContentChanged()
06-11 10:12:31.787  2091  2549 W InputReader: Device has associated, but no associated display id.
06-11 10:12:31.791  2091  2240 I BackupManagerService: Backup enabled => false
06-11 10:12:31.788  2091  2549 I chatty  : uid=1000 system_server identical 8 lines
06-11 10:12:31.788  2091  2549 W InputReader: Device has associated, but no associated display id.
06-11 10:12:31.791  2586  2586 I ConfigNotification: Get device mode by ui mode:1 and smallestScreenWidthDp:411
06-11 10:12:31.792  2586  2586 I ConfigNotification: Get device mode by ui mode:1 and smallestScreenWidthDp:411
06-11 10:12:31.801  3348  3348 I MultiDex: VM with version 2.1.0 has multidex support
06-11 10:12:31.801  3348  3348 I MultiDex: install
06-11 10:12:31.801  3348  3348 I MultiDex: VM has multidex support, MultiDex support library is disabled.
06-11 10:12:31.803  2586  2586 I ConfigNotification: Get device mode by ui mode:1 and smallestScreenWidthDp:411
06-11 10:12:31.820  2586  2586 I ConfigNotification: Get device mode by ui mode:1 and smallestScreenWidthDp:411
06-11 10:12:31.826  3308  3399 I Bugle   : GServicesValues:
06-11 10:12:31.826  3308  3399 I Bugle   : bugle_enable_primes_battery_metrics: true
06-11 10:12:31.826  3308  3399 I Bugle   : bugle_enable_primes_crash_metrics: true
06-11 10:12:31.826  3308  3399 I Bugle   : bugle_enable_primes_latency_metrics: true
06-11 10:12:31.826  3308  3399 I Bugle   : bugle_enable_primes_memory_metrics: true
06-11 10:12:31.826  3308  3399 I Bugle   : bugle_enable_primes_network_metrics: true
06-11 10:12:31.826  3308  3399 I Bugle   : bugle_enable_primes_package_metrics: true
06-11 10:12:31.826  3308  3399 I Bugle   : bugle_max_telemetry_upload_retries: 10
06-11 10:12:31.826  3308  3399 I Bugle   : bugle_sticker_set_list_version: 3
06-11 10:12:31.832  2401  2430 D IccSmsInterfaceManager: [IccSmsInterfaceManager] Calling setGsmBroadcastConfig with 1 configurations
06-11 10:12:31.834  2586  2586 I ConfigNotification: Get device mode by ui mode:1 and smallestScreenWidthDp:411
06-11 10:12:31.837  2586  2586 I ConfigNotification: Get device mode by ui mode:1 and smallestScreenWidthDp:411
06-11 10:12:31.837  2542  2542 D TouchInteractionService: Touch service connected
06-11 10:12:31.837  2586  2586 I ConfigNotification: Get device mode by ui mode:1 and smallestScreenWidthDp:411
06-11 10:12:31.849  3106  3123 I .ims.rcsservic: Background young concurrent copying GC freed 5714(1568KB) AllocSpace objects, 0(0B) LOS objects, 86% free, 998KB/7142KB, paused 12.966ms total 123.435ms
06-11 10:12:31.863  2586  2586 I ConfigNotification: Get device mode by ui mode:1 and smallestScreenWidthDp:411
06-11 10:12:31.865  3348  3348 W Primes  : Primes not initialized, returning default (no-op) Primes instance which will ignore all calls. Please call Primes.initialize(...) before using any Primes API.
06-11 10:12:31.866  2586  2586 I ConfigNotification: Get device mode by ui mode:1 and smallestScreenWidthDp:411
06-11 10:12:31.866  2401  2430 D IccSmsInterfaceManager: [IccSmsInterfaceManager] Failed to add GSM cell broadcast channels range 4371 to 4372
06-11 10:12:31.866  2586  2586 I ConfigNotification: Get device mode by ui mode:1 and smallestScreenWidthDp:411
06-11 10:12:31.877  2586  2586 I ConfigNotification: Get device mode by ui mode:1 and smallestScreenWidthDp:411
06-11 10:12:31.877  2401  2430 D IccSmsInterfaceManager: [IccSmsInterfaceManager] Calling setCdmaBroadcastConfig with 1 configurations
06-11 10:12:31.887  3174  3174 E OverlaySController: Calling with an invalid UID, the interface will not work
06-11 10:12:31.891  2586  3339 W putmethod.lati: Long monitor contention with owner ExUtils-F-P2-1 (3330) at java.lang.String java.lang.Runtime.nativeLoad(java.lang.String, java.lang.ClassLoader, java.lang.Class)(Runtime.java:-2) waiters=0 in cbo cbo.a(android.content.Context) for 827ms
06-11 10:12:31.900  2586  2586 I ConfigNotification: Get device mode by ui mode:1 and smallestScreenWidthDp:411
06-11 10:12:31.903  2586  2586 I ConfigNotification: Get device mode by ui mode:1 and smallestScreenWidthDp:411
06-11 10:12:31.904  2586  3336 W putmethod.lati: Unsupported class loader
06-11 10:12:31.905  2401  2430 D IccSmsInterfaceManager: [IccSmsInterfaceManager] Failed to add cdma broadcast channels range 4097 to 4097
06-11 10:12:31.905  3348  3348 I CAR.GH  : onCreate
06-11 10:12:31.903  2586  2586 I ConfigNotification: Get device mode by ui mode:1 and smallestScreenWidthDp:411
06-11 10:12:31.909  2401  2430 D IccSmsInterfaceManager: [IccSmsInterfaceManager] Calling setGsmBroadcastConfig with 1 configurations
06-11 10:12:31.913  2586  2586 I ConfigNotification: Get device mode by ui mode:1 and smallestScreenWidthDp:411
06-11 10:12:31.913  2586  2586 I ConfigNotification: Get device mode by ui mode:1 and smallestScreenWidthDp:411
06-11 10:12:31.917  2401  2430 D IccSmsInterfaceManager: [IccSmsInterfaceManager] Failed to add GSM cell broadcast channels range 4384 to 4385
06-11 10:12:31.917  2586  2586 I ConfigNotification: Get device mode by ui mode:1 and smallestScreenWidthDp:411
06-11 10:12:31.934  2586  2586 I ConfigNotification: Get device mode by ui mode:1 and smallestScreenWidthDp:411
06-11 10:12:31.943  2542  3088 D LoaderTask: loadWorkspace: loading default favorites
06-11 10:12:31.959  2586  2586 I ConfigNotification: Get device mode by ui mode:1 and smallestScreenWidthDp:411
06-11 10:12:31.968  2586  2586 I ConfigNotification: Get device mode by ui mode:1 and smallestScreenWidthDp:411
06-11 10:12:31.970  2586  3336 I putmethod.lati: Waiting for a blocking GC ClassLinker
06-11 10:12:31.971  2586  2586 I ConfigNotification: Get device mode by ui mode:1 and smallestScreenWidthDp:411
06-11 10:12:31.989  3174  3433 I EventBusThread: Event Bus thread starting with TID 3433
06-11 10:12:31.993  2586  2586 I ConfigNotification: Get device mode by ui mode:1 and smallestScreenWidthDp:411
06-11 10:12:32.001  2091  2508 I WindowManager: Timeout waiting for wallpaper to offset: Window{c1b73f1 u0 com.android.systemui.ImageWallpaper}
06-11 10:12:32.002  2401  2430 D IccSmsInterfaceManager: [IccSmsInterfaceManager] Calling setGsmBroadcastConfig with 1 configurations
06-11 10:12:32.002  2586  3336 I putmethod.lati: WaitForGcToComplete blocked ClassLinker on HeapTrim for 32.695ms
06-11 10:12:32.003  2586  2586 I ConfigNotification: Get device mode by ui mode:1 and smallestScreenWidthDp:411
06-11 10:12:32.029  2586  2586 I ConfigNotification: Get device mode by ui mode:1 and smallestScreenWidthDp:411
06-11 10:12:32.033  2586  2586 I ConfigNotification: Get device mode by ui mode:1 and smallestScreenWidthDp:411
06-11 10:12:32.041  2586  2586 I ConfigNotification: Get device mode by ui mode:1 and smallestScreenWidthDp:411
06-11 10:12:32.041  2586  2586 I ConfigNotification: Get device mode by ui mode:1 and smallestScreenWidthDp:411
06-11 10:12:32.049  2091  2549 I LocationAccessPolicy: Allowing com.google.android.apps.messaging fine because it doesn't target API 29 yet. Please fix this app. Called from TelephonyRegistry push
06-11 10:12:32.052  2586  2586 I ConfigNotification: Get device mode by ui mode:1 and smallestScreenWidthDp:411
06-11 10:12:32.052  2586  2586 I ConfigNotification: Get device mode by ui mode:1 and smallestScreenWidthDp:411
06-11 10:12:32.059  1793  1793 D gralloc_ranchu: gralloc_alloc: Creating ashmem region of size 45056
06-11 10:12:32.065  2586  2586 I ConfigNotification: Get device mode by ui mode:1 and smallestScreenWidthDp:411
06-11 10:12:32.072  2091  3143 W ActivityManager: Slow operation: 140ms so far, now at attachApplicationLocked: immediately after bindApplication
06-11 10:12:32.072  2091  3143 W ActivityManager: Slow operation: 140ms so far, now at attachApplicationLocked: after updateLruProcessLocked
06-11 10:12:32.072  2091  3143 W ActivityManager: Slow operation: 140ms so far, now at attachApplicationLocked: after mServices.attachApplicationLocked
06-11 10:12:32.079  2586  2586 I ConfigNotification: Get device mode by ui mode:1 and smallestScreenWidthDp:411
06-11 10:12:32.079  1793  1793 D gralloc_ranchu: gralloc_alloc: Creating ashmem region of size 45056
06-11 10:12:32.079  2586  2586 I ConfigNotification: Get device mode by ui mode:1 and smallestScreenWidthDp:411
06-11 10:12:32.080  2586  2586 I ConfigNotification: Get device mode by ui mode:1 and smallestScreenWidthDp:411
06-11 10:12:32.082  2401  2430 D IccSmsInterfaceManager: [IccSmsInterfaceManager] Failed to add GSM cell broadcast channels range 4373 to 4378
06-11 10:12:32.083  1793  1793 D gralloc_ranchu: gralloc_alloc: Creating ashmem region of size 45056
06-11 10:12:32.081  2586  2586 I ConfigNotification: Get device mode by ui mode:1 and smallestScreenWidthDp:411
06-11 10:12:32.088  2091  3143 W ActivityManager: Slow operation: 155ms so far, now at attachApplicationLocked: after updateOomAdjLocked
06-11 10:12:32.088  2586  2586 I ConfigNotification: Get device mode by ui mode:1 and smallestScreenWidthDp:411
06-11 10:12:32.088  2401  2430 D IccSmsInterfaceManager: [IccSmsInterfaceManager] Calling setCdmaBroadcastConfig with 1 configurations
06-11 10:12:32.088  2586  2586 I ConfigNotification: Get device mode by ui mode:1 and smallestScreenWidthDp:411
06-11 10:12:32.088  2586  2586 I ConfigNotification: Get device mode by ui mode:1 and smallestScreenWidthDp:411
06-11 10:12:32.090  2586  3336 I DynamiteModule: Considering local module com.google.android.gms.googlecertificates:0 and remote module com.google.android.gms.googlecertificates:4
06-11 10:12:32.090  2586  3336 I DynamiteModule: Selected remote version of com.google.android.gms.googlecertificates, version >= 4
06-11 10:12:32.094  2586  2586 I ConfigNotification: Get device mode by ui mode:1 and smallestScreenWidthDp:411
06-11 10:12:32.094  2586  2586 I ConfigNotification: Get device mode by ui mode:1 and smallestScreenWidthDp:411
06-11 10:12:32.094  1793  1793 D gralloc_ranchu: gralloc_alloc: Creating ashmem region of size 45056
06-11 10:12:32.095  2586  2586 I ConfigNotification: Get device mode by ui mode:1 and smallestScreenWidthDp:411
06-11 10:12:32.109  2091  2124 W Looper  : Drained
06-11 10:12:32.103  2586  2586 I ConfigNotification: Get device mode by ui mode:1 and smallestScreenWidthDp:411
06-11 10:12:32.110  2401  2430 D IccSmsInterfaceManager: [IccSmsInterfaceManager] Failed to add cdma broadcast channels range 4098 to 4098
06-11 10:12:32.118  2401  2430 D IccSmsInterfaceManager: [IccSmsInterfaceManager] Calling setGsmBroadcastConfig with 1 configurations
06-11 10:12:32.123  2586  2586 I ConfigNotification: Get device mode by ui mode:1 and smallestScreenWidthDp:411
06-11 10:12:32.126  2401  2430 D IccSmsInterfaceManager: [IccSmsInterfaceManager] Failed to add GSM cell broadcast channels range 4386 to 4391
06-11 10:12:32.127  2586  2586 I ConfigNotification: Get device mode by ui mode:1 and smallestScreenWidthDp:411
06-11 10:12:32.159  2586  2586 I ConfigNotification: Get device mode by ui mode:1 and smallestScreenWidthDp:411
06-11 10:12:32.171  2091  3072 V BackupManagerConstants: getKeyValueBackupIntervalMilliseconds(...) returns 14400000
06-11 10:12:32.171  2091  3072 V BackupManagerConstants: getKeyValueBackupFuzzMilliseconds(...) returns 600000
06-11 10:12:32.171  2091  3072 V BackupManagerConstants: getKeyValueBackupRequiredNetworkType(...) returns 1
06-11 10:12:32.171  2091  3072 V BackupManagerConstants: getKeyValueBackupRequireCharging(...) returns true
06-11 10:12:32.179  3393  3393 I d.process.acor: The ClassLoaderContext is a special shared library.
06-11 10:12:32.183  2542  3295 D HostConnection: HostConnection::get() New Host Connection established 0xdd04cd70, tid 3295
06-11 10:12:32.193  2542  3295 D HostConnection: HostComposition ext ANDROID_EMU_CHECKSUM_HELPER_v1 ANDROID_EMU_native_sync_v2 ANDROID_EMU_native_sync_v3 ANDROID_EMU_native_sync_v4 ANDROID_EMU_dma_v1 ANDROID_EMU_direct_mem ANDROID_EMU_host_composition_v1 ANDROID_EMU_host_composition_v2 ANDROID_EMU_vulkan ANDROID_EMU_deferred_vulkan_commands ANDROID_EMU_vulkan_null_optional_strings ANDROID_EMU_vulkan_create_resources_with_requirements ANDROID_EMU_YUV420_888_to_NV21 ANDROID_EMU_YUV_Cache ANDROID_EMU_async_unmap_buffer GL_OES_EGL_image_external_essl3 GL_OES_vertex_array_object GL_KHR_texture_compression_astc_ldr ANDROID_EMU_gles_max_version_3_1 
06-11 10:12:32.196  1793  1793 D gralloc_ranchu: gralloc_alloc: Creating ashmem region of size 45056
06-11 10:12:32.197  1680  1680 I hwservicemanager: getTransport: Cannot find entry android.hardware.graphics.mapper@3.0::IMapper/default in either framework or device manifest.
06-11 10:12:32.201  2542  3295 W OpenGLRenderer: Failed to choose config with EGL_SWAP_BEHAVIOR_PRESERVED, retrying without...
06-11 10:12:32.209  2542  3088 W Gralloc3: mapper 3.x is not supported
06-11 10:12:32.210  2542  3295 D EGL_emulation: eglCreateContext: 0xdd01aae0: maj 3 min 1 rcv 4
06-11 10:12:32.212  1793  1793 D gralloc_ranchu: gralloc_alloc: Creating ashmem region of size 45056
06-11 10:12:32.235  2091  3072 V KeyValueBackupJob: Scheduling k/v pass in 247 minutes
06-11 10:12:32.239  2542  3295 D EGL_emulation: eglMakeCurrent: 0xdd01aae0: ver 3 1 (tinfo 0xdd00f9f0)
06-11 10:12:32.239  2586  2586 I ConfigNotification: Get device mode by ui mode:1 and smallestScreenWidthDp:411
06-11 10:12:32.249  2586  2586 I ConfigNotification: Get device mode by ui mode:1 and smallestScreenWidthDp:411
06-11 10:12:32.253  2542  3295 E eglCodecCommon: glUtilsParamSize: unknow param 0x000082da
06-11 10:12:32.253  2401  2426 D IccSmsInterfaceManager: [IccSmsInterfaceManager] Calling setGsmBroadcastConfig with 1 configurations
06-11 10:12:32.253  2542  3295 E eglCodecCommon: glUtilsParamSize: unknow param 0x000082da
06-11 10:12:32.259  2259  2646 D EGL_emulation: eglMakeCurrent: 0xf037fe20: ver 3 1 (tinfo 0xd9c0ec40)
06-11 10:12:32.263  2401  2426 D IccSmsInterfaceManager: [IccSmsInterfaceManager] Failed to add GSM cell broadcast channels range 4379 to 4379
06-11 10:12:32.268  3393  3393 I d.process.acor: The ClassLoaderContext is a special shared library.
06-11 10:12:32.268  1680  1680 I hwservicemanager: getTransport: Cannot find entry android.hardware.graphics.allocator@3.0::IAllocator/default in either framework or device manifest.
06-11 10:12:32.269  2542  3088 W Gralloc3: allocator 3.x is not supported
06-11 10:12:32.271  2401  2426 D IccSmsInterfaceManager: [IccSmsInterfaceManager] Calling setCdmaBroadcastConfig with 1 configurations
06-11 10:12:32.278  2401  2426 D IccSmsInterfaceManager: [IccSmsInterfaceManager] Failed to add cdma broadcast channels range 4099 to 4099
06-11 10:12:32.287  2586  2586 I ConfigNotification: Get device mode by ui mode:1 and smallestScreenWidthDp:411
06-11 10:12:32.288  1793  1793 D gralloc_ranchu: gralloc_alloc: Creating ashmem region of size 143360
06-11 10:12:32.288  2586  2586 I ConfigNotification: Get device mode by ui mode:1 and smallestScreenWidthDp:411
06-11 10:12:32.290  2401  2426 D IccSmsInterfaceManager: [IccSmsInterfaceManager] Calling setGsmBroadcastConfig with 1 configurations
06-11 10:12:32.291  2542  3088 D HostConnection: createUnique: call
06-11 10:12:32.292  2542  3088 D HostConnection: HostConnection::get() New Host Connection established 0xdd04ceb0, tid 3088
06-11 10:12:32.299  2401  2426 D IccSmsInterfaceManager: [IccSmsInterfaceManager] Failed to add GSM cell broadcast channels range 4392 to 4392
06-11 10:12:32.303  2586  2586 I ConfigNotification: Get device mode by ui mode:1 and smallestScreenWidthDp:411
06-11 10:12:32.306  2586  2586 I ConfigNotification: Get device mode by ui mode:1 and smallestScreenWidthDp:411
06-11 10:12:32.318  2542  3088 D HostConnection: HostComposition ext ANDROID_EMU_CHECKSUM_HELPER_v1 ANDROID_EMU_native_sync_v2 ANDROID_EMU_native_sync_v3 ANDROID_EMU_native_sync_v4 ANDROID_EMU_dma_v1 ANDROID_EMU_direct_mem ANDROID_EMU_host_composition_v1 ANDROID_EMU_host_composition_v2 ANDROID_EMU_vulkan ANDROID_EMU_deferred_vulkan_commands ANDROID_EMU_vulkan_null_optional_strings ANDROID_EMU_vulkan_create_resources_with_requirements ANDROID_EMU_YUV420_888_to_NV21 ANDROID_EMU_YUV_Cache ANDROID_EMU_async_unmap_buffer GL_OES_EGL_image_external_essl3 GL_OES_vertex_array_object GL_KHR_texture_compression_astc_ldr ANDROID_EMU_gles_max_version_3_1 
06-11 10:12:32.318  2542  3088 D eglCodecCommon: allocate: Ask for block of size 0x1000
06-11 10:12:32.319  2542  3088 D eglCodecCommon: allocate: ioctl allocate returned offset 0x3ffffa000 size 0x2000
06-11 10:12:32.321  2586  2586 I ConfigNotification: Get device mode by ui mode:1 and smallestScreenWidthDp:411
06-11 10:12:32.322  2091  2671 D WificondControl: Scan result ready event
06-11 10:12:32.323  2586  2586 I ConfigNotification: Get device mode by ui mode:1 and smallestScreenWidthDp:411
06-11 10:12:32.323  2586  2586 I ConfigNotification: Get device mode by ui mode:1 and smallestScreenWidthDp:411
06-11 10:12:32.326  3157  3192 I or.multidispla: Background young concurrent copying GC freed 5011(1503KB) AllocSpace objects, 0(0B) LOS objects, 86% free, 961KB/7105KB, paused 1.117ms total 185.538ms
06-11 10:12:32.342  2586  2586 I ConfigNotification: Get device mode by ui mode:1 and smallestScreenWidthDp:411
06-11 10:12:32.355  2586  2586 I ConfigNotification: Get device mode by ui mode:1 and smallestScreenWidthDp:411
06-11 10:12:32.356  2586  3336 W putmethod.lati: Verification of int af.a(android.content.Context, do, int, do, boolean) took 102.732ms
06-11 10:12:32.356  3393  3393 I d.process.acor: The ClassLoaderContext is a special shared library.
06-11 10:12:32.363  2542  3452 D HostConnection: HostConnection::get() New Host Connection established 0xdd04cff0, tid 3452
06-11 10:12:32.380  2401  2430 D IccSmsInterfaceManager: [IccSmsInterfaceManager] Failed to remove GSM cell broadcast channels range 4380 to 4380
06-11 10:12:32.382  2586  2586 I ConfigNotification: Get device mode by ui mode:1 and smallestScreenWidthDp:411
06-11 10:12:32.383  2586  2586 I ConfigNotification: Get device mode by ui mode:1 and smallestScreenWidthDp:411
06-11 10:12:32.386  2091  2221 D WifiClientModeImpl: CMD_START_CONNECT sup state UninitializedState my state DisconnectedState nid=0 roam=false
06-11 10:12:32.388  2586  2586 I ConfigNotification: Get device mode by ui mode:1 and smallestScreenWidthDp:411
06-11 10:12:32.388  2401  2430 D IccSmsInterfaceManager: [IccSmsInterfaceManager] Failed to remove cdma broadcast channels range 4100 to 4100
06-11 10:12:32.388  2586  2586 I ConfigNotification: Get device mode by ui mode:1 and smallestScreenWidthDp:411
06-11 10:12:32.393  2586  2586 I ConfigNotification: Get device mode by ui mode:1 and smallestScreenWidthDp:411
06-11 10:12:32.395  2401  2430 D IccSmsInterfaceManager: [IccSmsInterfaceManager] Failed to remove GSM cell broadcast channels range 4393 to 4393
06-11 10:12:32.405  2961  3450 I chatty  : uid=10101(com.google.android.gms) expire 1 line
06-11 10:12:32.419  3393  3393 I ContactsPerf: VoicemailContentProvider.onCreate start
06-11 10:12:32.432  2586  2586 I ConfigNotification: Get device mode by ui mode:1 and smallestScreenWidthDp:411
06-11 10:12:32.434  2586  2586 I ConfigNotification: Get device mode by ui mode:1 and smallestScreenWidthDp:411
06-11 10:12:32.435  3308  3308 D FirebaseApp: com.google.firebase.auth.FirebaseAuth is not linked. Skipping initialization.
06-11 10:12:32.436  3308  3308 D FirebaseApp: com.google.firebase.crash.FirebaseCrash is not linked. Skipping initialization.
06-11 10:12:32.440  2542  3452 D HostConnection: HostComposition ext ANDROID_EMU_CHECKSUM_HELPER_v1 ANDROID_EMU_native_sync_v2 ANDROID_EMU_native_sync_v3 ANDROID_EMU_native_sync_v4 ANDROID_EMU_dma_v1 ANDROID_EMU_direct_mem ANDROID_EMU_host_composition_v1 ANDROID_EMU_host_composition_v2 ANDROID_EMU_vulkan ANDROID_EMU_deferred_vulkan_commands ANDROID_EMU_vulkan_null_optional_strings ANDROID_EMU_vulkan_create_resources_with_requirements ANDROID_EMU_YUV420_888_to_NV21 ANDROID_EMU_YUV_Cache ANDROID_EMU_async_unmap_buffer GL_OES_EGL_image_external_essl3 GL_OES_vertex_array_object GL_KHR_texture_compression_astc_ldr ANDROID_EMU_gles_max_version_3_1 
06-11 10:12:32.440  2542  3452 W OpenGLRenderer: Failed to choose config with EGL_SWAP_BEHAVIOR_PRESERVED, retrying without...
06-11 10:12:32.459  2401  2426 D IccSmsInterfaceManager: [IccSmsInterfaceManager] Failed to remove GSM cell broadcast channels range 4381 to 4381
06-11 10:12:32.460  2091  2221 I WifiClientModeImpl: Connecting with 02:15:b2:00:00:00 as the mac address
06-11 10:12:32.461  1853  1853 W wificond: Scan is not started. Ignore abort request
06-11 10:12:32.462  2542  3452 D EGL_emulation: eglCreateContext: 0xdd01b320: maj 3 min 1 rcv 4
06-11 10:12:32.464  2542  3452 D EGL_emulation: eglMakeCurrent: 0xdd01b320: ver 3 1 (tinfo 0xdd0f52e0)
06-11 10:12:32.464  2091  2221 D SupplicantStaIfaceHal: connectToNetwork "AndroidWifi"NONE
06-11 10:12:32.465  2091  2221 I SupplicantStaIfaceHal: addSupplicantStaNetwork via HIDL
06-11 10:12:32.465  2401  2426 D IccSmsInterfaceManager: [IccSmsInterfaceManager] Failed to remove GSM cell broadcast channels range 4394 to 4394
06-11 10:12:32.465  2586  2586 I ConfigNotification: Get device mode by ui mode:1 and smallestScreenWidthDp:411
06-11 10:12:32.469  2586  2586 I ConfigNotification: Get device mode by ui mode:1 and smallestScreenWidthDp:411
06-11 10:12:32.481  2542  3452 E eglCodecCommon: glUtilsParamSize: unknow param 0x000082da
06-11 10:12:32.481  2542  3452 E eglCodecCommon: glUtilsParamSize: unknow param 0x000082da
06-11 10:12:32.486  2542  3088 D HostConnection: HostConnection::get() New Host Connection established 0xdd04cf50, tid 3088
06-11 10:12:32.499  3308  3308 V FA      : Registered activity lifecycle callback
06-11 10:12:32.500  3308  3308 I FirebaseInitProvider: FirebaseApp initialization successful
06-11 10:12:32.527  3348  3348 I CAR.GH  : Process: SHARED_SERVICE
06-11 10:12:32.532  3348  3348 W PrimesInit: Primes instant initialization
06-11 10:12:32.534  2586  2586 I ConfigNotification: Get device mode by ui mode:1 and smallestScreenWidthDp:411
06-11 10:12:32.540  2542  3088 D HostConnection: HostComposition ext ANDROID_EMU_CHECKSUM_HELPER_v1 ANDROID_EMU_native_sync_v2 ANDROID_EMU_native_sync_v3 ANDROID_EMU_native_sync_v4 ANDROID_EMU_dma_v1 ANDROID_EMU_direct_mem ANDROID_EMU_host_composition_v1 ANDROID_EMU_host_composition_v2 ANDROID_EMU_vulkan ANDROID_EMU_deferred_vulkan_commands ANDROID_EMU_vulkan_null_optional_strings ANDROID_EMU_vulkan_create_resources_with_requirements ANDROID_EMU_YUV420_888_to_NV21 ANDROID_EMU_YUV_Cache ANDROID_EMU_async_unmap_buffer GL_OES_EGL_image_external_essl3 GL_OES_vertex_array_object GL_KHR_texture_compression_astc_ldr ANDROID_EMU_gles_max_version_3_1 
06-11 10:12:32.544  2586  2586 I ConfigNotification: Get device mode by ui mode:1 and smallestScreenWidthDp:411
06-11 10:12:32.548  2586  2586 I ConfigNotification: Get device mode by ui mode:1 and smallestScreenWidthDp:411
06-11 10:12:32.557  2401  2426 D IccSmsInterfaceManager: [IccSmsInterfaceManager] Failed to remove GSM cell broadcast channels range 4382 to 4382
06-11 10:12:32.563  2401  2426 D IccSmsInterfaceManager: [IccSmsInterfaceManager] Failed to remove GSM cell broadcast channels range 4395 to 4395
06-11 10:12:32.568  3393  3393 I ContactsPerf: VoicemailContentProvider.onCreate finish
06-11 10:12:32.582  3348  3466 W Primes  : background initialization
06-11 10:12:32.590  2586  2586 I ConfigNotification: Get device mode by ui mode:1 and smallestScreenWidthDp:411
06-11 10:12:32.608  2586  2586 I ConfigNotification: Get device mode by ui mode:1 and smallestScreenWidthDp:411
06-11 10:12:32.650  2401  2426 D IccSmsInterfaceManager: [IccSmsInterfaceManager] Calling setGsmBroadcastConfig with 1 configurations
06-11 10:12:32.664  2834  2860 I droid.deskcloc: Waiting for a blocking GC ProfileSaver
06-11 10:12:32.667  2586  2586 I ConfigNotification: Get device mode by ui mode:1 and smallestScreenWidthDp:411
06-11 10:12:32.670  2586  2586 I ConfigNotification: Get device mode by ui mode:1 and smallestScreenWidthDp:411
06-11 10:12:32.679  2401  2426 D IccSmsInterfaceManager: [IccSmsInterfaceManager] Failed to add GSM cell broadcast channels range 4352 to 4354
06-11 10:12:32.691  3244  3270 I android.smspus: Background young concurrent copying GC freed 6566(1774KB) AllocSpace objects, 0(0B) LOS objects, 86% free, 964KB/7108KB, paused 64.574ms total 162.712ms
06-11 10:12:32.700  2401  2426 D IccSmsInterfaceManager: [IccSmsInterfaceManager] Calling setGsmBroadcastConfig with 1 configurations
06-11 10:12:32.702  2586  2586 I ConfigNotification: Get device mode by ui mode:1 and smallestScreenWidthDp:411
06-11 10:12:32.702  2586  2586 I ConfigNotification: Get device mode by ui mode:1 and smallestScreenWidthDp:411
06-11 10:12:32.704  2586  2586 I ConfigNotification: Get device mode by ui mode:1 and smallestScreenWidthDp:411
06-11 10:12:32.707  2401  2426 D IccSmsInterfaceManager: [IccSmsInterfaceManager] Failed to add GSM cell broadcast channels range 4356 to 4356
06-11 10:12:32.723  2586  2586 I ConfigNotification: Get device mode by ui mode:1 and smallestScreenWidthDp:411
06-11 10:12:32.729  2586  2586 I ConfigNotification: Get device mode by ui mode:1 and smallestScreenWidthDp:411
06-11 10:12:32.763  2320  2320 I wpa_supplicant: wlan0: SME: Trying to authenticate with 02:15:b2:00:01:00 (SSID='AndroidWifi' freq=2447 MHz)
06-11 10:12:32.769  2586  2586 I ConfigNotification: Get device mode by ui mode:1 and smallestScreenWidthDp:411
06-11 10:12:32.773  2091  2532 D CountryDetector: The first listener is added
06-11 10:12:32.773  2586  2586 I ConfigNotification: Get device mode by ui mode:1 and smallestScreenWidthDp:411
06-11 10:12:32.775  3393  3393 I ContactsDatabaseHelper: updateUseStrictPhoneNumberComparison: US
06-11 10:12:32.789  3348  3466 I PrimesTesting: GserviceFlagsSupplier.get()
06-11 10:12:32.795  3393  3393 D ActivityThread: Loading provider contacts;com.android.contacts: com.android.providers.contacts.ContactsProvider2
06-11 10:12:32.796  2586  2586 I ConfigNotification: Get device mode by ui mode:1 and smallestScreenWidthDp:411
06-11 10:12:32.802  2586  2586 I ConfigNotification: Get device mode by ui mode:1 and smallestScreenWidthDp:411
06-11 10:12:32.818  2401  2430 D IccSmsInterfaceManager: [IccSmsInterfaceManager] Failed to remove GSM cell broadcast channels range 4355 to 4355
06-11 10:12:32.823  2834  2860 I droid.deskcloc: WaitForGcToComplete blocked ProfileSaver on ClassLinker for 158.775ms
06-11 10:12:32.827  2586  2586 I ConfigNotification: Get device mode by ui mode:1 and smallestScreenWidthDp:411
06-11 10:12:32.830  2586  2586 I ConfigNotification: Get device mode by ui mode:1 and smallestScreenWidthDp:411
06-11 10:12:32.835  1989  1989 I hostapd : wlan1: STA 02:15:b2:00:00:00 IEEE 802.11: authenticated
06-11 10:12:32.835  1989  1989 I hostapd : wlan1: STA 02:15:b2:00:00:00 IEEE 802.11: authenticated
06-11 10:12:32.838  2320  2320 I wpa_supplicant: wlan0: Trying to associate with 02:15:b2:00:01:00 (SSID='AndroidWifi' freq=2447 MHz)
06-11 10:12:32.846  2586  2586 I ConfigNotification: Get device mode by ui mode:1 and smallestScreenWidthDp:411
06-11 10:12:32.846  2586  2586 I ConfigNotification: Get device mode by ui mode:1 and smallestScreenWidthDp:411
06-11 10:12:32.846  1989  1989 I hostapd : wlan1: STA 02:15:b2:00:00:00 IEEE 802.11: associated (aid 1)
06-11 10:12:32.846  1989  1989 I hostapd : wlan1: STA 02:15:b2:00:00:00 IEEE 802.11: associated (aid 1)
06-11 10:12:32.846  1989  1989 I hostapd : wlan1: AP-STA-CONNECTED 02:15:b2:00:00:00
06-11 10:12:32.847  2586  2586 I ConfigNotification: Get device mode by ui mode:1 and smallestScreenWidthDp:411
06-11 10:12:32.849  2586  2586 I ConfigNotification: Get device mode by ui mode:1 and smallestScreenWidthDp:411
06-11 10:12:32.859  2773  2786 I chatty  : uid=10101 com.google.android.gms.persistent expire 8 lines
06-11 10:12:32.849  2586  2586 I ConfigNotification: Get device mode by ui mode:1 and smallestScreenWidthDp:411
06-11 10:12:32.873  2586  2586 I ConfigNotification: Get device mode by ui mode:1 and smallestScreenWidthDp:411
06-11 10:12:32.874  2320  2320 I wpa_supplicant: wlan0: Associated with 02:15:b2:00:01:00
06-11 10:12:32.874  2320  2320 I wpa_supplicant: wlan0: CTRL-EVENT-CONNECTED - Connection to 02:15:b2:00:01:00 completed [id=0 id_str=%7B%22configKey%22%3A%22%5C%22AndroidWifi%5C%22NONE%22%2C%22creatorUid%22%3A%221000%22%7D]
06-11 10:12:32.874  2320  2320 I wpa_supplicant: wlan0: CTRL-EVENT-SUBNET-STATUS-UPDATE status=0
06-11 10:12:32.873  2586  2586 I ConfigNotification: Get device mode by ui mode:1 and smallestScreenWidthDp:411
06-11 10:12:32.877  2586  2586 I ConfigNotification: Get device mode by ui mode:1 and smallestScreenWidthDp:411
06-11 10:12:32.883  2401  2430 D IccSmsInterfaceManager: [IccSmsInterfaceManager] Calling setGsmBroadcastConfig with 1 configurations
06-11 10:12:32.888  2586  2586 I ConfigNotification: Get device mode by ui mode:1 and smallestScreenWidthDp:411
06-11 10:12:32.890  2586  2586 I ConfigNotification: Get device mode by ui mode:1 and smallestScreenWidthDp:411
06-11 10:12:32.891  2401  2430 D IccSmsInterfaceManager: [IccSmsInterfaceManager] Failed to add GSM cell broadcast channels range 4396 to 4396
06-11 10:12:32.891  2586  2586 I ConfigNotification: Get device mode by ui mode:1 and smallestScreenWidthDp:411
06-11 10:12:32.908  2586  2586 I ConfigNotification: Get device mode by ui mode:1 and smallestScreenWidthDp:411
06-11 10:12:32.908  3308  3326 I .apps.messagin: ThreadFlipBegin blocked for 11.284ms
06-11 10:12:32.911  2586  2586 I ConfigNotification: Get device mode by ui mode:1 and smallestScreenWidthDp:411
06-11 10:12:32.917  2586  2586 I ConfigNotification: Get device mode by ui mode:1 and smallestScreenWidthDp:411
06-11 10:12:32.917  3283  3300 I chatty  : uid=10101(com.google.android.gms) com.google.process.gapps expire 1 line
06-11 10:12:32.924  1793  1793 D gralloc_ranchu: gralloc_alloc: Creating ashmem region of size 143360
06-11 10:12:32.934  2586  2586 I ConfigNotification: Get device mode by ui mode:1 and smallestScreenWidthDp:411
06-11 10:12:32.936  2586  2586 I ConfigNotification: Get device mode by ui mode:1 and smallestScreenWidthDp:411
06-11 10:12:32.940  3308  3308 I .apps.messagin: IncrementDisableThreadFlip blocked for 35.206ms
06-11 10:12:32.948  3308  3472 I .apps.messagin: IncrementDisableThreadFlip blocked for 43.017ms
06-11 10:12:32.958  2401  2430 D IccSmsInterfaceManager: [IccSmsInterfaceManager] Calling setGsmBroadcastConfig with 1 configurations
06-11 10:12:32.959  1776  2466 I netd    : interfaceGetCfg("wlan0") <0.21ms>
06-11 10:12:32.969  2586  2586 I ConfigNotification: Get device mode by ui mode:1 and smallestScreenWidthDp:411
06-11 10:12:32.975  2586  2586 I ConfigNotification: Get device mode by ui mode:1 and smallestScreenWidthDp:411
06-11 10:12:32.980  1776  2466 I netd    : interfaceGetCfg("wlan0") <0.77ms>
06-11 10:12:32.983  3174  3433 W ThreadPoolDumper: Task aw[SearchServiceCore [attachClient]] was queued for 1029ms before starting on executor EventBus
06-11 10:12:32.985  2401  2430 D IccSmsInterfaceManager: [IccSmsInterfaceManager] Failed to add GSM cell broadcast channels range 4397 to 4397
06-11 10:12:32.985  2091  2221 D ConnectivityService: registerNetworkAgent NetworkAgentInfo{ ni{[type: WIFI[], state: CONNECTING/CONNECTING, reason: (unspecified), extra: (none), failover: false, available: true, roaming: false]}  network{101}  nethandle{437197393933}  lp{{LinkAddresses: [ ] DnsAddresses: [ ] Domains: null MTU: 0 Routes: [ ]}}  nc{[ Transports: WIFI Capabilities: NOT_METERED&INTERNET&NOT_RESTRICTED&NOT_VPN&NOT_ROAMING&FOREGROUND&NOT_CONGESTED&NOT_SUSPENDED LinkUpBandwidth>=1048576Kbps LinkDnBandwidth>=1048576Kbps Specifier: <WifiNetworkAgentSpecifier [WifiConfiguration=, SSID="AndroidWifi", BSSID=02:15:b2:00:01:00, mOriginalRequestorUid=-1, mOriginalRequestorPackageName=]> SSID: "AndroidWifi"]}  Score{20}  everValidated{false}  lastValidated{false}  created{false} lingering{false} explicitlySelected{false} acceptUnvalidated{false} everCaptivePortalDetected{false} lastCaptivePortalDetected{false} captivePortalValidationPending{false} partialConnectivity{false} acceptPartialConnectivity{false} clat{mBaseIface: null, mIface: null, mState: IDLE} }
06-11 10:12:32.988  2586  3336 W putmethod.lati: Verification of java.lang.String cf.a(int, int, java.lang.String) took 150.628ms
06-11 10:12:32.997  2091  2224 D ConnectivityService: NetworkAgentInfo [WIFI () - 101] EVENT_NETWORK_INFO_CHANGED, going from null to CONNECTING
06-11 10:12:33.003  2091  2104 I system_server: Background concurrent copying GC freed 78698(5101KB) AllocSpace objects, 67(1852KB) LOS objects, 36% free, 10MB/16MB, paused 7.125ms total 2.324s
06-11 10:12:33.009  3308  3308 I Bugle   : Initializing EmojiCompat
06-11 10:12:33.031  2586  2586 I ConfigNotification: Get device mode by ui mode:1 and smallestScreenWidthDp:411
06-11 10:12:33.034  2586  2586 I ConfigNotification: Get device mode by ui mode:1 and smallestScreenWidthDp:411
06-11 10:12:33.036  2091  2221 E SupplicantStaIfaceHal: ISupplicantStaIface.setPowerSave failed: {.code = FAILURE_UNKNOWN, .debugMessage = }
06-11 10:12:33.054  2401  2818 D IccSmsInterfaceManager: [IccSmsInterfaceManager] Failed to remove GSM cell broadcast channels range 4398 to 4398
06-11 10:12:33.058  2401  2818 D IccSmsInterfaceManager: [IccSmsInterfaceManager] Failed to remove GSM cell broadcast channels range 4399 to 4399
06-11 10:12:33.065  1776  2466 W ServiceManager: Permission failure: android.permission.NETWORK_STACK from uid=1073 pid=2338
06-11 10:12:33.066  1776  2466 I netd    : interfaceSetIPv6PrivacyExtensions("wlan0", "true") <3.64ms>
06-11 10:12:33.072  1776  2466 W ServiceManager: Permission failure: android.permission.NETWORK_STACK from uid=1073 pid=2338
06-11 10:12:33.074  1776  2466 I netd    : setIPv6AddrGenMode("wlan0", 0) <2.72ms>
06-11 10:12:33.076  1776  2466 W ServiceManager: Permission failure: android.permission.NETWORK_STACK from uid=1073 pid=2338
06-11 10:12:33.076  1777  1777 D Zygote  : Forked child process 3496
06-11 10:12:33.077  1776  2466 I netd    : interfaceSetEnableIPv6("wlan0", "true") <1.96ms>
06-11 10:12:33.087  2091  2134 W ActivityManager: Slow operation: 75ms so far, now at startProcess: returned from zygote!
06-11 10:12:33.088  1776  2466 W ServiceManager: Permission failure: android.permission.NETWORK_STACK from uid=1073 pid=2338
06-11 10:12:33.089  1776  2466 I netd    : setProcSysNet(4, 2, "wlan0", "retrans_time_ms", "750") <4.77ms>
06-11 10:12:33.089  3496  3496 W id.partnersetu: Unexpected CPU variant for X86 using defaults: x86
06-11 10:12:33.092  2586  2586 I ConfigNotification: Get device mode by ui mode:1 and smallestScreenWidthDp:411
06-11 10:12:33.095  2586  2586 I ConfigNotification: Get device mode by ui mode:1 and smallestScreenWidthDp:411
06-11 10:12:33.097  3308  3308 I Bugle   : BugleApplicationBase: Bugle version: 4.1.067 (ettin_rc12_alldpi.x86.phone)
06-11 10:12:33.102  2091  2134 W ActivityManager: Slow operation: 89ms so far, now at startProcess: done updating battery stats
06-11 10:12:33.102  2091  2134 W ActivityManager: Slow operation: 89ms so far, now at startProcess: building log message
06-11 10:12:33.102  2091  2134 I ActivityManager: Start proc 3496:com.google.android.partnersetup/u0a97 for content provider {com.google.android.partnersetup/com.google.android.partnersetup.RlzAppProvider}
06-11 10:12:33.102  2091  2134 W ActivityManager: Slow operation: 89ms so far, now at startProcess: starting to update pids map
06-11 10:12:33.103  2091  2134 W ActivityManager: Slow operation: 91ms so far, now at startProcess: done updating pids map
06-11 10:12:33.110  1776  2466 W ServiceManager: Permission failure: android.permission.NETWORK_STACK from uid=1073 pid=2338
06-11 10:12:33.111  1776  2466 I netd    : setProcSysNet(4, 2, "wlan0", "ucast_solicit", "5") <4.19ms>
06-11 10:12:33.115  1776  2466 W ServiceManager: Permission failure: android.permission.NETWORK_STACK from uid=1073 pid=2338
06-11 10:12:33.120  1776  2466 I netd    : setProcSysNet(6, 2, "wlan0", "retrans_time_ms", "750") <6.83ms>
06-11 10:12:33.125  1776  2466 W ServiceManager: Permission failure: android.permission.NETWORK_STACK from uid=1073 pid=2338
06-11 10:12:33.128  2586  2586 I ConfigNotification: Get device mode by ui mode:1 and smallestScreenWidthDp:411
06-11 10:12:33.128  1776  2466 I netd    : setProcSysNet(6, 2, "wlan0", "ucast_solicit", "5") <6.32ms>
06-11 10:12:33.129  2586  2586 I ConfigNotification: Get device mode by ui mode:1 and smallestScreenWidthDp:411
06-11 10:12:33.131  2586  2586 I ConfigNotification: Get device mode by ui mode:1 and smallestScreenWidthDp:411
06-11 10:12:33.138  3174  3497 I GsaConfigFlagsSyncer: Flags already sync'ed.
06-11 10:12:33.154  3308  3308 I Bugle   : DarkModeUtilImpl: Setting system dark mode to off
06-11 10:12:33.168  2586  2586 I ConfigNotification: Get device mode by ui mode:1 and smallestScreenWidthDp:411
06-11 10:12:33.171  2586  2586 I ConfigNotification: Get device mode by ui mode:1 and smallestScreenWidthDp:411
06-11 10:12:33.182  3308  3308 W PrimesInit: Primes instant initialization
06-11 10:12:33.189  3174  3433 I MicroDetectionWorker: Initializing MicroDataManager InitializeType-1, isForced-false, isActivePhoneEnrollment-false isActiveGoogleHomeEnrollment-false
06-11 10:12:33.214  2586  2586 I ConfigNotification: Get device mode by ui mode:1 and smallestScreenWidthDp:411
06-11 10:12:33.218  2586  2586 I ConfigNotification: Get device mode by ui mode:1 and smallestScreenWidthDp:411
06-11 10:12:33.218  3174  3425 I ModelDownloadListener: Schdedule model download
06-11 10:12:33.219  2586  2586 I ConfigNotification: Get device mode by ui mode:1 and smallestScreenWidthDp:411
06-11 10:12:33.220  2586  2586 I ConfigNotification: Get device mode by ui mode:1 and smallestScreenWidthDp:411
06-11 10:12:33.224  2586  3336 W putmethod.lati: Unsupported class loader
06-11 10:12:33.228  2091  2091 W Looper  : Slow dispatch took 1709ms main h=android.app.ActivityThread$H c=android.app.-$$Lambda$LoadedApk$ReceiverDispatcher$Args$_BumDX2UKsnxLVrE6UJsJZkotuA@730ecb2 m=0
06-11 10:12:33.234  2091  2224 D ConnectivityService: NetworkAgentInfo [WIFI () - 101] EVENT_NETWORK_INFO_CHANGED, going from CONNECTING to CONNECTING
06-11 10:12:33.238  2091  2091 V NotificationAssistants: disabling notification assistant for user 0: ComponentInfo{com.google.android.ext.services/android.ext.services.notification.Assistant}
06-11 10:12:33.238  2091  2091 D NotificationListeners: Removing active service ComponentInfo{com.google.android.ext.services/android.ext.services.notification.Assistant}
06-11 10:12:33.239  1776  2466 I netd    : bandwidthAddNiceApp(10101) <0.07ms>
06-11 10:12:33.239  3496  3496 I id.partnersetu: The ClassLoaderContext is a special shared library.
06-11 10:12:33.241  2091  2091 V NotificationAssistants: enabling notification assistant for 0: ComponentInfo{com.google.android.ext.services/android.ext.services.notification.Assistant}
06-11 10:12:33.241  2091  2091 V NotificationAssistants: binding: Intent { act=android.service.notification.NotificationAssistantService cmp=com.google.android.ext.services/android.ext.services.notification.Assistant (has extras) }
06-11 10:12:33.254  2338  3531 D DhcpClient: Receive thread started
06-11 10:12:33.264  3308  3529 W Primes  : background initialization
06-11 10:12:33.273  2586  2586 I ConfigNotification: Get device mode by ui mode:1 and smallestScreenWidthDp:411
