--------- beginning of system
06-11 10:12:02.677  1684  1684 I vold    : Vold 3.0 (the awakening) firing up
06-11 10:12:02.677  1684  1684 D vold    : Detected support for: ext4 f2fs vfat
06-11 10:12:02.680  1684  1684 D vold    : Found unmanaged dm device named vendor
06-11 10:12:02.680  1684  1684 D vold    : Found unmanaged dm device named system
06-11 10:12:02.680  1684  1684 D vold    : Found unmanaged dm device named system-verity
06-11 10:12:02.680  1684  1684 W vold    : Failed to LOOP_GET_STATUS64 /dev/block/loop0: No such device or address
06-11 10:12:02.680  1684  1684 W vold    : Failed to LOOP_GET_STATUS64 /dev/block/loop2: No such device or address
06-11 10:12:02.680  1684  1684 W vold    : Failed to LOOP_GET_STATUS64 /dev/block/loop3: No such device or address
06-11 10:12:02.680  1684  1684 W vold    : Failed to LOOP_GET_STATUS64 /dev/block/loop6: No such device or address
06-11 10:12:02.680  1684  1684 W vold    : Failed to LOOP_GET_STATUS64 /dev/block/loop5: No such device or address
06-11 10:12:02.680  1684  1684 W vold    : Failed to LOOP_GET_STATUS64 /dev/block/loop7: No such device or address
06-11 10:12:02.680  1684  1684 W vold    : Failed to LOOP_GET_STATUS64 /dev/block/loop4: No such device or address
06-11 10:12:02.680  1684  1684 W vold    : Failed to LOOP_GET_STATUS64 /dev/block/loop1: No such device or address
06-11 10:12:02.680  1684  1684 I vold    : Skip mounting partition: /product
06-11 10:12:02.680  1684  1684 I vold    : Skip mounting partition: /product_services
06-11 10:12:02.681  1684  1684 D vold    : VoldNativeService::start() completed OK
06-11 10:12:03.162  1684  1695 I vold    : Found disk at /devices/pci0000:00/0000:00:08.0/virtio5/block/vdf but delaying scan due to secure keyguard
06-11 10:12:03.220  1684  1684 I vold    : fscrypt_initialize_global_de
06-11 10:12:03.221  1684  1684 D vold    : Key exists, using: /data/unencrypted/key
06-11 10:12:03.265  1684  1684 I vold    : List of Keymaster HALs found:
06-11 10:12:03.265  1684  1684 I vold    : Keymaster HAL #1: SoftwareKeymasterDevice from Google SecurityLevel: SOFTWARE HAL: android.hardware.keymaster@3.0::IKeymasterDevice/default
06-11 10:12:03.265  1684  1684 I vold    : Using SoftwareKeymasterDevice from Google for encryption.  Security level: SOFTWARE, HAL: android.hardware.keymaster@3.0::IKeymasterDevice/default
06-11 10:12:03.273  1684  1684 D vold    : Added key 927207943 (ext4:399d963ea9c4bfcf) to keyring 780475784 in process 1684
06-11 10:12:03.273  1684  1684 D vold    : Added key 458523626 (f2fs:399d963ea9c4bfcf) to keyring 780475784 in process 1684
06-11 10:12:03.273  1684  1684 D vold    : Added key 1035379025 (fscrypt:399d963ea9c4bfcf) to keyring 780475784 in process 1684
06-11 10:12:03.278  1684  1684 I vold    : Wrote system DE key reference to:/data/unencrypted/ref
06-11 10:12:03.449  1684  1684 D vold    : fscrypt_init_user0
06-11 10:12:03.449  1684  1684 D vold    : Preparing: /data/misc/vold/user_keys
06-11 10:12:03.449  1684  1684 D vold    : Preparing: /data/misc/vold/user_keys/ce
06-11 10:12:03.449  1684  1684 D vold    : Preparing: /data/misc/vold/user_keys/de
06-11 10:12:03.450  1684  1684 D vold    : Skipping non-de-key .
06-11 10:12:03.450  1684  1684 D vold    : Skipping non-de-key ..
06-11 10:12:03.456  1684  1684 I vold    : List of Keymaster HALs found:
06-11 10:12:03.456  1684  1684 I vold    : Keymaster HAL #1: SoftwareKeymasterDevice from Google SecurityLevel: SOFTWARE HAL: android.hardware.keymaster@3.0::IKeymasterDevice/default
06-11 10:12:03.457  1684  1684 I vold    : Using SoftwareKeymasterDevice from Google for encryption.  Security level: SOFTWARE, HAL: android.hardware.keymaster@3.0::IKeymasterDevice/default
06-11 10:12:03.457  1684  1684 D vold    : Added key 8193890 (ext4:2e40d2d781ae7beb) to keyring 780475784 in process 1684
06-11 10:12:03.457  1684  1684 D vold    : Added key 604894414 (f2fs:2e40d2d781ae7beb) to keyring 780475784 in process 1684
06-11 10:12:03.457  1684  1684 D vold    : Added key 112162386 (fscrypt:2e40d2d781ae7beb) to keyring 780475784 in process 1684
06-11 10:12:03.457  1684  1684 D vold    : Installed de key for user 0
06-11 10:12:03.457  1684  1684 D vold    : fscrypt_prepare_user_storage for volume null, user 0, serial 0, flags 1
06-11 10:12:03.457  1684  1684 D vold    : Preparing: /data/system/users/0
06-11 10:12:03.458  1684  1684 D vold    : Preparing: /data/misc/profiles/cur/0
06-11 10:12:03.458  1684  1684 D vold    : Preparing: /data/system_de/0
06-11 10:12:03.458  1684  1684 D vold    : Preparing: /data/misc_de/0
06-11 10:12:03.458  1684  1684 D vold    : Preparing: /data/vendor_de/0
06-11 10:12:03.458  1684  1684 D vold    : Preparing: /data/user_de/0
06-11 10:12:03.459  1684  1684 I vold    : Found policy 2e40d2d781ae7beb at /data/system_de/0 which matches expected value
06-11 10:12:03.459  1684  1684 I vold    : Found policy 2e40d2d781ae7beb at /data/misc_de/0 which matches expected value
06-11 10:12:03.459  1684  1684 I vold    : Found policy 2e40d2d781ae7beb at /data/vendor_de/0 which matches expected value
06-11 10:12:03.460  1684  1684 I vold    : Found policy 2e40d2d781ae7beb at /data/user_de/0 which matches expected value
06-11 10:12:03.460  1684  1684 D vold    : /system/bin/vold_prepare_subdirs
06-11 10:12:03.460  1684  1684 D vold    :     prepare
06-11 10:12:03.460  1684  1684 D vold    :     
06-11 10:12:03.460  1684  1684 D vold    :     0
06-11 10:12:03.460  1684  1684 D vold    :     1
06-11 10:12:04.115  1838  1838 I installd: installd firing up
06-11 10:12:04.382  1853  1853 I wificond: wificond is starting up...
06-11 10:12:04.500  1799  1799 I android.hardware.wifi@1.0-service: Wifi Hal is booting up...
06-11 10:12:04.507  1799  1799 I ServiceManagement: Registered android.hardware.wifi@1.3::IWifi/default (start delay of 746ms)
06-11 10:12:06.976  1777  1777 D Zygote32Timing: BeginPreload took to complete: 66ms
06-11 10:12:08.458  2076  2079 D BootAnimation: BootAnimationShownTiming start time: 13817ms
06-11 10:12:08.459  2076  2083 E BootAnimation: Could not add watch for /data/system
06-11 10:12:09.491  1777  1777 D Zygote32Timing: PreloadClasses took to complete: 2514ms
06-11 10:12:09.512  1777  1777 D Zygote32Timing: CacheNonBootClasspathClassLoaders took to complete: 21ms
06-11 10:12:10.097  1851  1938 E storaged: getService package_native failed
06-11 10:12:10.104  1851  1938 I storaged: storaged: Start
06-11 10:12:10.152  1777  1777 D Zygote32Timing: PreloadResources took to complete: 641ms
06-11 10:12:10.195  1777  1777 D Zygote32Timing: ZygotePreload took to complete: 3286ms
06-11 10:12:10.237  1777  1777 D Zygote32Timing: PostZygoteInitGC took to complete: 42ms
06-11 10:12:10.238  1777  1777 D Zygote32Timing: ZygoteInit took to complete: 3329ms
06-11 10:12:10.697  2091  2091 I SystemServer: InitBeforeStartServices
06-11 10:12:10.712  2091  2091 I SystemServer: Entered the Android system server!
06-11 10:12:11.270  2091  2091 D SystemServerTiming: InitBeforeStartServices took to complete: 573ms
06-11 10:12:11.270  2091  2091 I SystemServer: StartServices
06-11 10:12:11.270  2091  2091 I SystemServer: StartWatchdog
06-11 10:12:11.317  2091  2091 D SystemServerTiming: StartWatchdog took to complete: 47ms
06-11 10:12:11.318  2091  2091 I SystemServer: Reading configuration...
06-11 10:12:11.318  2091  2091 I SystemServer: ReadingSystemConfig
06-11 10:12:11.320  2091  2091 D SystemServerTiming: ReadingSystemConfig took to complete: 2ms
06-11 10:12:11.322  2091  2091 I SystemServer: StartInstaller
06-11 10:12:11.323  2091  2091 I SystemServiceManager: Starting com.android.server.pm.Installer
06-11 10:12:11.323  2091  2131 D SystemServerInitThreadPool: Started executing ReadingSystemConfig
06-11 10:12:11.354  2091  2091 D SystemServerTiming: StartInstaller took to complete: 32ms
06-11 10:12:11.354  2091  2091 I SystemServer: DeviceIdentifiersPolicyService
06-11 10:12:11.354  2091  2091 I SystemServiceManager: Starting com.android.server.os.DeviceIdentifiersPolicyService
06-11 10:12:11.356  2091  2091 D SystemServerTiming: DeviceIdentifiersPolicyService took to complete: 1ms
06-11 10:12:11.356  2091  2091 I SystemServer: UriGrantsManagerService
06-11 10:12:11.356  2091  2091 I SystemServiceManager: Starting com.android.server.uri.UriGrantsManagerService$Lifecycle
06-11 10:12:11.383  2091  2091 D SystemServerTiming: UriGrantsManagerService took to complete: 27ms
06-11 10:12:11.384  2091  2091 I SystemServer: StartActivityManager
06-11 10:12:11.385  2091  2091 I SystemServiceManager: Starting com.android.server.wm.ActivityTaskManagerService$Lifecycle
06-11 10:12:11.422  2091  2091 I SystemServiceManager: Starting com.android.server.am.ActivityManagerService$Lifecycle
06-11 10:12:11.434  2091  2131 I SystemConfig: Adding association: com.google.android.as <- com.android.providers.contacts
06-11 10:12:11.434  2091  2131 I SystemConfig: Adding association: com.google.android.as <- com.android.providers.media
06-11 10:12:11.434  2091  2131 I SystemConfig: Adding association: com.google.android.as <- com.android.providers.telephony
06-11 10:12:11.434  2091  2131 I SystemConfig: Adding association: com.google.android.as <- com.android.systemui
06-11 10:12:11.435  2091  2131 I SystemConfig: Adding association: com.google.android.as <- com.google.android.gms
06-11 10:12:11.436  2091  2131 I SystemConfig: Adding association: com.google.android.as <- com.google.android.gsf
06-11 10:12:11.507  2091  2091 I ActivityManager: Memory class: 512
06-11 10:12:11.515  2091  2131 W SystemConfig: No directory /product_services/etc/sysconfig, skipping
06-11 10:12:11.515  2091  2131 W SystemConfig: No directory /product_services/etc/permissions, skipping
06-11 10:12:11.515  2091  2131 D SystemServerInitThreadPool: Finished executing ReadingSystemConfig
06-11 10:12:11.554  2091  2091 D BatteryStatsImpl: Reading daily items from /data/system/batterystats-daily.xml
06-11 10:12:11.584  2091  2138 E BatteryExternalStatsWorker: no controller energy info supplied for telephony
06-11 10:12:11.595  2091  2138 E KernelCpuUidFreqTimeReader: Failed to read /proc/uid_time_in_state: java.nio.file.NoSuchFileException: /proc/uid_time_in_state
06-11 10:12:11.602  2091  2138 W KernelCpuProcStringReader: File not found. It's normal if not implemented: /proc/uid_time_in_state
06-11 10:12:11.603  2091  2138 W KernelCpuProcStringReader: File not found. It's normal if not implemented: /proc/uid_concurrent_active_time
06-11 10:12:11.604  2091  2138 W KernelCpuProcStringReader: File not found. It's normal if not implemented: /proc/uid_concurrent_policy_time
06-11 10:12:11.610  2091  2138 W KernelMemoryBandwidthStats: No kernel memory bandwidth stats available
06-11 10:12:11.711  2091  2091 I IntentFirewall: Read new rules (A:0 B:0 S:0)
06-11 10:12:11.787  2091  2091 D AppOps  : AppOpsService published
06-11 10:12:11.806  2091  2091 D SystemServerTiming: StartActivityManager took to complete: 423ms
06-11 10:12:11.806  2091  2091 I SystemServer: StartPowerManager
06-11 10:12:11.806  2091  2091 I SystemServiceManager: Starting com.android.server.power.PowerManagerService
06-11 10:12:11.851  2091  2091 D SystemServerTiming: StartPowerManager took to complete: 44ms
06-11 10:12:11.851  2091  2091 I SystemServer: StartThermalManager
06-11 10:12:11.852  2091  2091 I SystemServiceManager: Starting com.android.server.power.ThermalManagerService
06-11 10:12:11.854  2091  2091 D SystemServerTiming: StartThermalManager took to complete: 3ms
06-11 10:12:11.854  2091  2091 I SystemServer: InitPowerManagement
06-11 10:12:11.861  2091  2091 D SystemServerTiming: InitPowerManagement took to complete: 7ms
06-11 10:12:11.861  2091  2091 I SystemServer: StartRecoverySystemService
06-11 10:12:11.862  2091  2091 I SystemServiceManager: Starting com.android.server.RecoverySystemService
06-11 10:12:11.865  2091  2091 D SystemServerTiming: StartRecoverySystemService took to complete: 3ms
06-11 10:12:11.865  2091  2091 V RescueParty: Disabled because of active USB connection
06-11 10:12:11.866  2091  2091 I SystemServer: StartLightsService
06-11 10:12:11.867  2091  2091 I SystemServiceManager: Starting com.android.server.lights.LightsService
06-11 10:12:11.879  2091  2091 D SystemServerTiming: StartLightsService took to complete: 13ms
06-11 10:12:11.880  2091  2091 I SystemServer: StartSidekickService
06-11 10:12:11.880  2091  2091 D SystemServerTiming: StartSidekickService took to complete: 0ms
06-11 10:12:11.880  2091  2091 I SystemServer: StartDisplayManager
06-11 10:12:11.881  2091  2091 I SystemServiceManager: Starting com.android.server.display.DisplayManagerService
06-11 10:12:11.897  2091  2091 D SystemServerTiming: StartDisplayManager took to complete: 16ms
06-11 10:12:11.897  2091  2091 I SystemServer: WaitForDisplay
06-11 10:12:11.897  2091  2091 I SystemServiceManager: Starting phase 100
06-11 10:12:11.939  2091  2127 I DisplayManagerService: Display device added: DisplayDeviceInfo{"Built-in Screen": uniqueId="local:0", 1440 x 2960, modeId 1, defaultModeId 1, supportedModes [{id=1, width=1440, height=2960, fps=60.000004}], colorMode 0, supportedColorModes [0], HdrCapabilities android.view.Display$HdrCapabilities@40f16308, density 560, 560.0 x 560.0 dpi, appVsyncOff 1000000, presDeadline 16666666, touch INTERNAL, rotation 0, type BUILT_IN, address {port=0}, state UNKNOWN, FLAG_DEFAULT_DISPLAY, FLAG_ROTATES_WITH_CONTENT, FLAG_SECURE, FLAG_SUPPORTS_PROTECTED_BUFFERS}
06-11 10:12:11.965  2091  2127 I DisplayManagerService: Display device changed state: "Built-in Screen", ON
06-11 10:12:11.966  2091  2091 W SystemServiceManager: Service com.android.server.display.DisplayManagerService took 68 ms in onBootPhase
06-11 10:12:11.966  2091  2091 D SystemServerTiming: WaitForDisplay took to complete: 69ms
06-11 10:12:11.967  2091  2091 I SystemServer: StartPackageManagerService
06-11 10:12:11.968  2091  2091 I Watchdog: Pausing HandlerChecker: main thread for reason: packagemanagermain. Pause count: 1
06-11 10:12:12.129  2091  2091 D SELinuxMMAC: Using policy file /system/etc/selinux/plat_mac_permissions.xml
06-11 10:12:12.133  2091  2091 D SELinuxMMAC: Using policy file /vendor/etc/selinux/vendor_mac_permissions.xml
06-11 10:12:12.286  2091  2091 W PackageManager: Unknown element under <package>: uses-static-lib
06-11 10:12:12.300  2091  2091 W PackageManager: Unknown element under <package>: uses-static-lib
06-11 10:12:12.517  2091  2091 D PackageManager: Destroying unknown cache 75c6514841252f7d578e16233b533feaa29a3343
06-11 10:12:12.999  2091  2091 W PackageManager: Failed to parse /system/framework/oat: Missing base APK in /system/framework/oat
06-11 10:12:13.005  2091  2091 W PackageManager: Failed to parse /system/framework/x86: Missing base APK in /system/framework/x86
06-11 10:12:13.145  2091  2155 I PackageParser: Parse times for '/system/framework/framework-res.apk': parse=87ms, update_cache=59 ms
06-11 10:12:13.371  2091  2162 I PackageParser: Parse times for '/system/priv-app/Telecom': parse=166ms, update_cache=40 ms
06-11 10:12:13.398  2091  2161 I PackageParser: Parse times for '/system/priv-app/ManagedProvisioning': parse=218ms, update_cache=16 ms
06-11 10:12:13.419  2091  2160 I PackageParser: Parse times for '/system/priv-app/DownloadProvider': parse=95ms, update_cache=16 ms
06-11 10:12:13.440  2091  2159 W PackageParser: Ignoring duplicate uses-permissions/uses-permissions-sdk-m: android.permission.INSTALL_GRANT_RUNTIME_PERMISSIONS in package: com.android.shell at: Binary XML file line #127
06-11 10:12:13.688  2091  2162 E PackageManager: Failed to generate idmap for /system/priv-app/GooglePermissionController/GooglePermissionController.apk and /product/overlay/GooglePermissionControllerOverlay.apk
06-11 10:12:13.693  2091  2159 I PackageParser: Parse times for '/system/priv-app/MultiDisplayProvider': parse=197ms, update_cache=2 ms
06-11 10:12:13.720  2091  2161 I PackageParser: Parse times for '/system/priv-app/CalendarProvider': parse=238ms, update_cache=16 ms
06-11 10:12:13.735  2091  2162 I PackageParser: Parse times for '/system/priv-app/GooglePermissionController': parse=304ms, update_cache=23 ms
06-11 10:12:13.743  2091  2160 I PackageParser: Parse times for '/system/priv-app/DocumentsUI': parse=258ms, update_cache=25 ms
06-11 10:12:13.908  2091  2162 I PackageParser: Parse times for '/system/priv-app/CellBroadcastReceiver': parse=136ms, update_cache=6 ms
06-11 10:12:13.973  2091  2159 W PackageParser: No actions in intent filter at /system/priv-app/GoogleRestorePrebuilt/GoogleRestorePrebuilt.apk Binary XML file line #93
06-11 10:12:13.984  2091  2159 I PackageParser: Parse times for '/system/priv-app/GoogleRestorePrebuilt': parse=102ms, update_cache=9 ms
06-11 10:12:14.000  2091  2161 I PackageParser: Parse times for '/system/priv-app/TeleService': parse=261ms, update_cache=19 ms
06-11 10:12:14.193  2091  2169 I PackageParser: Parse times for '/system/app/GooglePinyinIME': parse=103ms, update_cache=25 ms
06-11 10:12:14.200  2091  2167 I PackageParser: Parse times for '/system/app/GoogleHindiIME': parse=77ms, update_cache=33 ms
06-11 10:12:14.247  2091  2169 W PackageParser: Ignoring duplicate uses-permissions/uses-permissions-sdk-m: android.permission.READ_CONTACTS in package: com.android.bluetooth at: Binary XML file line #67
06-11 10:12:14.257  2091  2169 W PackageParser: No actions in intent filter at /system/app/Bluetooth/Bluetooth.apk Binary XML file line #263
06-11 10:12:14.301  2091  2168 W PackageParser: No actions in intent filter at /system/app/CarrierDefaultApp/CarrierDefaultApp.apk Binary XML file line #43
06-11 10:12:14.314  2091  2166 I PackageParser: Parse times for '/system/app/KoreanIME': parse=106ms, update_cache=10 ms
06-11 10:12:14.337  2091  2169 W PackageParser: Ignoring duplicate uses-permissions/uses-permissions-sdk-m: android.permission.CHANGE_WIFI_STATE in package: com.android.nfc at: Binary XML file line #52
06-11 10:12:14.337  2091  2169 W PackageParser: Ignoring duplicate uses-permissions/uses-permissions-sdk-m: android.permission.ACCESS_WIFI_STATE in package: com.android.nfc at: Binary XML file line #53
06-11 10:12:14.427  2091  2166 I PackageParser: Parse times for '/system/app/Traceur': parse=105ms, update_cache=7 ms
06-11 10:12:14.599  2091  2173 I PackageParser: Parse times for '/system/product/priv-app/NexusLauncherRelease': parse=80ms, update_cache=21 ms
06-11 10:12:14.705  2091  2172 I PackageParser: Parse times for '/system/product/priv-app/EmergencyInfo': parse=145ms, update_cache=7 ms
06-11 10:12:14.735  2091  2175 W PackageParser: No actions in intent filter at /system/product/priv-app/AndroidAutoFullPrebuilt/AndroidAutoFullPrebuilt.apk Binary XML file line #1276
06-11 10:12:14.757  2091  2175 I PackageParser: Parse times for '/system/product/priv-app/AndroidAutoFullPrebuilt': parse=228ms, update_cache=20 ms
06-11 10:12:14.796  2091  2175 W PackageParser: Ignoring duplicate uses-permissions/uses-permissions-sdk-m: android.permission.READ_PRIVILEGED_PHONE_STATE in package: com.google.android.partnersetup at: Binary XML file line #56
06-11 10:12:14.824  2091  2172 I PackageParser: Parse times for '/system/product/priv-app/GoogleANGLE': parse=115ms, update_cache=4 ms
06-11 10:12:14.846  2091  2173 W PackageParser: Unknown element under <manifest>: meta-data at /system/product/priv-app/Dialer/Dialer.apk Binary XML file line #115
06-11 10:12:14.904  2091  2173 I PackageParser: Parse times for '/system/product/priv-app/Dialer': parse=222ms, update_cache=29 ms
06-11 10:12:14.921  2091  2175 I PackageParser: Parse times for '/system/product/priv-app/StorageManager': parse=102ms, update_cache=5 ms
06-11 10:12:15.046  2091  2172 I PackageParser: Parse times for '/system/product/priv-app/GoogleServicesFramework': parse=111ms, update_cache=22 ms
06-11 10:12:15.145  1851  1938 E storaged: getService package_native failed
06-11 10:12:15.280  2091  2174 W PackageParser: No actions in intent filter at /system/product/priv-app/Velvet/Velvet.apk Binary XML file line #3398
06-11 10:12:15.395  2091  2174 I PackageParser: Parse times for '/system/product/priv-app/Velvet': parse=813ms, update_cache=110 ms
06-11 10:12:15.423  2091  2175 W PackageParser: Ignoring duplicate uses-permissions/uses-permissions-sdk-m: android.permission.CONFIGURE_WIFI_DISPLAY in package: com.android.systemui at: Binary XML file line #158
06-11 10:12:15.425  2091  2172 I PackageParser: Parse times for '/system/product/priv-app/SetupWizardPrebuilt': parse=189ms, update_cache=121 ms
06-11 10:12:15.487  2091  2175 I PackageParser: Parse times for '/system/product/priv-app/SystemUIGoogle': parse=445ms, update_cache=35 ms
06-11 10:12:15.585  2091  2174 W PackageParser: No actions in intent filter at /system/product/priv-app/Contacts/Contacts.apk Binary XML file line #411
06-11 10:12:15.611  2091  2174 I PackageParser: Parse times for '/system/product/priv-app/Contacts': parse=138ms, update_cache=17 ms
06-11 10:12:15.715  2091  2173 I PackageParser: Parse times for '/system/product/priv-app/Settings': parse=786ms, update_cache=25 ms
06-11 10:12:15.719  2091  2091 W PackageManager: Skipping provider name androidx.lifecycle.process.lifecycle-process (in package com.android.settings): name already used by com.android.systemui
06-11 10:12:15.799  2091  2172 I PackageParser: Parse times for '/system/product/priv-app/PrebuiltGmsCore': parse=299ms, update_cache=75 ms
06-11 10:12:15.975  2091  2181 I PackageParser: Parse times for '/system/product/app/PrebuiltDeskClockGoogle': parse=120ms, update_cache=9 ms
06-11 10:12:16.050  2091  2182 I PackageParser: Parse times for '/system/product/app/Videos': parse=191ms, update_cache=12 ms
06-11 10:12:16.103  2091  2180 W PackageParser: No actions in intent filter at /system/product/app/Photos/Photos.apk Binary XML file line #1857
06-11 10:12:16.147  2091  2180 I PackageParser: Parse times for '/system/product/app/Photos': parse=268ms, update_cache=39 ms
06-11 10:12:16.168  2091  2179 W PackageParser: No actions in intent filter at /system/product/app/Drive/Drive.apk Binary XML file line #1759
06-11 10:12:16.198  2091  2179 I PackageParser: Parse times for '/system/product/app/Drive': parse=218ms, update_cache=30 ms
06-11 10:12:16.262  2091  2181 W PackageParser: No actions in intent filter at /system/product/app/PrebuiltBugle/PrebuiltBugle.apk Binary XML file line #1261
06-11 10:12:16.316  2091  2181 I PackageParser: Parse times for '/system/product/app/PrebuiltBugle': parse=190ms, update_cache=53 ms
06-11 10:12:16.327  2091  2182 I PackageParser: Parse times for '/system/product/app/Maps': parse=137ms, update_cache=80 ms
06-11 10:12:16.376  2091  2179 W PackageParser: No actions in intent filter at /system/product/app/PrebuiltGmail/PrebuiltGmail.apk Binary XML file line #735
06-11 10:12:16.377  2091  2179 W PackageParser: No actions in intent filter at /system/product/app/PrebuiltGmail/PrebuiltGmail.apk Binary XML file line #800
06-11 10:12:16.436  2091  2180 I PackageParser: Parse times for '/system/product/app/LatinIMEGooglePrebuilt': parse=274ms, update_cache=15 ms
06-11 10:12:16.446  2091  2179 I PackageParser: Parse times for '/system/product/app/PrebuiltGmail': parse=194ms, update_cache=53 ms
06-11 10:12:16.551  2091  2180 I PackageParser: Parse times for '/system/product/app/DMAgent': parse=105ms, update_cache=10 ms
06-11 10:12:16.558  2091  2181 W PackageParser: No actions in intent filter at /system/product/app/CalendarGooglePrebuilt/CalendarGooglePrebuilt.apk Binary XML file line #500
06-11 10:12:16.561  2091  2182 I PackageParser: Parse times for '/system/product/app/Music2': parse=141ms, update_cache=11 ms
06-11 10:12:16.587  2091  2181 I PackageParser: Parse times for '/system/product/app/CalendarGooglePrebuilt': parse=167ms, update_cache=28 ms
06-11 10:12:16.603  2091  2179 I PackageParser: Parse times for '/system/product/app/Chrome': parse=113ms, update_cache=44 ms
06-11 10:12:16.671  2091  2180 I PackageParser: Parse times for '/system/product/app/YouTube': parse=111ms, update_cache=7 ms
06-11 10:12:16.681  2091  2091 I PackageManager: Finished scanning system apps. Time: 4165 ms, packageCount: 164 , timePerPackage: 25 , cached: 0
06-11 10:12:16.704  2091  2186 W PackageParser: Ignoring duplicate uses-permissions/uses-permissions-sdk-m: android.permission.ACCESS_FINE_LOCATION in package: com.spilab.heatmapv3 at: Binary XML file line #14
06-11 10:12:16.710  2091  2091 I PackageManager: Finished scanning non-system apps. Time: 32 ms, packageCount: 2 , timePerPackage: 16 , cached: 0
06-11 10:12:16.717  2091  2091 I PackageManager: Time to scan packages: 4.203 seconds
06-11 10:12:16.717  2091  2091 I PackageManager: Un-granting permission android.permission.MANAGE_DOCUMENTS from package com.google.android.youtube (protectionLevel=262146 flags=0x305bbe45)
06-11 10:12:16.718  2091  2091 I PackageManager: Un-granting permission com.google.android.googleapps.permission.GOOGLE_AUTH from package com.android.providers.calendar (protectionLevel=2 flags=0x30083e45)
06-11 10:12:16.719  2091  2091 I PackageManager: Un-granting permission com.google.android.googleapps.permission.GOOGLE_AUTH.cl from package com.android.providers.calendar (protectionLevel=2 flags=0x30083e45)
06-11 10:12:16.719  2091  2091 I PackageManager: Un-granting permission android.permission.WRITE_SECURE_SETTINGS from package com.google.android.apps.enterprise.dmagent (protectionLevel=50 flags=0x30083e05)
06-11 10:12:16.719  2091  2091 I PackageManager: Un-granting permission android.permission.CONNECTIVITY_INTERNAL from package com.google.android.apps.enterprise.dmagent (protectionLevel=18 flags=0x30083e05)
06-11 10:12:16.719  2091  2091 I PackageManager: Un-granting permission android.permission.MANAGE_USB from package com.google.android.apps.enterprise.dmagent (protectionLevel=18 flags=0x30083e05)
06-11 10:12:16.719  2091  2091 I PackageManager: Un-granting permission android.permission.CHANGE_COMPONENT_ENABLED_STATE from package com.google.android.apps.enterprise.dmagent (protectionLevel=18 flags=0x30083e05)
06-11 10:12:16.719  2091  2091 I PackageManager: Un-granting permission android.permission.MANAGE_CA_CERTIFICATES from package com.google.android.apps.enterprise.dmagent (protectionLevel=18 flags=0x30083e05)
06-11 10:12:16.719  2091  2091 I PackageManager: Un-granting permission android.permission.MANAGE_USERS from package com.google.android.apps.enterprise.dmagent (protectionLevel=18 flags=0x30083e05)
06-11 10:12:16.720  2091  2091 I PackageManager: Un-granting permission com.google.android.setupwizard.READ_DEVICE_ORIGIN from package com.google.android.apps.messaging (protectionLevel=18 flags=0x384bbe45)
06-11 10:12:16.720  2091  2091 I PackageManager: Un-granting permission android.permission.BIND_WALLPAPER from package com.android.camera2 (protectionLevel=18 flags=0x2058bc45)
06-11 10:12:16.721  2091  2091 I PackageManager: Un-granting permission android.permission.REQUEST_INSTALL_PACKAGES from package com.google.android.gm (protectionLevel=66 flags=0x384bbe45)
06-11 10:12:16.722  2091  2091 I PackageManager: Un-granting permission android.permission.GRANT_RUNTIME_PERMISSIONS from package com.google.android.permissioncontroller (protectionLevel=770 flags=0x30483e05)
06-11 10:12:16.722  2091  2091 I PackageManager: Un-granting permission android.permission.REVOKE_RUNTIME_PERMISSIONS from package com.google.android.permissioncontroller (protectionLevel=770 flags=0x30483e05)
06-11 10:12:16.722  2091  2091 I PackageManager: Un-granting permission android.permission.ADJUST_RUNTIME_PERMISSIONS_POLICY from package com.google.android.permissioncontroller (protectionLevel=258 flags=0x30483e05)
06-11 10:12:16.722  2091  2091 I PackageManager: Un-granting permission android.permission.WHITELIST_RESTRICTED_PERMISSIONS from package com.google.android.permissioncontroller (protectionLevel=258 flags=0x30483e05)
06-11 10:12:16.722  2091  2091 I PackageManager: Un-granting permission android.permission.INTERACT_ACROSS_USERS_FULL from package com.google.android.permissioncontroller (protectionLevel=258 flags=0x30483e05)
06-11 10:12:16.723  2091  2091 I PackageManager: Un-granting permission android.permission.MANAGE_APP_OPS_MODES from package com.google.android.permissioncontroller (protectionLevel=770 flags=0x30483e05)
06-11 10:12:16.723  2091  2091 I PackageManager: Un-granting permission android.permission.KILL_UID from package com.google.android.permissioncontroller (protectionLevel=258 flags=0x30483e05)
06-11 10:12:16.723  2091  2091 I PackageManager: Un-granting permission android.permission.MANAGE_APP_OPS_RESTRICTIONS from package com.google.android.permissioncontroller (protectionLevel=258 flags=0x30483e05)
06-11 10:12:16.723  2091  2091 I PackageManager: Un-granting permission android.permission.HIDE_NON_SYSTEM_OVERLAY_WINDOWS from package com.google.android.permissioncontroller (protectionLevel=258 flags=0x30483e05)
06-11 10:12:16.723  2091  2091 I PackageManager: Un-granting permission android.permission.MANAGE_ROLE_HOLDERS from package com.google.android.permissioncontroller (protectionLevel=258 flags=0x30483e05)
06-11 10:12:16.723  2091  2091 I PackageManager: Un-granting permission android.permission.OBSERVE_ROLE_HOLDERS from package com.google.android.permissioncontroller (protectionLevel=258 flags=0x30483e05)
06-11 10:12:16.723  2091  2091 I PackageManager: Un-granting permission android.permission.SET_PREFERRED_APPLICATIONS from package com.google.android.permissioncontroller (protectionLevel=770 flags=0x30483e05)
06-11 10:12:16.723  2091  2091 I PackageManager: Un-granting permission android.permission.ACCESS_SHARED_LIBRARIES from package com.google.android.permissioncontroller (protectionLevel=258 flags=0x30483e05)
06-11 10:12:16.723  2091  2091 I PackageManager: Un-granting permission android.permission.ACCESS_INSTANT_APPS from package com.google.android.permissioncontroller (protectionLevel=131842 flags=0x30483e05)
06-11 10:12:16.723  2091  2091 I PackageManager: Un-granting permission android.permission.OPEN_ACCESSIBILITY_DETAILS_SETTINGS from package com.google.android.permissioncontroller (protectionLevel=258 flags=0x30483e05)
06-11 10:12:16.724  2091  2091 I PackageManager: Un-granting permission android.permission.BIND_JOB_SERVICE from package com.google.android.music (protectionLevel=2 flags=0x384bbe65)
06-11 10:12:16.724  2091  2091 I PackageManager: Un-granting permission android.permission.CONNECTIVITY_USE_RESTRICTED_NETWORKS from package com.google.android.captiveportallogin (protectionLevel=18 flags=0x3848be45)
06-11 10:12:16.724  2091  2091 I PackageManager: Un-granting permission android.permission.NETWORK_BYPASS_PRIVATE_DNS from package com.google.android.captiveportallogin (protectionLevel=2 flags=0x3848be45)
06-11 10:12:16.725  2091  2091 I PackageManager: Un-granting permission android.permission.REQUEST_INSTALL_PACKAGES from package com.google.android.apps.docs (protectionLevel=66 flags=0x384bbe45)
06-11 10:12:16.725  2091  2091 I PackageManager: Un-granting permission android.permission.INTERACT_ACROSS_USERS from package com.google.android.syncadapters.contacts (protectionLevel=50 flags=0x20083e45)
06-11 10:12:16.726  2091  2091 I PackageManager: Un-granting permission android.permission.REQUEST_INSTALL_PACKAGES from package com.android.chrome (protectionLevel=66 flags=0xa04bbe45)
06-11 10:12:16.726  2091  2091 I PackageManager: Un-granting permission com.google.android.apps.now.CURRENT_ACCOUNT_ACCESS from package com.android.chrome (protectionLevel=2 flags=0xa04bbe45)
06-11 10:12:16.726  2091  2091 I PackageManager: Un-granting permission android.permission.HIDE_NON_SYSTEM_OVERLAY_WINDOWS from package com.google.android.packageinstaller (protectionLevel=258 flags=0x30483e45)
06-11 10:12:16.726  2091  2091 I PackageManager: Un-granting permission android.permission.MANAGE_APP_OPS_MODES from package com.google.android.packageinstaller (protectionLevel=770 flags=0x30483e45)
06-11 10:12:16.726  2091  2091 I PackageManager: Un-granting permission android.permission.INTERACT_ACROSS_USERS_FULL from package com.google.android.packageinstaller (protectionLevel=258 flags=0x30483e45)
06-11 10:12:16.727  2091  2091 I PackageManager: Un-granting permission android.permission.CAPTURE_VIDEO_OUTPUT from package com.google.android.gms (protectionLevel=2 flags=0xb04abe45)
06-11 10:12:16.727  2091  2091 I PackageManager: Un-granting permission android.permission.MANAGE_DEVICE_ADMINS from package com.google.android.gms (protectionLevel=2 flags=0xb04abe45)
06-11 10:12:16.727  2091  2091 I PackageManager: Un-granting permission android.permission.MANAGE_ACTIVITY_STACKS from package com.google.android.gms (protectionLevel=2 flags=0xb04abe45)
06-11 10:12:16.727  2091  2091 I PackageManager: Un-granting permission android.permission.CAPTURE_SECURE_VIDEO_OUTPUT from package com.google.android.gms (protectionLevel=2 flags=0xb04abe45)
06-11 10:12:16.729  2091  2091 I PackageManager: Un-granting permission com.google.android.googleapps.permission.GOOGLE_AUTH from package com.google.android.videos (protectionLevel=2 flags=0x305bbe45)
06-11 10:12:16.730  2091  2091 I PackageManager: Un-granting permission android.permission.WRITE_MEDIA_STORAGE from package com.google.android.apps.photos (protectionLevel=18 flags=0x3859be45)
06-11 10:12:16.738  2091  2091 V PackageManager: reconcileAppsData for null u0 0x1 migrateAppData=true
06-11 10:12:16.780  2091  2091 V PackageManager: reconcileAppsData finished 20 packages
06-11 10:12:16.784  2091  2188 D SystemServerInitThreadPool: Started executing prepareAppData
06-11 10:12:16.846  2091  2091 V PackageManager: Ephemeral resolver found; pkg: com.google.android.gms, info:ResolveInfo{cfba8af com.google.android.gms/.chimera.PersistentBoundBrokerService m=0x108000}
06-11 10:12:16.846  2091  2091 D PackageManager: Set ephemeral resolver: Pair{ComponentInfo{com.google.android.gms/com.google.android.gms.chimera.PersistentBoundBrokerService} android.intent.action.RESOLVE_INSTANT_APP_PACKAGE}
06-11 10:12:16.847  2091  2091 D PackageManager: Instant App installer not found with android.intent.action.INSTALL_INSTANT_APP_PACKAGE
06-11 10:12:16.847  2091  2091 D PackageManager: Clear ephemeral installer activity
06-11 10:12:16.903  2091  2091 I Watchdog: Resuming HandlerChecker: main thread for reason: packagemanagermain. Pause count: 0
06-11 10:12:16.904  2091  2091 D SystemServerTiming: StartPackageManagerService took to complete: 4937ms
06-11 10:12:16.906  2091  2091 I SystemServer: StartOtaDexOptService
06-11 10:12:16.906  2091  2091 I Watchdog: Pausing HandlerChecker: main thread for reason: moveab. Pause count: 1
06-11 10:12:16.910  2091  2091 D OTADexopt: No upgrade, skipping A/B artifacts check.
06-11 10:12:16.911  2091  2091 I Watchdog: Resuming HandlerChecker: main thread for reason: moveab. Pause count: 0
06-11 10:12:16.911  2091  2091 D SystemServerTiming: StartOtaDexOptService took to complete: 4ms
06-11 10:12:16.911  2091  2091 I SystemServer: StartUserManagerService
06-11 10:12:16.911  2091  2091 I SystemServiceManager: Starting com.android.server.pm.UserManagerService$LifeCycle
06-11 10:12:16.912  2091  2091 D SystemServerTiming: StartUserManagerService took to complete: 0ms
06-11 10:12:16.912  2091  2091 I SystemServer: InitAttributerCache
06-11 10:12:16.912  2091  2091 D SystemServerTiming: InitAttributerCache took to complete: 0ms
06-11 10:12:16.912  2091  2091 I SystemServer: SetSystemProcess
06-11 10:12:16.931  2091  2091 D SystemServerTiming: SetSystemProcess took to complete: 18ms
06-11 10:12:16.931  2091  2091 I SystemServer: InitWatchdog
06-11 10:12:16.934  2091  2091 D SystemServerTiming: InitWatchdog took to complete: 3ms
06-11 10:12:16.934  2091  2091 I SystemServer: StartOverlayManagerService
06-11 10:12:17.104  2091  2188 D SystemServerTimingAsync: AppDataFixup took to complete: 320ms
06-11 10:12:17.123  2091  2091 D SystemServerTiming: StartOverlayManagerService took to complete: 188ms
06-11 10:12:17.123  2091  2091 I SystemServer: StartSensorPrivacyService
06-11 10:12:17.126  2091  2091 D SystemServerTiming: StartSensorPrivacyService took to complete: 2ms
06-11 10:12:17.126  2091  2091 I SystemServer: StartBatteryService
06-11 10:12:17.126  2091  2091 I SystemServiceManager: Starting com.android.server.BatteryService
06-11 10:12:17.127  2091  2193 D SystemServerInitThreadPool: Started executing StartSensorService
06-11 10:12:17.146  2091  2193 D SystemServerTimingAsync: StartSensorService took to complete: 18ms
06-11 10:12:17.146  2091  2193 D SystemServerInitThreadPool: Finished executing StartSensorService
06-11 10:12:17.156  2091  2138 E BatteryExternalStatsWorker: no controller energy info supplied for telephony
06-11 10:12:17.156  2091  2138 E KernelCpuUidFreqTimeReader: Failed to read /proc/uid_time_in_state: java.nio.file.NoSuchFileException: /proc/uid_time_in_state
06-11 10:12:17.157  2091  2138 W KernelCpuProcStringReader: File not found. It's normal if not implemented: /proc/uid_time_in_state
06-11 10:12:17.157  2091  2138 W KernelCpuProcStringReader: File not found. It's normal if not implemented: /proc/uid_concurrent_active_time
06-11 10:12:17.158  2091  2138 W KernelCpuProcStringReader: File not found. It's normal if not implemented: /proc/uid_concurrent_policy_time
06-11 10:12:17.159  2091  2091 I HealthServiceWrapper: health: HealthServiceWrapper listening to instance default
06-11 10:12:17.159  2091  2091 I BatteryService: health: Waited 0ms and received the update.
06-11 10:12:17.163  2091  2138 I BatteryStatsImpl: Resetting battery stats: level=100 status=4 dischargeLevel=100 lowAmount=0 highAmount=0
06-11 10:12:17.170  2091  2091 D SystemServerTiming: StartBatteryService took to complete: 44ms
06-11 10:12:17.170  2091  2091 I SystemServer: StartUsageService
06-11 10:12:17.170  2091  2091 I SystemServiceManager: Starting com.android.server.usage.UsageStatsService
06-11 10:12:17.183  2091  2138 E KernelCpuUidFreqTimeReader: Failed to read /proc/uid_time_in_state: java.nio.file.NoSuchFileException: /proc/uid_time_in_state
06-11 10:12:17.193  2091  2138 E KernelCpuUidFreqTimeReader: Failed to read /proc/uid_time_in_state: java.nio.file.NoSuchFileException: /proc/uid_time_in_state
06-11 10:12:17.211  2091  2091 I UsageStatsService: User[0] Rollover scheduled @ 2020-06-12 09:43:41(1591955021129)
06-11 10:12:17.211  2091  2091 D SystemServerTiming: StartUsageService took to complete: 41ms
06-11 10:12:17.211  2091  2091 I SystemServer: StartWebViewUpdateService
06-11 10:12:17.211  2091  2091 I SystemServiceManager: Starting com.android.server.webkit.WebViewUpdateService
06-11 10:12:17.221  2091  2091 D SystemServerTiming: StartWebViewUpdateService took to complete: 10ms
06-11 10:12:17.221  2091  2091 I SystemServer: StartCachedDeviceStateService
06-11 10:12:17.221  2091  2091 I SystemServiceManager: Starting com.android.server.CachedDeviceStateService
06-11 10:12:17.221  2091  2091 D SystemServerTiming: StartCachedDeviceStateService took to complete: 0ms
06-11 10:12:17.222  2091  2091 I SystemServer: StartBinderCallsStatsService
06-11 10:12:17.222  2091  2091 I SystemServiceManager: Starting com.android.server.BinderCallsStatsService$LifeCycle
06-11 10:12:17.223  2091  2091 D SystemServerTiming: StartBinderCallsStatsService took to complete: 2ms
06-11 10:12:17.223  2091  2091 I SystemServer: StartLooperStatsService
06-11 10:12:17.224  2091  2091 I SystemServiceManager: Starting com.android.server.LooperStatsService$Lifecycle
06-11 10:12:17.225  2091  2091 D SystemServerTiming: StartLooperStatsService took to complete: 2ms
06-11 10:12:17.225  2091  2091 I SystemServer: StartRollbackManagerService
06-11 10:12:17.225  2091  2091 I SystemServiceManager: Starting com.android.server.rollback.RollbackManagerService
06-11 10:12:17.237  2091  2091 D SystemServerTiming: StartRollbackManagerService took to complete: 11ms
06-11 10:12:17.237  2091  2091 I SystemServer: StartBugreportManagerService
06-11 10:12:17.237  2091  2091 I SystemServiceManager: Starting com.android.server.os.BugreportManagerService
06-11 10:12:17.238  2091  2091 D SystemServerTiming: StartBugreportManagerService took to complete: 0ms
06-11 10:12:17.238  2091  2091 I SystemServer: GpuService
06-11 10:12:17.238  2091  2091 I SystemServiceManager: Starting com.android.server.gpu.GpuService
06-11 10:12:17.239  2091  2091 D SystemServerTiming: GpuService took to complete: 0ms
06-11 10:12:17.240  2091  2091 I SystemServer: StartKeyAttestationApplicationIdProviderService
06-11 10:12:17.242  2091  2091 D SystemServerTiming: StartKeyAttestationApplicationIdProviderService took to complete: 2ms
06-11 10:12:17.242  2091  2091 I SystemServer: StartKeyChainSystemService
06-11 10:12:17.243  2091  2091 I SystemServiceManager: Starting com.android.server.security.KeyChainSystemService
06-11 10:12:17.243  2091  2091 D SystemServerTiming: StartKeyChainSystemService took to complete: 1ms
06-11 10:12:17.243  2091  2091 I SystemServer: StartSchedulingPolicyService
06-11 10:12:17.244  2091  2131 D SystemServerInitThreadPool: Started executing SchedulingPolicyService.<init>
06-11 10:12:17.244  2091  2091 D SystemServerTiming: StartSchedulingPolicyService took to complete: 1ms
06-11 10:12:17.244  2091  2091 I SystemServer: StartTelecomLoaderService
06-11 10:12:17.244  2091  2091 I SystemServiceManager: Starting com.android.server.telecom.TelecomLoaderService
06-11 10:12:17.244  2091  2202 D SystemServerInitThreadPool: Started executing SecondaryZygotePreload
06-11 10:12:17.244  2091  2202 I SystemServer: SecondaryZygotePreload
06-11 10:12:17.247  2091  2202 E SystemServer: Unable to preload default resources
06-11 10:12:17.247  2091  2091 D SystemServerTiming: StartTelecomLoaderService took to complete: 3ms
06-11 10:12:17.247  2091  2091 I SystemServer: StartTelephonyRegistry
06-11 10:12:17.249  2091  2131 D SystemServerInitThreadPool: Finished executing SchedulingPolicyService.<init>
06-11 10:12:17.247  2091  2202 D SystemServerTimingAsync: SecondaryZygotePreload took to complete: 2ms
06-11 10:12:17.249  2091  2202 D SystemServerInitThreadPool: Finished executing SecondaryZygotePreload
06-11 10:12:17.250  2091  2091 D SystemServerTiming: StartTelephonyRegistry took to complete: 3ms
06-11 10:12:17.250  2091  2091 I SystemServer: StartEntropyMixer
06-11 10:12:17.266  2091  2091 I EntropyMixer: Added HW RNG output to entropy pool
06-11 10:12:17.266  2091  2091 I EntropyMixer: Writing entropy...
06-11 10:12:17.272  2091  2091 D SystemServerTiming: StartEntropyMixer took to complete: 22ms
06-11 10:12:17.273  2091  2091 I SystemServer: StartAccountManagerService
06-11 10:12:17.273  2091  2091 I SystemServiceManager: Starting com.android.server.accounts.AccountManagerService$Lifecycle
06-11 10:12:17.281  2091  2091 D SystemServerTiming: StartAccountManagerService took to complete: 9ms
06-11 10:12:17.281  2091  2091 I SystemServer: StartContentService
06-11 10:12:17.281  2091  2091 I SystemServiceManager: Starting com.android.server.content.ContentService$Lifecycle
06-11 10:12:17.297  2091  2091 D SystemServerTiming: StartContentService took to complete: 16ms
06-11 10:12:17.297  2091  2091 I SystemServer: InstallSystemProviders
06-11 10:12:17.317  2091  2188 D SystemServerTimingAsync: AppDataPrepare took to complete: 213ms
06-11 10:12:17.317  2091  2188 I PackageManager: Deferred reconcileAppsData finished 146 packages
06-11 10:12:17.317  2091  2188 D SystemServerInitThreadPool: Finished executing prepareAppData
06-11 10:12:17.327  2091  2091 I SettingsState: No settings state /data/system/users/0/settings_config.xml
06-11 10:12:17.349  2091  2091 D SystemServerTiming: InstallSystemProviders took to complete: 52ms
06-11 10:12:17.349  2091  2091 I SystemServer: StartDropBoxManager
06-11 10:12:17.349  2091  2091 I SystemServiceManager: Starting com.android.server.DropBoxManagerService
06-11 10:12:17.351  2091  2091 D SystemServerTiming: StartDropBoxManager took to complete: 2ms
06-11 10:12:17.351  2091  2091 I SystemServer: StartVibratorService
06-11 10:12:17.358  2091  2091 D SystemServerTiming: StartVibratorService took to complete: 6ms
06-11 10:12:17.358  2091  2091 I SystemServer: StartDynamicSystemService
06-11 10:12:17.361  2091  2091 D SystemServerTiming: StartDynamicSystemService took to complete: 3ms
06-11 10:12:17.361  2091  2091 I SystemServer: StartConsumerIrService
06-11 10:12:17.364  2091  2091 D SystemServerTiming: StartConsumerIrService took to complete: 4ms
06-11 10:12:17.364  2091  2091 I SystemServer: StartAlarmManagerService
06-11 10:12:17.373  2091  2091 D SystemServerTiming: StartAlarmManagerService took to complete: 8ms
06-11 10:12:17.373  2091  2091 I SystemServer: StartInputManagerService
06-11 10:12:17.375  2091  2091 I InputManager: Initializing input manager, mUseDevInputEventForAudioJack=true
06-11 10:12:17.382  2091  2091 D SystemServerTiming: StartInputManagerService took to complete: 7ms
06-11 10:12:17.382  2091  2091 I SystemServer: StartWindowManagerService
06-11 10:12:17.391  2091  2127 I WindowManager: No existing display settings, starting empty
06-11 10:12:17.405  2091  2091 D SystemServerTiming: StartWindowManagerService took to complete: 22ms
06-11 10:12:17.405  2091  2091 I SystemServer: SetWindowManagerService
06-11 10:12:17.414  2091  2126 I DropBoxManagerService: add tag=system_server_strictmode isTagEnabled=true flags=0x2
06-11 10:12:17.423  2091  2126 I DropBoxManagerService: add tag=system_server_strictmode isTagEnabled=true flags=0x2
06-11 10:12:17.454  2091  2091 D SystemServerTiming: SetWindowManagerService took to complete: 49ms
06-11 10:12:17.454  2091  2091 I SystemServer: WindowManagerServiceOnInitReady
06-11 10:12:17.473  2091  2091 D SystemServerTiming: WindowManagerServiceOnInitReady took to complete: 19ms
06-11 10:12:17.473  2091  2091 I SystemServer: StartInputManager
06-11 10:12:17.473  2091  2091 I InputManager: Starting input manager
06-11 10:12:17.473  2091  2193 D SystemServerInitThreadPool: Started executing StartHidlServices
06-11 10:12:17.474  2091  2091 D SystemServerTiming: StartInputManager took to complete: 1ms
06-11 10:12:17.474  2091  2091 I SystemServer: DisplayManagerWindowManagerAndInputReady
06-11 10:12:17.475  2091  2091 D SystemServerTiming: DisplayManagerWindowManagerAndInputReady took to complete: 0ms
06-11 10:12:17.475  2091  2091 I SystemServer: No Bluetooth Service (Bluetooth Hardware Not Present)
06-11 10:12:17.475  2091  2091 I SystemServer: IpConnectivityMetrics
06-11 10:12:17.475  2091  2091 I SystemServiceManager: Starting com.android.server.connectivity.IpConnectivityMetrics
06-11 10:12:17.479  2091  2193 D SystemServerTimingAsync: StartHidlServices took to complete: 6ms
06-11 10:12:17.479  2091  2193 D SystemServerInitThreadPool: Finished executing StartHidlServices
06-11 10:12:17.485  2091  2091 D SystemServerTiming: IpConnectivityMetrics took to complete: 9ms
06-11 10:12:17.485  2091  2091 I SystemServer: NetworkWatchlistService
06-11 10:12:17.485  2091  2091 I SystemServiceManager: Starting com.android.server.net.watchlist.NetworkWatchlistService$Lifecycle
06-11 10:12:17.495  2091  2091 I WatchlistSettings: Reload watchlist settings done
06-11 10:12:17.496  2091  2091 D SystemServerTiming: NetworkWatchlistService took to complete: 11ms
06-11 10:12:17.497  2091  2091 I SystemServer: PinnerService
06-11 10:12:17.497  2091  2212 I WatchlistLoggingHandler: Start aggregating watchlist records.
06-11 10:12:17.497  2091  2091 I SystemServiceManager: Starting com.android.server.PinnerService
06-11 10:12:17.500  2091  2091 D SystemServerTiming: PinnerService took to complete: 3ms
06-11 10:12:17.502  2091  2091 I SystemServer: SignedConfigService
06-11 10:12:17.502  2091  2091 D SystemServerTiming: SignedConfigService took to complete: 1ms
06-11 10:12:17.548  2091  2091 I SystemServer: StartInputMethodManagerLifecycle
06-11 10:12:17.548  2091  2091 I SystemServiceManager: Starting com.android.server.inputmethod.InputMethodManagerService$Lifecycle
06-11 10:12:17.556  2091  2091 D SystemServerTiming: StartInputMethodManagerLifecycle took to complete: 8ms
06-11 10:12:17.557  2091  2091 I SystemServer: StartAccessibilityManagerService
06-11 10:12:17.557  2091  2091 I SystemServiceManager: Starting com.android.server.accessibility.AccessibilityManagerService$Lifecycle
06-11 10:12:17.561  2091  2091 D SystemServerTiming: StartAccessibilityManagerService took to complete: 5ms
06-11 10:12:17.561  2091  2091 I SystemServer: MakeDisplayReady
06-11 10:12:17.564  2091  2091 I ActivityTaskManager: Config changes=20005df8 {1.0 ?mcc?mnc [en_US] ldltr sw411dp w411dp h773dp 560dpi nrml long port ?uimode ?night finger qwerty/v/v -nav/h winConfig={ mBounds=Rect(0, 0 - 1440, 2960) mAppBounds=Rect(0, 0 - 1440, 2792) mWindowingMode=fullscreen mDisplayWindowingMode=fullscreen mActivityType=undefined mAlwaysOnTop=undefined mRotation=ROTATION_0} s.2}
06-11 10:12:17.574  2091  2091 I ActivityTaskManager: Override config changes=60007dfc {1.0 ?mcc?mnc [en_US] ldltr sw411dp w411dp h773dp 560dpi nrml long port ?uimode ?night finger qwerty/v/v -nav/h winConfig={ mBounds=Rect(0, 0 - 1440, 2960) mAppBounds=Rect(0, 0 - 1440, 2792) mWindowingMode=fullscreen mDisplayWindowingMode=fullscreen mActivityType=undefined mAlwaysOnTop=undefined mRotation=ROTATION_0} s.2} for displayId=0
06-11 10:12:17.584  2091  2091 D SystemServerTiming: MakeDisplayReady took to complete: 23ms
06-11 10:12:17.584  2091  2091 I SystemServer: StartStorageManagerService
06-11 10:12:17.584  2091  2091 I SystemServiceManager: Starting com.android.server.StorageManagerService$Lifecycle
06-11 10:12:17.598  2091  2213 D StorageManagerService: Thinking about init, mBootCompleted=false, mDaemonConnected=true
06-11 10:12:17.598  2091  2091 D SystemServerTiming: StartStorageManagerService took to complete: 14ms
06-11 10:12:17.598  2091  2213 D StorageManagerService: Thinking about reset, mBootCompleted=false, mDaemonConnected=true
