D/IccSmsInterfaceManager( 2401): [IccSmsInterfaceManager] Failed to add GSM cell broadcast channels range 4356 to 4356
W/ActivityManager( 2091): Background start not allowed: service Intent { cmp=com.google.android.apps.messaging/.shared.datamodel.action.execution.ActionExecutorImpl$EmptyService } to com.google.android.apps.messaging/.shared.datamodel.action.execution.ActionExecutorImpl$EmptyService from pid=3308 uid=10120 pkg=com.google.android.apps.messaging startFg?=false
W/BugleDataModel( 3308): ActionExecutorImpl: Action started execution, but we can't guarantee it will complete, the app may be killed. Action: class com.google.android.apps.messaging.shared.datamodel.action.RefreshStatefulNotificationsAction-RefreshStatefulNotificationsAction:37233014
W/BugleDataModel( 3308): java.lang.IllegalStateException: Not allowed to start service Intent { cmp=com.google.android.apps.messaging/.shared.datamodel.action.execution.ActionExecutorImpl$EmptyService }: app is in background uid UidRecord{b713a39 u0a120 RCVR idle change:uncached procs:1 seq(0,0,0)}
W/BugleDataModel( 3308): 	at android.app.ContextImpl.startServiceCommon(ContextImpl.java:1616)
W/BugleDataModel( 3308): 	at android.app.ContextImpl.startService(ContextImpl.java:1571)
W/BugleDataModel( 3308): 	at android.content.ContextWrapper.startService(ContextWrapper.java:669)
W/BugleDataModel( 3308): 	at com.google.android.apps.messaging.shared.datamodel.action.execution.ActionExecutorImpl.e(SourceFile:107)
W/BugleDataModel( 3308): 	at com.google.android.apps.messaging.shared.datamodel.action.execution.ActionExecutorImpl.a(SourceFile:19)
W/BugleDataModel( 3308): 	at com.google.android.apps.messaging.shared.datamodel.action.execution.ActionExecutorImpl.b(SourceFile:17)
W/BugleDataModel( 3308): 	at dya.c(SourceFile:135)
W/BugleDataModel( 3308): 	at dya.a(SourceFile:85)
W/BugleDataModel( 3308): 	at dxm.b(SourceFile:57)
W/BugleDataModel( 3308): 	at dxm.a(SourceFile:23)
W/BugleDataModel( 3308): 	at com.google.android.apps.messaging.shared.datamodel.action.common.ThrottledAction.schedule(SourceFile:39)
W/BugleDataModel( 3308): 	at com.google.android.apps.messaging.shared.datamodel.action.RefreshStatefulNotificationsAction.refreshIncomingMessageNotifications(SourceFile:17)
W/BugleDataModel( 3308): 	at com.google.android.apps.messaging.shared.datamodel.action.RefreshStatefulNotificationsAction.refreshIncomingMessageNotificationsSilently(SourceFile:19)
W/BugleDataModel( 3308): 	at com.google.android.apps.messaging.shared.datamodel.action.RefreshStatefulNotificationsAction.refreshIncomingMessageNotificationsSilently(SourceFile:18)
W/BugleDataModel( 3308): 	at com.google.android.apps.messaging.shared.receiver.BootAndPackageReplacedReceiver.a(SourceFile:58)
W/BugleDataModel( 3308): 	at fpr.onReceive(SourceFile:12)
W/BugleDataModel( 3308): 	at fot.onReceive(SourceFile:5)
W/BugleDataModel( 3308): 	at com.google.android.apps.messaging.shared.receiver.BootAndPackageReplacedReceiver.onReceive(SourceFile:72)
W/BugleDataModel( 3308): 	at android.app.ActivityThread.handleReceiver(ActivityThread.java:3788)
W/BugleDataModel( 3308): 	at android.app.ActivityThread.access$1400(ActivityThread.java:219)
W/BugleDataModel( 3308): 	at android.app.ActivityThread$H.handleMessage(ActivityThread.java:1870)
W/BugleDataModel( 3308): 	at android.os.Handler.dispatchMessage(Handler.java:107)
W/BugleDataModel( 3308): 	at android.os.Looper.loop(Looper.java:214)
W/BugleDataModel( 3308): 	at android.app.ActivityThread.main(ActivityThread.java:7356)
W/BugleDataModel( 3308): 	at java.lang.reflect.Method.invoke(Native Method)
W/BugleDataModel( 3308): 	at com.android.internal.os.RuntimeInit$MethodAndArgsCaller.run(RuntimeInit.java:492)
W/BugleDataModel( 3308): 	at com.android.internal.os.ZygoteInit.main(ZygoteInit.java:930)
I/BugleAction( 3308): ActionSchedulerImpl: class com.google.android.apps.messaging.shared.datamodel.action.RefreshStatefulNotificationsAction-RefreshStatefulNotificationsAction:37233014 deferred since it was started from unsafe context
D/IccSmsInterfaceManager( 2401): [IccSmsInterfaceManager] Failed to remove GSM cell broadcast channels range 4355 to 4355
I/Bugle   ( 3308): BootAndPackageReplacedReceiver: run after reboot tasks
W/ActivityManager( 2091): Background start not allowed: service Intent { cmp=com.google.android.apps.messaging/.shared.datamodel.action.execution.ActionExecutorImpl$EmptyService } to com.google.android.apps.messaging/.shared.datamodel.action.execution.ActionExecutorImpl$EmptyService from pid=3308 uid=10120 pkg=com.google.android.apps.messaging startFg?=false
D/IccSmsInterfaceManager( 2401): [IccSmsInterfaceManager] Calling setGsmBroadcastConfig with 1 configurations
I/BugleDataModel( 3308): ExpireWapPushSiMessageAction: executeAction.
D/IccSmsInterfaceManager( 2401): [IccSmsInterfaceManager] Failed to add GSM cell broadcast channels range 4396 to 4396
I/Bugle   ( 3308): CountryCodeDetector: updateMainDeviceCountry from default subscription network country. detected country: us
D/IccSmsInterfaceManager( 2401): [IccSmsInterfaceManager] Calling setGsmBroadcastConfig with 1 configurations
E/Bugle   ( 3308): BuglePhoneNumberUtils: Not able to parse phone number MSISDN{x_x_x!x} for country US
E/Bugle   ( 3308): Error type: NOT_A_NUMBER. The string supplied did not seem to be a phone number.
E/Bugle   ( 3308): 	at scj.b(SourceFile:271)
E/Bugle   ( 3308): 	at glx.a(SourceFile:13)
E/Bugle   ( 3308): 	at glr.e(SourceFile:52)
E/Bugle   ( 3308): 	at glr.d(SourceFile:39)
E/Bugle   ( 3308): 	at glr.a(SourceFile:63)
E/Bugle   ( 3308): 	at glr.a(SourceFile:59)
E/Bugle   ( 3308): 	at egm.a(SourceFile:83)
E/Bugle   ( 3308): 	at frw.b(SourceFile:21)
E/Bugle   ( 3308): 	at frw.a(SourceFile:8)
E/Bugle   ( 3308): 	at com.google.android.apps.messaging.shared.datamodel.action.ExpireWapPushSiMessageAction.a(SourceFile:21)
E/Bugle   ( 3308): 	at com.google.android.apps.messaging.shared.datamodel.action.ExpireWapPushSiMessageAction.executeAction(SourceFile:4)
E/Bugle   ( 3308): 	at dyn.a(SourceFile:4)
E/Bugle   ( 3308): 	at dxy.run(SourceFile:18)
E/Bugle   ( 3308): 	at java.util.concurrent.ThreadPoolExecutor.runWorker(ThreadPoolExecutor.java:1167)
E/Bugle   ( 3308): 	at java.util.concurrent.ThreadPoolExecutor$Worker.run(ThreadPoolExecutor.java:641)
E/Bugle   ( 3308): 	at java.lang.Thread.run(Thread.java:919)
D/IccSmsInterfaceManager( 2401): [IccSmsInterfaceManager] Failed to add GSM cell broadcast channels range 4397 to 4397
D/IccSmsInterfaceManager( 2401): [IccSmsInterfaceManager] Failed to remove GSM cell broadcast channels range 4398 to 4398
D/IccSmsInterfaceManager( 2401): [IccSmsInterfaceManager] Failed to remove GSM cell broadcast channels range 4399 to 4399
D/AlarmManagerService( 2091): Kernel timezone updated to 0 minutes west of GMT
D/ConditionProviders.SCP( 2091): onReceive android.intent.action.TIMEZONE_CHANGED
D/ConditionProviders.SCP( 2091): evaluateSubscriptionLocked cal=ScheduleCalendar[mDays={1, 2, 3, 4, 5, 6, 7}, mSchedule=ScheduleInfo{days=[1, 2, 3, 4, 5, 6, 7], startHour=22, startMinute=0, endHour=7, endMinute=0, exitAtAlarm=true, nextAlarm=Thu Jan 01 00:00:00 GMT 1970 (0)}], now=Thu Jun 11 10:12:44 GMT 2020 (1591870364106), nextUserAlarmTime=Thu Jan 01 00:00:00 GMT 1970 (0)
D/ConditionProviders.SCP( 2091): notifyCondition condition://android/schedule?days=1.2.3.4.5.6.7&start=22.0&end=7.0&exitAtAlarm=true STATE_FALSE reason=!meetsSchedule
D/ConditionProviders.SCP( 2091): Scheduling evaluate for Thu Jun 11 22:00:00 GMT 2020 (1591912800000), in +11h47m15s894ms, now=Thu Jun 11 10:12:44 GMT 2020 (1591870364106)
D/KeyguardClockSwitch( 2259): Updating clock: 612
W/BugleDataModel( 3308): ExpireWapPushSiMessageAction: no WAP Push SI messages.
W/Binder  ( 3046): Caught a RuntimeException from the binder stub implementation.
W/Binder  ( 3046): java.lang.IllegalStateException: Results have already been set
W/Binder  ( 3046): 	at com.google.android.gms.common.internal.bk.a(SourceFile:9)
W/Binder  ( 3046): 	at com.google.android.gms.common.api.internal.BasePendingResult.a(SourceFile:94)
W/Binder  ( 3046): 	at com.google.android.gms.location.b.a(SourceFile:2)
W/Binder  ( 3046): 	at com.google.android.gms.common.api.internal.cs.a(SourceFile:3)
W/Binder  ( 3046): 	at com.google.android.gms.common.api.internal.bu.dispatchTransaction(SourceFile:3)
W/Binder  ( 3046): 	at com.google.android.a.a.onTransact(SourceFile:11)
W/Binder  ( 3046): 	at android.os.Binder.execTransactInternal(Binder.java:1021)
W/Binder  ( 3046): 	at android.os.Binder.execTransact(Binder.java:994)
I/ActivityManager( 2091): Killing 3213:com.android.externalstorage/u0a44 (adj 985): empty #17
D/Zygote  ( 1777): Forked child process 4496
D/ActivityThread( 2961): Loading provider com.google.android.gms.icing.indexapi: com.google.android.gms.icing.indexapi.IndexApiContentProvider
W/s.messaging:rc( 4496): Unexpected CPU variant for X86 using defaults: x86
W/ActivityManager( 2091): Background start not allowed: service Intent { cmp=com.google.android.apps.messaging/.shared.datamodel.action.execution.ActionExecutorImpl$EmptyService } to com.google.android.apps.messaging/.shared.datamodel.action.execution.ActionExecutorImpl$EmptyService from pid=3308 uid=10120 pkg=com.google.android.apps.messaging startFg?=false
W/ActivityManager( 2091): Slow operation: 51ms so far, now at startProcess: returned from zygote!
W/ActivityManager( 2091): Slow operation: 51ms so far, now at startProcess: done updating battery stats
W/ActivityManager( 2091): Slow operation: 51ms so far, now at startProcess: building log message
I/ActivityManager( 2091): Start proc 4496:com.google.android.apps.messaging:rcs/u0a120 for broadcast {com.google.android.apps.messaging/com.google.android.ims.receiver.AutoStartReceiver}
W/ActivityManager( 2091): Slow operation: 51ms so far, now at startProcess: starting to update pids map
W/ActivityManager( 2091): Slow operation: 51ms so far, now at startProcess: done updating pids map
I/Zygote  ( 1777): Process 3213 exited due to signal 9 (Killed)
E/memtrack( 2091): Couldn't load memtrack module
W/android.os.Debug( 2091): failed to get memory consumption info: -1
I/libprocessgroup( 2091): Successfully killed process cgroup uid 10044 pid 3213 in 127ms
I/chatty  ( 2773): uid=10101 com.google.android.gms.persistent expire 1 line
D/ApplicationLoaders( 4496): Returning zygote-cached class loader: /system/framework/android.hidl.base-V1.0-java.jar
D/ApplicationLoaders( 4496): Returning zygote-cached class loader: /system/framework/android.hidl.manager-V1.0-java.jar
D/ApplicationLoaders( 4496): Returning zygote-cached class loader: /system/framework/android.hidl.base-V1.0-java.jar
I/s.messaging:rc( 4496): The ClassLoaderContext is a special shared library.
I/s.messaging:rc( 4496): The ClassLoaderContext is a special shared library.
I/MultiDex( 4496): VM with version 2.1.0 has multidex support
I/MultiDex( 4496): install
I/MultiDex( 4496): VM has multidex support, MultiDex support library is disabled.
I/chatty  ( 2961): uid=10101(com.google.android.gms) expire 1 line
I/chatty  ( 2961): uid=10101(com.google.android.gms) expire 1 line
W/BugleStartup( 4496): StartupHandler: ContentProvider startup tasks did not execute before Application onCreate(), executed in onApplicationCreated().
I/Bugle   ( 4496): BugleApplicationBase: Bugle version: 4.1.067 (ettin_rc12_alldpi.x86.phone)
I/Bugle   ( 4496): GServicesValues:
I/Bugle   ( 4496): bugle_enable_primes_battery_metrics: true
I/Bugle   ( 4496): bugle_enable_primes_crash_metrics: true
I/Bugle   ( 4496): bugle_enable_primes_latency_metrics: true
I/Bugle   ( 4496): bugle_enable_primes_memory_metrics: true
I/Bugle   ( 4496): bugle_enable_primes_network_metrics: true
I/Bugle   ( 4496): bugle_enable_primes_package_metrics: true
I/Bugle   ( 4496): bugle_max_telemetry_upload_retries: 10
I/Bugle   ( 4496): bugle_sticker_set_list_version: 3
W/ActivityManager( 2091): Background start not allowed: service Intent { cmp=com.google.android.apps.messaging/.shared.datamodel.action.execution.ActionExecutorImpl$EmptyService } to com.google.android.apps.messaging/.shared.datamodel.action.execution.ActionExecutorImpl$EmptyService from pid=3308 uid=10120 pkg=com.google.android.apps.messaging startFg?=false
W/BugleDataModel( 3308): ActionExecutorImpl: Action started execution, but we can't guarantee it will complete, the app may be killed. Action: class com.google.android.apps.messaging.shared.datamodel.action.CommitPhenotypeAction-CommitPhenotypeAction:37233018
W/BugleDataModel( 3308): java.lang.IllegalStateException: Not allowed to start service Intent { cmp=com.google.android.apps.messaging/.shared.datamodel.action.execution.ActionExecutorImpl$EmptyService }: app is in background uid UidRecord{b713a39 u0a120 RCVR idle change:uncached procs:2 seq(0,0,0)}
W/BugleDataModel( 3308): 	at android.app.ContextImpl.startServiceCommon(ContextImpl.java:1616)
W/BugleDataModel( 3308): 	at android.app.ContextImpl.startService(ContextImpl.java:1571)
W/BugleDataModel( 3308): 	at android.content.ContextWrapper.startService(ContextWrapper.java:669)
W/BugleDataModel( 3308): 	at com.google.android.apps.messaging.shared.datamodel.action.execution.ActionExecutorImpl.e(SourceFile:107)
W/BugleDataModel( 3308): 	at com.google.android.apps.messaging.shared.datamodel.action.execution.ActionExecutorImpl.a(SourceFile:19)
W/BugleDataModel( 3308): 	at com.google.android.apps.messaging.shared.datamodel.action.execution.ActionExecutorImpl.b(SourceFile:17)
W/BugleDataModel( 3308): 	at dya.c(SourceFile:135)
W/BugleDataModel( 3308): 	at dya.a(SourceFile:85)
W/BugleDataModel( 3308): 	at com.google.android.apps.messaging.shared.datamodel.action.common.Action.schedule(SourceFile:60)
W/BugleDataModel( 3308): 	at fdf.a(SourceFile:31)
W/BugleDataModel( 3308): 	at fdg.a(Unknown Source:4)
W/BugleDataModel( 3308): 	at com.google.android.gms.common.api.internal.BasePendingResult$a.handleMessage(SourceFile:7)
W/BugleDataModel( 3308): 	at android.os.Handler.dispatchMessage(Handler.java:107)
W/BugleDataModel( 3308): 	at lpw.a(SourceFile:10)
W/BugleDataModel( 3308): 	at lpw.dispatchMessage(SourceFile:8)
W/BugleDataModel( 3308): 	at android.os.Looper.loop(Looper.java:214)
W/BugleDataModel( 3308): 	at android.app.ActivityThread.main(ActivityThread.java:7356)
W/BugleDataModel( 3308): 	at java.lang.reflect.Method.invoke(Native Method)
W/BugleDataModel( 3308): 	at com.android.internal.os.RuntimeInit$MethodAndArgsCaller.run(RuntimeInit.java:492)
W/BugleDataModel( 3308): 	at com.android.internal.os.ZygoteInit.main(ZygoteInit.java:930)
I/BugleAction( 3308): ActionSchedulerImpl: class com.google.android.apps.messaging.shared.datamodel.action.CommitPhenotypeAction-CommitPhenotypeAction:37233018 deferred since it was started from unsafe context
I/ActivityManager( 2091): Killing 3674:com.android.localtransport/1000 (adj 985): empty #17
D/Zygote  ( 1777): Forked child process 4557
W/oid.apps.photo( 4557): Unexpected CPU variant for X86 using defaults: x86
I/ActivityManager( 2091): Start proc 4557:com.google.android.apps.photos/u0a117 for broadcast {com.google.android.apps.photos/com.google.android.apps.photos.backup.freestorage.full.PixelOfferReceiver}
I/chatty  ( 2773): uid=10101 com.google.android.gms.persistent expire 4 lines
I/Zygote  ( 1777): Process 3674 exited due to signal 9 (Killed)
W/ActivityManager( 2091): Unable to start service Intent { act=com.google.android.gms.nearby.discovery:ACTION_PERMISSION_CHANGE cmp=com.google.android.gms/.nearby.discovery.service.DiscoveryService } U=0: not found
I/libprocessgroup( 2091): Successfully killed process cgroup uid 1000 pid 3674 in 88ms
I/oid.apps.photo( 4557): The ClassLoaderContext is a special shared library.
W/ActivityManager( 2091): Unable to start service Intent { act=com.google.android.gms.nearby.discovery:ACTION_PERMISSION_CHANGE cmp=com.google.android.gms/.nearby.discovery.service.DiscoveryService } U=0: not found
W/native  ( 4496): cpu_feature_guard.cc:35 The TensorFlow library was compiled to use SSE instructions, but these aren't available on your machine.
W/native  ( 4496): cpu_feature_guard.cc:35 The TensorFlow library was compiled to use SSE2 instructions, but these aren't available on your machine.
W/native  ( 4496): cpu_feature_guard.cc:35 The TensorFlow library was compiled to use SSE3 instructions, but these aren't available on your machine.
W/native  ( 4496): commandlineflags.cc:976 Ignoring RegisterValidateFunction() for flag pointer 0xc33f2c7c: no flag found at that address
W/native  ( 4496): commandlineflags.cc:976 Ignoring RegisterValidateFunction() for flag pointer 0xc2bef9ec: no flag found at that address
W/native  ( 4496): commandlineflags.cc:976 Ignoring RegisterValidateFunction() for flag pointer 0xc2ae081c: no flag found at that address
W/native  ( 4496): commandlineflags.cc:976 Ignoring RegisterValidateFunction() for flag pointer 0xc292c85c: no flag found at that address
W/s.messaging:rc( 4496): Long monitor contention with owner StartupThread#1 (4543) at java.lang.Object dyw.a()(SourceFile:9) waiters=0 in java.lang.Object vos.a() for 769ms
W/s.messaging:rc( 4496): Long monitor contention with owner StartupThread#1 (4543) at java.lang.Object dyw.a()(SourceFile:9) waiters=1 in java.lang.Object vos.a() for 761ms
D/Zygote  ( 1777): Forked child process 4607
I/ActivityManager( 2091): Start proc 4607:com.google.android.apps.wallpaper/u0a98 for broadcast {com.google.android.apps.wallpaper/com.android.wallpaper.module.RotationWallpaperMoveReceiver}
W/.apps.wallpape( 4607): Unexpected CPU variant for X86 using defaults: x86
D/ApplicationLoaders( 4607): Returning zygote-cached class loader: /system/framework/android.hidl.base-V1.0-java.jar
D/ApplicationLoaders( 4607): Returning zygote-cached class loader: /system/framework/android.hidl.manager-V1.0-java.jar
D/ApplicationLoaders( 4607): Returning zygote-cached class loader: /system/framework/android.hidl.base-V1.0-java.jar
I/.apps.wallpape( 4607): The ClassLoaderContext is a special shared library.
I/.apps.wallpape( 4607): The ClassLoaderContext is a special shared library.
I/MultiDex( 4607): VM with version 2.1.0 has multidex support
I/MultiDex( 4607): install
I/MultiDex( 4607): VM has multidex support, MultiDex support library is disabled.
I/chatty  ( 2961): uid=10101(com.google.android.gms) expire 8 lines
E/memtrack( 2091): Couldn't load memtrack module
W/android.os.Debug( 2091): failed to get memory consumption info: -1
I/ActivityManager( 2091): Killing 3702:com.android.keychain/1000 (adj 985): empty #17
D/Zygote  ( 1777): Forked child process 4647
I/ActivityManager( 2091): Start proc 4647:com.google.android.calendar/u0a129 for broadcast {com.google.android.calendar/com.google.android.apps.calendar.sync.SyncOnUnlockReceiver}
W/ndroid.calenda( 4647): Unexpected CPU variant for X86 using defaults: x86
I/Zygote  ( 1777): Process 3702 exited due to signal 9 (Killed)
I/libprocessgroup( 2091): Successfully killed process cgroup uid 1000 pid 3702 in 44ms
I/ndroid.calenda( 4647): The ClassLoaderContext is a special shared library.
I/ndroid.calenda( 4647): The ClassLoaderContext is a special shared library.
W/Primes  ( 4647): Primes not initialized, returning default (no-op) Primes instance which will ignore all calls. Please call Primes.initialize(...) before using any Primes API.
W/PrimesInit( 4647): Primes instant initialization
W/Primes  ( 4647): background initialization
W/GrowthKit( 4647): Failed to get GrowthKitJobScheduler in GrowthKitBootCompletedBroadcastReceiver So GrowthKit failed to schedule jobs after package replaced / boot completed.
W/GrowthKit( 4647): java.lang.NullPointerException: Unable to get GrowthKit Component from host app.
W/GrowthKit( 4647): 	at com.google.android.libraries.internal.growth.growthkit.inject.GrowthKit.get(GrowthKit.java:43)
W/GrowthKit( 4647): 	at com.google.android.libraries.internal.growth.growthkit.inject.GrowthKitBootCompletedBroadcastReceiver.onReceive(GrowthKitBootCompletedBroadcastReceiver.java:29)
W/GrowthKit( 4647): 	at android.app.ActivityThread.handleReceiver(ActivityThread.java:3788)
W/GrowthKit( 4647): 	at android.app.ActivityThread.access$1400(ActivityThread.java:219)
W/GrowthKit( 4647): 	at android.app.ActivityThread$H.handleMessage(ActivityThread.java:1870)
W/GrowthKit( 4647): 	at android.os.Handler.dispatchMessage(Handler.java:107)
W/GrowthKit( 4647): 	at android.os.Looper.loop(Looper.java:214)
W/GrowthKit( 4647): 	at android.app.ActivityThread.main(ActivityThread.java:7356)
W/GrowthKit( 4647): 	at java.lang.reflect.Method.invoke(Native Method)
W/GrowthKit( 4647): 	at com.android.internal.os.RuntimeInit$MethodAndArgsCaller.run(RuntimeInit.java:492)
W/GrowthKit( 4647): 	at com.android.internal.os.ZygoteInit.main(ZygoteInit.java:930)
I/ActivityManager( 2091): Killing 3751:com.android.contacts/u0a108 (adj 985): empty #17
D/Zygote  ( 1777): Forked child process 4705
I/ActivityManager( 2091): Start proc 4705:com.google.android.configupdater/u0a93 for broadcast {com.google.android.configupdater/com.google.android.configupdater.MainReceiver}
W/d.configupdate( 4705): Unexpected CPU variant for X86 using defaults: x86
I/Zygote  ( 1777): Process 3751 exited due to signal 9 (Killed)
D/ApplicationLoaders( 4705): Returning zygote-cached class loader: /system/framework/android.hidl.base-V1.0-java.jar
D/ApplicationLoaders( 4705): Returning zygote-cached class loader: /system/framework/android.hidl.manager-V1.0-java.jar
D/ApplicationLoaders( 4705): Returning zygote-cached class loader: /system/framework/android.hidl.base-V1.0-java.jar
I/libprocessgroup( 2091): Successfully killed process cgroup uid 10108 pid 3751 in 80ms
I/d.configupdate( 4705): The ClassLoaderContext is a special shared library.
W/earchbox:searc( 3174): Long monitor contention with owner Measurement Worker (4295) at long com.android.org.conscrypt.NativeCrypto.RSA_generate_key_ex(int, byte[])(NativeCrypto.java:-2) waiters=0 in com.google.firebase.iid.aq com.google.firebase.iid.ar.a(java.lang.String, java.lang.String, java.lang.String) for 5.202s
E/LibraryVersion( 3174): Failed to get app version for libraryName: firebase-iid
E/ConfigUpdater( 4705): ignoring update request
I/chatty  ( 4705): uid=10093(com.google.android.configupdater) identical 7 lines
E/ConfigUpdater( 4705): ignoring update request
E/ConfigUpdater( 4705): ignoring update request
E/ConfigUpdater( 4705): ignoring update request
I/ActivityManager( 2091): Killing 3818:com.android.dynsystem/1000 (adj 985): empty #17
D/Zygote  ( 1777): Forked child process 4763
I/ActivityManager( 2091): Start proc 4763:com.google.android.deskclock/u0a112 for broadcast {com.google.android.deskclock/com.android.deskclock.AlarmInitReceiver}
W/droid.deskcloc( 4763): Unexpected CPU variant for X86 using defaults: x86
I/Zygote  ( 1777): Process 3818 exited due to signal 9 (Killed)
D/FA      ( 3174): Connected to remote service
I/libprocessgroup( 2091): Successfully killed process cgroup uid 1000 pid 3818 in 84ms
D/ApplicationLoaders( 4763): Returning zygote-cached class loader: /system/framework/android.hidl.base-V1.0-java.jar
D/ApplicationLoaders( 4763): Returning zygote-cached class loader: /system/framework/android.hidl.manager-V1.0-java.jar
D/ApplicationLoaders( 4763): Returning zygote-cached class loader: /system/framework/android.hidl.base-V1.0-java.jar
I/droid.deskcloc( 4763): The ClassLoaderContext is a special shared library.
W/PrimesInit( 4763): Primes instant initialization
W/Primes  ( 4763): background initialization
I/GAv4    ( 4763): Google Analytics 11.0.11 is starting up. To enable debug logging on a device run:
I/GAv4    ( 4763):   adb shell setprop log.tag.GAv4 DEBUG
I/GAv4    ( 4763):   adb logcat -s GAv4
W/GAv4    ( 4763): AnalyticsReceiver is not registered or is disabled. Register the receiver for reliable dispatching on non-Google Play devices. See http://goo.gl/8Rd3yj for instructions.
W/GAv4    ( 4763): CampaignTrackingReceiver is not registered, not exported or is disabled. Installation campaign tracking is not possible. See http://goo.gl/8Rd3yj for instructions.
I/chatty  ( 2961): uid=10101(com.google.android.gms) expire 4 lines
W/GAv4    ( 4763): AnalyticsService not registered in the app manifest. Hits might not be delivered reliably. See http://goo.gl/8Rd3yj for instructions.
I/PrimesTesting( 4763): GserviceFlagsSupplier.get()
I/chatty  ( 2961): uid=10101(com.google.android.gms) expire 4 lines
I/AlarmClock( 4763): AlarmInitReceiver android.intent.action.BOOT_COMPLETED
I/ActivityManager( 2091): Killing 3883:com.android.managedprovisioning/u0a47 (adj 985): empty #17
D/Zygote  ( 1777): Forked child process 4808
I/ActivityManager( 2091): Start proc 4808:com.google.android.gm/u0a125 for broadcast {com.google.android.gm/com.google.android.gm.GoogleMailDeviceStartupReceiver}
W/ogle.android.g( 4808): Unexpected CPU variant for X86 using defaults: x86
I/Zygote  ( 1777): Process 3883 exited due to signal 9 (Killed)
I/libprocessgroup( 2091): Successfully killed process cgroup uid 10047 pid 3883 in 84ms
W/ActivityManager( 2091): Slow operation: 63ms so far, now at attachApplicationLocked: immediately after bindApplication
W/ActivityManager( 2091): Slow operation: 63ms so far, now at attachApplicationLocked: after updateLruProcessLocked
W/ActivityManager( 2091): Slow operation: 63ms so far, now at attachApplicationLocked: after mServices.attachApplicationLocked
W/ActivityManager( 2091): Slow operation: 67ms so far, now at attachApplicationLocked: after sendPendingBroadcastsLocked
I/ogle.android.g( 4808): The ClassLoaderContext is a special shared library.
I/ogle.android.g( 4808): The ClassLoaderContext is a special shared library.
I/oadcastreceive( 4402): WaitForGcToComplete blocked CollectorTransition on ProfileSaver for 5.728ms
W/PrimesInit( 4808): Primes instant initialization
W/Primes  ( 4808): background initialization
I/chatty  ( 2773): uid=10101 com.google.android.gms.persistent expire 50 lines
W/GAV2    ( 4808): Thread[main,5,main]: Need to call initialize() and be in fallback mode to start dispatch.
I/PrimesTesting( 4808): GserviceFlagsSupplier.get()
W/Gmail   ( 4808): AccountUtils:For b/73513912, load account content://com.android.gmail.ui/account.-2137146394 from MailAppProvider. Is account valid result: 1.
W/Gmail   ( 4808): AccountUtils:For b/73513912, load account content://com.google.android.gm.email.provider/account.-437561172?suppress_combined%3Dtrue from MailAppProvider. Is account valid result: 1.
W/ogle.android.g( 4808): Long monitor contention with owner AsyncTask #1 (4860) at hlm hlm.a()(SourceFile:1) waiters=1 in android.database.sqlite.SQLiteDatabase com.android.email.provider.EmailProvider.a(android.content.Context) for 304ms
E/memtrack( 2091): Couldn't load memtrack module
W/android.os.Debug( 2091): failed to get memory consumption info: -1
W/ActivityManager( 2091): Unable to start service Intent { cmp=com.google.android.gm/com.android.email.service.AttachmentService } U=0: not found
I/ActivityManager( 2091): Killing 3913:com.android.omadm.service/u0a90 (adj 985): empty #17
W/Gmail   ( 4808): EasBundling:ExchangeUpgradeReceiver: action=android.intent.action.BOOT_COMPLETED data=null
W/Gmail   ( 4808): EasBundling:ExchangeUpgradeUtils: isExchangeLegacy=false
I/Zygote  ( 1777): Process 3913 exited due to signal 9 (Killed)
I/libprocessgroup( 2091): Successfully killed process cgroup uid 10090 pid 3913 in 45ms
I/chatty  ( 2773): uid=10101 com.google.android.gms.persistent expire 2 lines
I/chatty  ( 2961): uid=10101(com.google.android.gms) expire 1 line
I/OpaEligibilityChecker( 3174): send OpaEligibilityChange broadcast to CommonBroadcastReceiver
D/PackageManager( 2091): Instant App installer not found with android.intent.action.INSTALL_INSTANT_APP_PACKAGE
D/PackageManager( 2091): Clear ephemeral installer activity
D/PackageManager( 2091): Instant App installer not found with android.intent.action.INSTALL_INSTANT_APP_PACKAGE
D/PackageManager( 2091): Clear ephemeral installer activity
D/Zygote  ( 1777): Forked child process 4885
W/ActivityManager( 2091): Slow operation: 53ms so far, now at startProcess: returned from zygote!
W/ActivityManager( 2091): Slow operation: 54ms so far, now at startProcess: done updating battery stats
W/ActivityManager( 2091): Slow operation: 54ms so far, now at startProcess: building log message
I/ActivityManager( 2091): Start proc 4885:com.android.chrome/u0a131 for service {com.android.chrome/org.chromium.chrome.browser.customtabs.CustomTabsConnectionService}
W/ActivityManager( 2091): Slow operation: 54ms so far, now at startProcess: starting to update pids map
W/ActivityManager( 2091): Slow operation: 54ms so far, now at startProcess: done updating pids map
I/HotwordUpgradeTask( 3174): App version upgraded to 300951966: running speaker ID model upgrade tasks v2.
I/HotwordUpgradeTask( 3174): User is not speaker ID enabled. Returning.
I/UtteranceRenameTask( 3174): Utterances already renamed to new format. Abort task.
W/.android.chrom( 4885): Unexpected CPU variant for X86 using defaults: x86
I/chatty  ( 2961): uid=10101(com.google.android.gms) expire 4 lines
W/ActivityManager( 2091): Slow operation: 85ms so far, now at attachApplicationLocked: after mServices.attachApplicationLocked
I/BgTaskExecutorImpl( 3174): Starting EXCLUSIVE background task OPA_NOTIFICATION_DELAYED_TRIGGER_SYNC.
E/BluetoothAdapter( 3174): Bluetooth binder is null
I/CarrierServices( 3540): [2] CarrierServicesReleaseApp.a: Initialized already, return.
I/CarrierServices( 3540): [2] BootCompletedReceiver.a: Boot completed, Triggering provisioning if needed.
I/.android.chrom( 4885): The ClassLoaderContext is a special shared library.
W/SearchServiceCore( 3174): Abort, client detached.
I/s.messaging:rc( 4496): Waiting for a blocking GC ProfileSaver
I/CarrierServices( 3540): [2] cyc.a: CarrierServices.apk is not sim call manager. Not enabling MMTel.
I/CarrierServices( 3540): [2] ProvisioningService.a: Should not enable MMTel. Not scheduling provisioning.
I/CarrierServices( 3540): [2] RcsAutoStartReceiver.a: enableRcs changed from true to true
I/CarrierServices( 3540): [2] RcsAutoStartReceiver.a: RcsAutoStartReceiver triggered. Fetching RCS State. Action: android.intent.action.BOOT_COMPLETED
I/s.messaging:rc( 4496): WaitForGcToComplete blocked ProfileSaver on ClassLinker for 62.430ms
I/ActivityManager( 2091): Killing 4064:com.android.traceur/u0a86 (adj 985): empty #17
I/CarrierServices( 3540): [2] bqa.a: Migration binding to RcsMigrationService
I/.android.chrom( 4885): The ClassLoaderContext is a special shared library.
I/BugleDataModel( 3308): RcsMigrationService: Returning RCS state provider.
E/memtrack( 2091): Couldn't load memtrack module
W/android.os.Debug( 2091): failed to get memory consumption info: -1
I/LauncherIconVisibility( 2586): doUpdate() : Visible = false
I/BugleRcsEngine( 3308): [136] omj.shouldUseCarrierServicesApkForV1Apis: Checking if using CarrierServices.apk is possible. Enabled: true, isAtLeastM: true, runningInsideBugle: true
D/Zygote  ( 1777): Forked child process 4924
I/ActivityManager( 2091): Start proc 4924:com.google.android.onetimeinitializer/u0a105 for broadcast {com.google.android.onetimeinitializer/com.google.android.onetimeinitializer.OneTimeInitializerReceiver}
W/timeinitialize( 4924): Unexpected CPU variant for X86 using defaults: x86
I/chatty  ( 2773): uid=10101 com.google.android.gms.persistent expire 31 lines
I/Zygote  ( 1777): Process 4064 exited due to signal 9 (Killed)
W/RcsProvisioning( 3308): Failed to read configuration: /data/user/0/com.google.android.apps.messaging/files/rcsconfig: open failed: ENOENT (No such file or directory)
W/RcsProvisioning( 3308): java.io.FileNotFoundException: /data/user/0/com.google.android.apps.messaging/files/rcsconfig: open failed: ENOENT (No such file or directory)
W/RcsProvisioning( 3308): 	at libcore.io.IoBridge.open(IoBridge.java:496)
W/RcsProvisioning( 3308): 	at java.io.FileInputStream.<init>(FileInputStream.java:159)
W/RcsProvisioning( 3308): 	at android.app.ContextImpl.openFileInput(ContextImpl.java:600)
W/RcsProvisioning( 3308): 	at android.content.ContextWrapper.openFileInput(ContextWrapper.java:206)
W/RcsProvisioning( 3308): 	at opj.a(SourceFile:1)
W/RcsProvisioning( 3308): 	at oal.a(SourceFile:4)
W/RcsProvisioning( 3308): 	at com.google.android.ims.provisioning.RcsConfigurationManager.a(SourceFile:6)
W/RcsProvisioning( 3308): 	at odm.buildToken(SourceFile:10)
W/RcsProvisioning( 3308): 	at com.google.android.apps.messaging.rcsmigration.RcsStateProvider.buildRcsState(SourceFile:57)
W/RcsProvisioning( 3308): 	at com.google.android.apps.messaging.rcsmigration.RcsStateProvider.getRcsState(SourceFile:6)
W/RcsProvisioning( 3308): 	at com.google.android.ims.rcsmigration.IRcsStateProvider$Stub.dispatchTransaction(SourceFile:6)
W/RcsProvisioning( 3308): 	at com.google.android.aidl.BaseStub.onTransact(SourceFile:11)
W/RcsProvisioning( 3308): 	at android.os.Binder.execTransactInternal(Binder.java:1021)
W/RcsProvisioning( 3308): 	at android.os.Binder.execTransact(Binder.java:994)
W/RcsProvisioning( 3308): Caused by: android.system.ErrnoException: open failed: ENOENT (No such file or directory)
W/RcsProvisioning( 3308): 	at libcore.io.Linux.open(Native Method)
W/RcsProvisioning( 3308): 	at libcore.io.ForwardingOs.open(ForwardingOs.java:167)
W/RcsProvisioning( 3308): 	at libcore.io.BlockGuardOs.open(BlockGuardOs.java:252)
W/RcsProvisioning( 3308): 	at libcore.io.ForwardingOs.open(ForwardingOs.java:167)
W/RcsProvisioning( 3308): 	at android.app.ActivityThread$AndroidOs.open(ActivityThread.java:7255)
W/RcsProvisioning( 3308): 	at libcore.io.IoBridge.open(IoBridge.java:482)
W/RcsProvisioning( 3308): 	... 13 more
I/libprocessgroup( 2091): Successfully killed process cgroup uid 10086 pid 4064 in 187ms
I/LoadedApk( 4885): No resource references to update in package com.google.android.trichromelibrary
I/oid.apps.photo( 4557): Waiting for a blocking GC ProfileSaver
W/ActivityManager( 2091): Slow operation: 52ms so far, now at attachApplicationLocked: after sendPendingBroadcastsLocked
I/oid.apps.photo( 4557): WaitForGcToComplete blocked ProfileSaver on ClassLinker for 47.004ms
I/timeinitialize( 4924): The ClassLoaderContext is a special shared library.
W/ActivityManager( 2091): Background start not allowed: service Intent { cmp=com.google.android.apps.messaging/.shared.datamodel.action.execution.ActionExecutorImpl$EmptyService } to com.google.android.apps.messaging/.shared.datamodel.action.execution.ActionExecutorImpl$EmptyService from pid=3308 uid=10120 pkg=com.google.android.apps.messaging startFg?=false
E/memtrack( 2091): Couldn't load memtrack module
W/android.os.Debug( 2091): failed to get memory consumption info: -1
W/DynamiteModule( 4885): Local module descriptor class for com.google.android.gms.googlecertificates not found.
I/ActivityManager( 2091): Killing 4107:com.google.android.angle/u0a96 (adj 985): empty #17
D/Zygote  ( 1777): Forked child process 4963
I/ActivityManager( 2091): Start proc 4963:com.google.android.packageinstaller/u0a54 for broadcast {com.google.android.packageinstaller/com.android.packageinstaller.TemporaryFileManager}
W/.android.chrom( 4885): Unsupported class loader
W/ackageinstalle( 4963): Unexpected CPU variant for X86 using defaults: x86
I/Zygote  ( 1777): Process 4107 exited due to signal 9 (Killed)
W/RcsProvisioning( 3308): Failed to read configuration: /data/user/0/com.google.android.apps.messaging/files/rcsconfig: open failed: ENOENT (No such file or directory)
W/RcsProvisioning( 3308): java.io.FileNotFoundException: /data/user/0/com.google.android.apps.messaging/files/rcsconfig: open failed: ENOENT (No such file or directory)
W/RcsProvisioning( 3308): 	at libcore.io.IoBridge.open(IoBridge.java:496)
W/RcsProvisioning( 3308): 	at java.io.FileInputStream.<init>(FileInputStream.java:159)
W/RcsProvisioning( 3308): 	at android.app.ContextImpl.openFileInput(ContextImpl.java:600)
W/RcsProvisioning( 3308): 	at android.content.ContextWrapper.openFileInput(ContextWrapper.java:206)
W/RcsProvisioning( 3308): 	at opj.a(SourceFile:1)
W/RcsProvisioning( 3308): 	at oal.a(SourceFile:4)
W/RcsProvisioning( 3308): 	at com.google.android.ims.provisioning.RcsConfigurationManager.a(SourceFile:6)
W/RcsProvisioning( 3308): 	at odm.buildConferencesFileName(SourceFile:57)
W/RcsProvisioning( 3308): 	at odm.getConferences(SourceFile:49)
W/RcsProvisioning( 3308): 	at odm.buildFiles(SourceFile:6)
W/RcsProvisioning( 3308): 	at com.google.android.apps.messaging.rcsmigration.RcsStateProvider.buildRcsState(SourceFile:63)
W/RcsProvisioning( 3308): 	at com.google.android.apps.messaging.rcsmigration.RcsStateProvider.getRcsState(SourceFile:6)
W/RcsProvisioning( 3308): 	at com.google.android.ims.rcsmigration.IRcsStateProvider$Stub.dispatchTransaction(SourceFile:6)
W/RcsProvisioning( 3308): 	at com.google.android.aidl.BaseStub.onTransact(SourceFile:11)
W/RcsProvisioning( 3308): 	at android.os.Binder.execTransactInternal(Binder.java:1021)
W/RcsProvisioning( 3308): 	at android.os.Binder.execTransact(Binder.java:994)
W/RcsProvisioning( 3308): Caused by: android.system.ErrnoException: open failed: ENOENT (No such file or directory)
W/RcsProvisioning( 3308): 	at libcore.io.Linux.open(Native Method)
W/RcsProvisioning( 3308): 	at libcore.io.ForwardingOs.open(ForwardingOs.java:167)
W/RcsProvisioning( 3308): 	at libcore.io.BlockGuardOs.open(BlockGuardOs.java:252)
W/RcsProvisioning( 3308): 	at libcore.io.ForwardingOs.open(ForwardingOs.java:167)
W/RcsProvisioning( 3308): 	at android.app.ActivityThread$AndroidOs.open(ActivityThread.java:7255)
W/RcsProvisioning( 3308): 	at libcore.io.IoBridge.open(IoBridge.java:482)
W/RcsProvisioning( 3308): 	... 15 more
I/DynamiteModule( 4885): Considering local module com.google.android.gms.googlecertificates:0 and remote module com.google.android.gms.googlecertificates:4
I/DynamiteModule( 4885): Selected remote version of com.google.android.gms.googlecertificates, version >= 4
I/libprocessgroup( 2091): Successfully killed process cgroup uid 10096 pid 4107 in 97ms
I/ackageinstalle( 4963): The ClassLoaderContext is a special shared library.
E/BugleRcsEngine( 3308): [136] odm.getFile: File not found.: /data/user/0/com.google.android.apps.messaging/files/httpft_pending: open failed: ENOENT (No such file or directory)
E/BugleRcsEngine( 3308): 	libcore.io.IoBridge.open(IoBridge.java:496)
E/BugleRcsEngine( 3308): 	java.io.FileInputStream.<init>(FileInputStream.java:159)
E/BugleRcsEngine( 3308): 	android.app.ContextImpl.openFileInput(ContextImpl.java:600)
E/BugleRcsEngine( 3308): 	android.content.ContextWrapper.openFileInput(ContextWrapper.java:206)
E/BugleRcsEngine( 3308): 	odm.getFile(SourceFile:51)
E/BugleRcsEngine( 3308): 	odm.buildFiles(SourceFile:7)
E/BugleRcsEngine( 3308): 	com.google.android.apps.messaging.rcsmigration.RcsStateProvider.buildRcsState(SourceFile:63)
E/BugleRcsEngine( 3308): 	com.google.android.apps.messaging.rcsmigration.RcsStateProvider.getRcsState(SourceFile:6)
E/BugleRcsEngine( 3308): 	com.google.android.ims.rcsmigration.IRcsStateProvider$Stub.dispatchTransaction(SourceFile:6)
E/BugleRcsEngine( 3308): 	com.google.android.aidl.BaseStub.onTransact(SourceFile:11)
E/BugleRcsEngine( 3308): 	android.os.Binder.execTransactInternal(Binder.java:1021)
E/BugleRcsEngine( 3308): 	android.os.Binder.execTransact(Binder.java:994)
I/CarrierServices( 3540): [160] bqb.doInBackground: Saving RCS State
I/CarrierServices( 3540): [160] bqb.doInBackground: Old operation mode: 2
I/CarrierServices( 3540): [160] bqb.doInBackground: New operation mode: 2
I/CarrierServices( 3540): [2] bqb.onPostExecute: Finalizing migration for RCS state: Operation mode FULL STACK
I/ActivityManager( 2091): Killing 3586:com.android.printspooler/u0a69 (adj 985): empty #17
I/BugleRcsEngine( 3308): [136] RcsStateProvider.onMigrationComplete: Migration complete.
E/memtrack( 2091): Couldn't load memtrack module
W/android.os.Debug( 2091): failed to get memory consumption info: -1
I/BugleRcsEngine( 3308): [136] omj.shouldUseCarrierServicesApkForV1Apis: Checking if using CarrierServices.apk is possible. Enabled: true, isAtLeastM: true, runningInsideBugle: true
I/BugleRcsEngine( 3308): [136] RcsStateProvider.onMigrationComplete: Rcs Engine should be running in cs.apk. Stopping JibeService.
I/Zygote  ( 1777): Process 3586 exited due to signal 9 (Killed)
I/libprocessgroup( 2091): Successfully killed process cgroup uid 10069 pid 3586 in 45ms
I/chatty  ( 2773): uid=10101 com.google.android.gms.persistent expire 4 lines
I/BugleRcsEngine( 3308): [136] RcsStateProvider.onMigrationComplete: JibeService stopped: false
I/BugleRcsEngine( 3308): [136] snl.connect: Connecting ChatSessionService
I/BugleRcsEngine( 3308): [136] snl.connect: shouldUseCarrierServicesJibeService: true, CarrierServices rcs service found: true
I/BugleRcsEngine( 3308): [136] snl.connect: Binding to JibeService in CarrierServices.
I/BugleRcsEngine( 3308): [136] snl.connect: Connecting EventService
I/RcsClientLib( 3308): Service com.google.android.rcs.client.chatsession.ChatSessionService connected. Will notify listeners: true
I/BugleRcsEngine( 3308): [136] snl.connect: shouldUseCarrierServicesJibeService: true, CarrierServices rcs service found: true
I/BugleRcsEngine( 3308): [136] snl.connect: Binding to JibeService in CarrierServices.
W/.android.chrom( 4885): Verification of int af.a(android.content.Context, do, int, do, boolean) took 161.890ms
I/BugleRcsEngine( 3308): [136] snl.connect: Connecting ContactsService
I/RcsClientLib( 3308): Service com.google.android.rcs.client.events.EventService connected. Will notify listeners: true
E/memtrack( 2091): Couldn't load memtrack module
W/android.os.Debug( 2091): failed to get memory consumption info: -1
I/BugleRcsEngine( 3308): [136] snl.connect: shouldUseCarrierServicesJibeService: true, CarrierServices rcs service found: true
I/BugleRcsEngine( 3308): [136] snl.connect: Binding to JibeService in CarrierServices.
I/RcsClientLib( 3308): Service com.google.android.rcs.client.contacts.ContactsService connected. Will notify listeners: true
I/BugleRcsEngine( 3308): [136] snl.connect: Connecting FileTransferService
I/chatty  ( 2773): uid=10101 com.google.android.gms.persistent expire 14 lines
I/BugleRcsEngine( 3308): [136] snl.connect: shouldUseCarrierServicesJibeService: true, CarrierServices rcs service found: true
I/BugleRcsEngine( 3308): [136] snl.connect: Binding to JibeService in CarrierServices.
I/RcsClientLib( 3308): Service com.google.android.rcs.client.filetransfer.FileTransferService connected. Will notify listeners: true
I/BugleRcsEngine( 3308): [136] snl.connect: Connecting LocationSharingService
I/BugleRcsEngine( 3308): [136] snl.connect: shouldUseCarrierServicesJibeService: true, CarrierServices rcs service found: true
I/BugleRcsEngine( 3308): [136] snl.connect: Binding to JibeService in CarrierServices.
I/BugleRcsEngine( 3308): [136] snl.connect: Connecting ImsConnectionTrackerService
I/RcsClientLib( 3308): Service com.google.android.rcs.client.locationsharing.LocationSharingService connected. Will notify listeners: true
I/BugleRcsEngine( 3308): [136] snl.connect: shouldUseCarrierServicesJibeService: true, CarrierServices rcs service found: true
I/BugleRcsEngine( 3308): [136] snl.connect: Binding to JibeService in CarrierServices.
W/.android.chrom( 4885): Unsupported class loader
I/BugleRcsEngine( 3308): [136] snl.connect: Connecting RcsProfileService
I/RcsClientLib( 3308): Service com.google.android.rcs.client.ims.ImsConnectionTrackerService connected. Will notify listeners: true
W/.android.chrom( 4885): Skipping duplicate class check due to unsupported classloader
I/BugleRcsEngine( 3308): [136] snl.connect: shouldUseCarrierServicesJibeService: true, CarrierServices rcs service found: true
I/BugleRcsEngine( 3308): [136] snl.connect: Binding to JibeService in CarrierServices.
I/RcsClientLib( 3308): Service com.google.android.rcs.client.profile.RcsProfileService connected. Will notify listeners: true
I/BugleRcsEngine( 3308): [136] snl.connect: Connecting BusinessInfoService
W/CarrierServices( 3540): [194] cgy.a: No config URL. RCS will be disabled!
I/BugleRcs( 3308): RcsAvailability ACS url: null
I/BugleRcsEngine( 3308): [136] snl.connect: shouldUseCarrierServicesJibeService: true, CarrierServices rcs service found: true
I/BugleRcsEngine( 3308): [136] snl.connect: Binding to JibeService in CarrierServices.
I/RcsClientLib( 3308): Service com.google.android.rcs.client.businessinfo.BusinessInfoService connected. Will notify listeners: true
W/CarrierServices( 3540): [157] cgy.a: No config URL. RCS will be disabled!
I/BugleRcs( 3308): RcsAvailability ACS url: null
W/RcsProvisioning( 3308): Failed to read configuration: /data/user/0/com.google.android.apps.messaging/files/rcsconfig: open failed: ENOENT (No such file or directory)
W/RcsProvisioning( 3308): java.io.FileNotFoundException: /data/user/0/com.google.android.apps.messaging/files/rcsconfig: open failed: ENOENT (No such file or directory)
W/RcsProvisioning( 3308): 	at libcore.io.IoBridge.open(IoBridge.java:496)
W/RcsProvisioning( 3308): 	at java.io.FileInputStream.<init>(FileInputStream.java:159)
W/RcsProvisioning( 3308): 	at android.app.ContextImpl.openFileInput(ContextImpl.java:600)
W/RcsProvisioning( 3308): 	at android.content.ContextWrapper.openFileInput(ContextWrapper.java:206)
W/RcsProvisioning( 3308): 	at opj.a(SourceFile:1)
W/RcsProvisioning( 3308): 	at oal.a(SourceFile:4)
W/RcsProvisioning( 3308): 	at com.google.android.ims.provisioning.RcsConfigurationManager.a(SourceFile:6)
W/RcsProvisioning( 3308): 	at com.google.android.apps.messaging.rcsmigration.RcsStateProvider.onMigrationComplete(SourceFile:22)
W/RcsProvisioning( 3308): 	at com.google.android.ims.rcsmigration.IRcsStateProvider$Stub.dispatchTransaction(SourceFile:9)
W/RcsProvisioning( 3308): 	at com.google.android.aidl.BaseStub.onTransact(SourceFile:11)
W/RcsProvisioning( 3308): 	at android.os.Binder.execTransactInternal(Binder.java:1021)
W/RcsProvisioning( 3308): 	at android.os.Binder.execTransact(Binder.java:994)
W/RcsProvisioning( 3308): Caused by: android.system.ErrnoException: open failed: ENOENT (No such file or directory)
W/RcsProvisioning( 3308): 	at libcore.io.Linux.open(Native Method)
W/RcsProvisioning( 3308): 	at libcore.io.ForwardingOs.open(ForwardingOs.java:167)
W/RcsProvisioning( 3308): 	at libcore.io.BlockGuardOs.open(BlockGuardOs.java:252)
W/RcsProvisioning( 3308): 	at libcore.io.ForwardingOs.open(ForwardingOs.java:167)
W/RcsProvisioning( 3308): 	at android.app.ActivityThread$AndroidOs.open(ActivityThread.java:7255)
W/RcsProvisioning( 3308): 	at libcore.io.IoBridge.open(IoBridge.java:482)
W/RcsProvisioning( 3308): 	... 11 more
W/.android.chrom( 4885): Long monitor contention with owner CrAsyncTask #1 (4956) at boolean android.os.BinderProxy.transactNative(int, android.os.Parcel, android.os.Parcel, int)(BinderProxy.java:-2) waiters=0 in boolean sl.a(java.lang.String, yl) for 913ms
I/BugleRcsEngine( 3308): [136] RcsStateProvider.onMigrationComplete: Deleted transfers file: false
W/RcsProvisioning( 3308): Failed to read configuration: /data/user/0/com.google.android.apps.messaging/files/rcsconfig: open failed: ENOENT (No such file or directory)
W/RcsProvisioning( 3308): java.io.FileNotFoundException: /data/user/0/com.google.android.apps.messaging/files/rcsconfig: open failed: ENOENT (No such file or directory)
W/RcsProvisioning( 3308): 	at libcore.io.IoBridge.open(IoBridge.java:496)
W/RcsProvisioning( 3308): 	at java.io.FileInputStream.<init>(FileInputStream.java:159)
W/RcsProvisioning( 3308): 	at android.app.ContextImpl.openFileInput(ContextImpl.java:600)
W/RcsProvisioning( 3308): 	at android.content.ContextWrapper.openFileInput(ContextWrapper.java:206)
W/RcsProvisioning( 3308): 	at opj.a(SourceFile:1)
W/RcsProvisioning( 3308): 	at oal.a(SourceFile:4)
W/RcsProvisioning( 3308): 	at com.google.android.ims.provisioning.RcsConfigurationManager.a(SourceFile:6)
W/RcsProvisioning( 3308): 	at odm.buildConferencesFileName(SourceFile:57)
W/RcsProvisioning( 3308): 	at com.google.android.apps.messaging.rcsmigration.RcsStateProvider.onMigrationComplete(SourceFile:37)
W/RcsProvisioning( 3308): 	at com.google.android.ims.rcsmigration.IRcsStateProvider$Stub.dispatchTransaction(SourceFile:9)
W/RcsProvisioning( 3308): 	at com.google.android.aidl.BaseStub.onTransact(SourceFile:11)
W/RcsProvisioning( 3308): 	at android.os.Binder.execTransactInternal(Binder.java:1021)
W/RcsProvisioning( 3308): 	at android.os.Binder.execTransact(Binder.java:994)
W/RcsProvisioning( 3308): Caused by: android.system.ErrnoException: open failed: ENOENT (No such file or directory)
W/RcsProvisioning( 3308): 	at libcore.io.Linux.open(Native Method)
W/RcsProvisioning( 3308): 	at libcore.io.ForwardingOs.open(ForwardingOs.java:167)
W/RcsProvisioning( 3308): 	at libcore.io.BlockGuardOs.open(BlockGuardOs.java:252)
W/RcsProvisioning( 3308): 	at libcore.io.ForwardingOs.open(ForwardingOs.java:167)
W/RcsProvisioning( 3308): 	at android.app.ActivityThread$AndroidOs.open(ActivityThread.java:7255)
W/RcsProvisioning( 3308): 	at libcore.io.IoBridge.open(IoBridge.java:482)
W/RcsProvisioning( 3308): 	... 12 more
D/Zygote  ( 1777): Forked child process 5023
I/ActivityManager( 2091): Start proc 5023:com.google.android.permissioncontroller/u0a53 for broadcast {com.google.android.permissioncontroller/com.android.packageinstaller.permission.service.LocationAccessCheck$SetupPeriodicBackgroundLocationAccessCheck}
W/ssioncontrolle( 5023): Unexpected CPU variant for X86 using defaults: x86
I/CarrierServices( 3540): [2] bqe.a: Unbinding RcsMigrationService
I/ActivityManager( 2091): Killing 2469:com.android.settings/1000 (adj 985): empty #17
W/ActivityManager( 2091): setHasOverlayUi called on unknown pid: 2469
I/ssioncontrolle( 5023): The ClassLoaderContext is a special shared library.
I/Zygote  ( 1777): Process 2469 exited due to signal 9 (Killed)
I/libprocessgroup( 2091): Successfully killed process cgroup uid 1000 pid 2469 in 87ms
