I/CarrierServices( 3540):    carrier_services_security_flags_white_listed_signatures: B28C3EDB665DF32686224DF800F603E9959BBE4E,0980A12BE993528C19107BC21AD811478C63CEFC,B38FA7B5ECFAEC44620A020752B07E063B3120A8,203997BC46B8792DC9747ABD230569071F9A0439,EDA6413C3E3A95492114FE07CD953AD897E40D1A,760EBB9F4200B3DFB1B817B40FF0563A3C150D39,5B368CFF2DA2686996BC95EAC190EAA4F5630FE5,01D845B26B688D8EF647205A5944E9407E52E06E,27196E386B875E76ADF700E7EA84E4C6EEE33DFA,1CDD04F1E4A732BB0352FDFAEE26D2315526DF85,025D5212BF3B5F5CDA6117A518721D70A94D84E0
I/CarrierServices( 3540):    carrier_services_video_share_disabled_user_agent_substrings: SM-G930,SM-G935,SM-A320
I/CarrierServices( 3540):    carrier_services_voip_flags_is_request_call_feedback_allowed: true
I/CarrierServices( 3540): ====================
I/CarrierServices( 3540): [165] but.d: Connected state: [1], networkType: [WIFI]
I/Telecom ( 2091): DefaultDialerCache: Refreshing default dialer for user 0: now com.android.dialer: CM.CCCR->CM.UECNT@AD8
I/CarrierServices( 3540): [165] but.d: Connected state: [1], networkType: [WIFI]
I/chatty  ( 2961): uid=10101(com.google.android.gms) expire 8 lines
I/Telecom ( 2091): MissedCallNotifierImpl: reloadAfterBootComplete: user=0: CM.CCCR->CM.UECNT@AD8
I/BugleRcs( 3308): RCS is disabled via P/H
I/BugleRcs( 3308): RcsAvailability: config server url unavailable - Carrier is not RCS enabled
I/BugleRcs( 3308): RcsAvailability: updated: RCS is disabled for this carrier by Google
D/CarrierConfigLoader( 2401): mHandler: 13 phoneId: 0
D/CarrierConfigLoader( 2401): mHandler: 7 phoneId: 0
D/CarrierConfigLoader( 2401): Loaded config from XML. package=com.android.carrierconfig phoneId=0
D/BackupTransportManager( 2091): Transport com.android.localtransport/.LocalTransportService registered
D/BackupManagerService( 2091): Transport com.android.localtransport/.LocalTransport registered 3727ms after first request (delay = 3000ms)
D/CarrierConfigLoader( 2401): mHandler: 5 phoneId: 0
D/EGL_emulation( 2469): eglMakeCurrent: 0xdd01a1e0: ver 3 1 (tinfo 0xdd00f730)
W/SearchServiceCore( 3174): Abort, client detached.
W/SearchServiceCore( 3174): Abort, client detached.
D/Zygote  ( 1777): Forked child process 3751
W/ActivityManager( 2091): Slow operation: 63ms so far, now at startProcess: returned from zygote!
W/InputMethodEntryManager( 2586): getEnabledMultilingualSecondaryLanguages is called before initialized
D/CarrierConfigLoader( 2401): mHandler: 16 phoneId: 0
W/ActivityManager( 2091): Slow operation: 104ms so far, now at startProcess: done updating battery stats
W/ActivityManager( 2091): Slow operation: 104ms so far, now at startProcess: building log message
I/ActivityManager( 2091): Start proc 3751:com.android.contacts/u0a108 for broadcast {com.android.contacts/com.android.contacts.interactions.OnBootOrUpgradeReceiver}
W/ActivityManager( 2091): Slow operation: 105ms so far, now at startProcess: starting to update pids map
W/ActivityManager( 2091): Slow operation: 105ms so far, now at startProcess: done updating pids map
W/ndroid.contact( 3751): Unexpected CPU variant for X86 using defaults: x86
I/BugleRcs( 3308): RcsAvailability: Broadcast disable RCS for RCS is disabled for this carrier by Google
W/SearchServiceCore( 3174): Abort, client detached.
W/SearchServiceCore( 3174): Abort, client detached.
D/CarrierConfigLoader( 2401): Broadcast CARRIER_CONFIG_CHANGED for phone 0
D/CarrierKeyDownloadManager( 2401): Carrier Config changed: android.telephony.action.CARRIER_CONFIG_CHANGED
I/CarrierInfoManager( 2401): using values for mnc, mcc: 260,310
D/CarrierInfoManager( 2401): No rows found for keyType: 2
D/CarrierKeyDownloadManager( 2401): Carrier not enabled or invalid values
D/CarrierKeyDownloadManager( 2401): Cleaning up existing renewal alarms
E/GnssLocationProvider( 2091): android_location_GnssLocationProvider_set_agps_server: AGPS interface not supported
I/BgTaskExecutorImpl( 3174): Starting PERIODIC background task REFRESH_NOW_CONFIGURATION.
I/CarrierServices( 3540): [2] cpr.a: Initializing SimStateTracker
I/netd    ( 1776): bandwidthRemoveInterfaceQuota("radio0") <16.35ms>
I/netd    ( 1776): bandwidthSetInterfaceQuota("radio0", 9223372036854775807) <5.55ms>
I/netd    ( 1776): bandwidthSetGlobalAlert(2097152) <0.16ms>
I/Bugle   ( 3308): Carrier config changed. Reloading MMS config.
I/PhenotypeIme( 2586): FetchConfigurationTask.fetchConfiguration() : com.google.android.inputmethod.latin
W/Looper  ( 2091): Slow dispatch took 150ms main h=android.app.ActivityThread$H c=android.app.-$$Lambda$LoadedApk$ReceiverDispatcher$Args$_BumDX2UKsnxLVrE6UJsJZkotuA@b0b6fef m=0
I/Telecom ( 2091): PhoneAccountRegistrar: getSimCallManager: SimCallManager for subId 1 queried, returning: null: CM.CCCR->CM.UECNT@AD8
D/ApplicationLoaders( 3751): Returning zygote-cached class loader: /system/framework/android.hidl.base-V1.0-java.jar
D/ApplicationLoaders( 3751): Returning zygote-cached class loader: /system/framework/android.hidl.manager-V1.0-java.jar
D/ApplicationLoaders( 3751): Returning zygote-cached class loader: /system/framework/android.hidl.base-V1.0-java.jar
I/SharedPreferencesProto( 3174): load shared preferences: file not found
I/ndroid.contact( 3751): The ClassLoaderContext is a special shared library.
I/TelecomFramework( 2401): : Carrier-config changed, checking for phone account updates.
W/SearchServiceCore( 3174): Abort, client detached.
W/SearchServiceCore( 3174): Abort, client detached.
I/KeyboardGroupDefParser( 2586): parseKeyboardGroupDef() 2131296522 -> extension_emoji_search_extension_view : WaitTime = 267 ms : RunTime = 1 ms
I/chatty  ( 2961): uid=10101(com.google.android.gms) expire 15 lines
W/Looper  ( 2091): Slow dispatch took 150ms main h=android.app.ActivityThread$H c=android.app.-$$Lambda$LoadedApk$ReceiverDispatcher$Args$_BumDX2UKsnxLVrE6UJsJZkotuA@cac0fa6 m=0
W/Looper  ( 2091): Slow delivery took 240ms main h=com.android.server.AlarmManagerService$AlarmHandler c=null m=8
I/OpaEligibilityChecker( 3174): send OpaEligibilityChange broadcast to CommonBroadcastReceiver
W/earchbox:searc( 3174): Long monitor contention with owner NonUserFacing2 (3497) at void java.lang.Thread.nativeCreate(java.lang.Thread, long, boolean)(Thread.java:-2) waiters=0 in com.google.android.libraries.velour.f com.google.android.apps.gsa.staticplugins.a.a(java.lang.String) for 1.125s
I/Dialer  ( 2898): VvmOmtpService - onBoot
W/SearchServiceCore( 3174): Abort, client detached.
W/SearchServiceCore( 3174): Abort, client detached.
W/Binder  ( 2091): Outgoing transactions from this process must be FLAG_ONEWAY
W/Binder  ( 2091): java.lang.Throwable
W/Binder  ( 2091): 	at android.os.BinderProxy.transact(BinderProxy.java:480)
W/Binder  ( 2091): 	at android.content.ContentProviderProxy.getType(ContentProviderNative.java:456)
W/Binder  ( 2091): 	at com.android.server.am.ActivityManagerService.getProviderMimeType(ActivityManagerService.java:7667)
W/Binder  ( 2091): 	at android.app.IActivityManager$Stub.onTransact(IActivityManager.java:3205)
W/Binder  ( 2091): 	at com.android.server.am.ActivityManagerService.onTransact(ActivityManagerService.java:2741)
W/Binder  ( 2091): 	at android.os.Binder.execTransactInternal(Binder.java:1021)
W/Binder  ( 2091): 	at android.os.Binder.execTransact(Binder.java:994)
I/BgTaskExecutorImpl( 3174): Starting PERIODIC background task MDH_FORCED_SYNC.
W/DynamiteModule( 3174): Local module descriptor class for com.google.android.gms.googlecertificates not found.
I/TelecomFramework( 2401): AccountEntry: reRegisterPstnPhoneAccount: subId: 1 - no change
I/BugleRcsEngine( 3308): [169] oil.updateSimInfo: SIM changed: false. current id: [4vfUjdK1ylI-cxPPS6D26oMLYoE]; stored id: [4vfUjdK1ylI-cxPPS6D26oMLYoE]; isFiDevice: false
I/BgTaskExecutorImpl( 3174): Starting PERIODIC background task LOG_ATTEMPTED_SEARCHES_TO_KANSAS.
I/BgTaskExecutorImpl( 3174): Starting PERIODIC background task REFRESH_AUTH_TOKENS.
W/Bugle   ( 3308): BuglePhoneNumberUtils: canonicalizeMccMnc: invalid mccmnc. mcc: null, mnc: null
W/Looper  ( 2091): Drained
D/Zygote  ( 1777): Forked child process 3818
W/SearchServiceCore( 3174): Abort, client detached.
W/SearchServiceCore( 3174): Abort, client detached.
W/ActivityManager( 2091): Slow operation: 54ms so far, now at startProcess: returned from zygote!
W/ActivityManager( 2091): Slow operation: 55ms so far, now at startProcess: done updating battery stats
W/ActivityManager( 2091): Slow operation: 55ms so far, now at startProcess: building log message
I/ActivityManager( 2091): Start proc 3818:com.android.dynsystem/1000 for broadcast {com.android.dynsystem/com.android.dynsystem.BootCompletedReceiver}
W/ActivityManager( 2091): Slow operation: 55ms so far, now at startProcess: starting to update pids map
W/ActivityManager( 2091): Slow operation: 55ms so far, now at startProcess: done updating pids map
W/earchbox:searc( 3174): Unsupported class loader
W/droid.dynsyste( 3818): Unexpected CPU variant for X86 using defaults: x86
W/ShortcutService( 2091): Clock rewound
I/BgTaskExecutorImpl( 3174): Starting PERIODIC background task GELLER_PEOPLE_API_REFRESH_TASK.
I/SystemConfig( 2961): Adding association: com.google.android.as <- com.android.providers.contacts
I/chatty  ( 2961): uid=10101(com.google.android.gms) expire 4 lines
W/SearchServiceCore( 3174): Abort, client detached.
W/SearchServiceCore( 3174): Abort, client detached.
I/SystemConfig( 2961): Adding association: com.google.android.as <- com.android.providers.media
I/SystemConfig( 2961): Adding association: com.google.android.as <- com.android.providers.telephony
I/SystemConfig( 2961): Adding association: com.google.android.as <- com.android.systemui
I/SystemConfig( 2961): Adding association: com.google.android.as <- com.google.android.gms
I/SystemConfig( 2961): Adding association: com.google.android.as <- com.google.android.gsf
I/BgTaskExecutorImpl( 3174): Starting PERIODIC background task REFRESH_SEARCH_HISTORY.
W/SearchServiceCore( 3174): Abort, client detached.
W/SearchServiceCore( 3174): Abort, client detached.
W/earchbox:searc( 3174): Long monitor contention with owner NonUserFacing5 (3593) at void com.google.android.apps.gsa.search.core.y.a.n.<init>(b.a)(:-1) waiters=0 in com.google.android.apps.gsa.shared.y.as com.google.android.apps.gsa.binaries.velvet.app.rq.kW() for 352ms
I/.apps.messagin( 3308): Waiting for a blocking GC ProfileSaver
I/Bugle   ( 3308): Carrier configs loaded: Bundle[{carrier_volte_provisioned_bool=false, disable_charge_indication_bool=false, support_tdscdma_bool=false, httpSocketTimeout=60000, call_redirection_service_component_name_string=null, carrier_wfc_supports_wifi_only_bool=true, carrier_default_actions_on_default_network_available_string_array=[false: 7, true: 8], operator_selection_expand_bool=true, disable_cdma_activation_code_bool=false, simplified_network_settings_bool=false, support_tdscdma_roaming_networks_string_array=null, gps.lpp_profile=0, call_barring_visibility_bool=false, gps.es_extension_sec=0, enable_apps_string_array=null, carrier_default_wfc_ims_roaming_enabled_bool=true, cdma_nonroaming_networks_string_array=null, aliasMinChars=2, wfc_data_spn_format_idx_int=0, hide_sim_lock_settings_bool=false, drop_video_call_when_answering_audio_call_bool=false, ci_action_on_sys_update_bool=false, convert_cdma_caller_id_mmi_codes_while_roaming_on_3gpp_bool=false, support_enhanced_call_blocking_bool=true, vvm_port_number_int=1808, carrier_default_wfc_ims_enabled_bool=false, dial_string_replace_string_array=null, opportunistic_network_entry_threshold_bandwidth_int=1024, gsm_nonroaming_networks_string_array=null, hide_ims_apn_bool=false, vvm_destination_number_string=122, dtmf_type_enabled_bool=false, allow_video_calling_fallback_bool=true, config_ims_package_override_string=com.google.android.ims, only_auto_select_in_home_network=false, smsToMmsTextThreshold=-1, disable_severe_when_extreme_disabled_bool=true, force_home_network_bool=false, spdi_override_string_array=null, show_wfc_location_privacy_policy_bool=false, gps.supl_es=1, enableSMSDeliveryReports=true, auto_retry_enabled_bool=false, opportunistic_network_entry_threshold_rssnr_int=45, play_call_recording_tone_bool=false, carrier_force_disable_etws_cmas_test_bool=false, call_waiting_service_class_int=1, allow_emergency_video_calls_bool=false, csp_enabled_bool=false, default_sim_call_manager_string=, wifi.passpoint_profiles_string_array=null, carrier_app_required_during_setup_bool=false, call_forwarding_blocks_while_roaming_string_array=null, emergency_notification_delay_int=-1, support_video_conference_call_bool=false, ims_dtmf_tone_delay_int=0, show_signal_strength_in_sim_status_bool=true, data_rapid_notification_bool=true, carrier_instant_lettering_escaped_chars_string=, carrier_default_wfc_ims_roaming_mode_int=2, editable_wfc_mode_bool=true, support_direct_fdn_dialing_bool=false, carrier_ut_provisioning_required_bool=false, carrier_wifi_string_array=null, treat_downgraded_video_calls_as_video_calls_bool=false, wifi_calls_can_be_hd_audio=true, support_downgrade_vt_to_audio_bool=true, cdma_enhanced_roaming_indicator_for_home_network_int_array=[1], notify_handover_video_from_lte_to_wifi_bool=false, use_otasp_for_provisioning_bool=false, always_play_remote_hold_tone_bool=false, opportunistic_network_data_switch_hysteresis_time_long=10000, maxMessageTextSize=-1, duration_blocking_disabled_after_emergency_int=7200, carrier_metered_roaming_apn_types_strings=[default, mms, dun, supl], additional_settings_call_waiting_visibility_bool=true, show_video_call_charges_alert_dialog_bool=false, carrier_network_service_wlan_package_override_string=, show_apn_setting_cdma_bool=false, use_usim_bool=false, carrier_instant_lettering_length_limit_int=64, operator_name_filter_pattern_string=, carrier_instant_lettering_invalid_chars_string=, carrier_setup_app_string=, editable_wfc_roaming_mode_bool=false, supportMmsContentDisposition=true, support_manage_ims_conference_call_bool=true, opportunistic_network_exit_threshold_rssnr_int=10, allow_non_emergency_calls_in_ecm_bool=true, allow_cdma_eri_bool=false, carrier_data_service_wlan_package_override_string=, show_carrier_data_icon_pattern_string=, use_rcs_presence_bool=false, config_telephony_use_own_number_for_voicemail_bool=false, cdma_dtmf_tone_delay_int=100, editable_voicemail_number_bool=false, carrier_data_call_apn_retry_after_disconnect_long=10000, filtered_cnap_names_string_array=null, enabledTransID=false, aliasEna
I/BgTaskExecutorImpl( 3174): Starting PERIODIC background task CHROME_EXPERIMENT_SYNC.
W/SearchServiceCore( 3174): Abort, client detached.
W/SearchServiceCore( 3174): Abort, client detached.
I/.apps.messagin( 3308): WaitForGcToComplete blocked ProfileSaver on ClassLinker for 109.759ms
I/droid.dynsyste( 3818): The ClassLoaderContext is a special shared library.
I/chatty  ( 2773): uid=10101 com.google.android.gms.persistent expire 1 line
W/LocationOracle( 3174): getBestLocation(): no location is available
I/BgTaskExecutorImpl( 3174): Starting PERIODIC background task OPA_CONTACT_ANNOTATIONS_PERIODIC_SYNC.
D/DynamicSystemService( 2091): GsiService is not ready, wait for 64ms
W/SearchServiceCore( 3174): Abort, client detached.
D/DynamicSystemService( 2091): GsiService is not ready, wait for 128ms
W/SearchServiceCore( 3174): Abort, client detached.
W/RcsProvisioning( 3540): Failed to read configuration: /data/user/0/com.google.android.ims/files/hvconfig: open failed: ENOENT (No such file or directory)
W/RcsProvisioning( 3540): java.io.FileNotFoundException: /data/user/0/com.google.android.ims/files/hvconfig: open failed: ENOENT (No such file or directory)
W/RcsProvisioning( 3540): 	at libcore.io.IoBridge.open(IoBridge.java:496)
W/RcsProvisioning( 3540): 	at java.io.FileInputStream.<init>(FileInputStream.java:159)
W/RcsProvisioning( 3540): 	at android.app.ContextImpl.openFileInput(ContextImpl.java:600)
W/RcsProvisioning( 3540): 	at android.content.ContextWrapper.openFileInput(ContextWrapper.java:206)
W/RcsProvisioning( 3540): 	at cyr.a(SourceFile:2)
W/RcsProvisioning( 3540): 	at chf.a(SourceFile:7)
W/RcsProvisioning( 3540): 	at chg.a(SourceFile:8)
W/RcsProvisioning( 3540): 	at cgi.<init>(SourceFile:9)
W/RcsProvisioning( 3540): 	at cgt.<init>(SourceFile:9)
W/RcsProvisioning( 3540): 	at com.google.android.ims.CarrierServicesReleaseApp.a(SourceFile:137)
W/RcsProvisioning( 3540): 	at com.google.android.ims.CarrierServicesReleaseApp.onCreate(SourceFile:9)
W/RcsProvisioning( 3540): 	at android.app.Instrumentation.callApplicationOnCreate(Instrumentation.java:1182)
W/RcsProvisioning( 3540): 	at android.app.ActivityThread.handleBindApplication(ActivityThread.java:6460)
W/RcsProvisioning( 3540): 	at android.app.ActivityThread.access$1300(ActivityThread.java:219)
W/RcsProvisioning( 3540): 	at android.app.ActivityThread$H.handleMessage(ActivityThread.java:1859)
W/RcsProvisioning( 3540): 	at android.os.Handler.dispatchMessage(Handler.java:107)
W/RcsProvisioning( 3540): 	at android.os.Looper.loop(Looper.java:214)
W/RcsProvisioning( 3540): 	at android.app.ActivityThread.main(ActivityThread.java:7356)
W/RcsProvisioning( 3540): 	at java.lang.reflect.Method.invoke(Native Method)
W/RcsProvisioning( 3540): 	at com.android.internal.os.RuntimeInit$MethodAndArgsCaller.run(RuntimeInit.java:492)
W/RcsProvisioning( 3540): 	at com.android.internal.os.ZygoteInit.main(ZygoteInit.java:930)
W/RcsProvisioning( 3540): Caused by: android.system.ErrnoException: open failed: ENOENT (No such file or directory)
W/RcsProvisioning( 3540): 	at libcore.io.Linux.open(Native Method)
W/RcsProvisioning( 3540): 	at libcore.io.ForwardingOs.open(ForwardingOs.java:167)
W/RcsProvisioning( 3540): 	at libcore.io.BlockGuardOs.open(BlockGuardOs.java:252)
W/RcsProvisioning( 3540): 	at libcore.io.ForwardingOs.open(ForwardingOs.java:167)
W/RcsProvisioning( 3540): 	at android.app.ActivityThread$AndroidOs.open(ActivityThread.java:7255)
W/RcsProvisioning( 3540): 	at libcore.io.IoBridge.open(IoBridge.java:482)
W/RcsProvisioning( 3540): 	... 20 more
I/BgTaskExecutorImpl( 3174): Starting PERIODIC background task UPDATE_LANGUAGE_PACKS.
I/system_server( 2091): Background young concurrent copying GC freed 93053(4884KB) AllocSpace objects, 37(1524KB) LOS objects, 37% free, 10096KB/15MB, paused 40.987ms total 261.395ms
I/chatty  ( 2961): uid=10101(com.google.android.gms) expire 8 lines
I/KeyboardGroupDefParser( 2586): parseKeyboardGroupDef() 2131296524 -> extension_emoji_search_keyboards : WaitTime = 822 ms : RunTime = 419 ms
I/DynamiteModule( 3174): Considering local module com.google.android.gms.googlecertificates:0 and remote module com.google.android.gms.googlecertificates:4
I/DynamiteModule( 3174): Selected remote version of com.google.android.gms.googlecertificates, version >= 4
I/ServiceManager( 1679): service 'gsiservice' died
W/DynamicSystemService( 2091): gsiservice died; reconnecting
W/SystemConfig( 2961): No directory /product_services/etc/sysconfig, skipping
W/SystemConfig( 2961): No directory /product_services/etc/permissions, skipping
I/chatty  ( 2773): uid=10101 com.google.android.gms.persistent expire 9 lines
I/chatty  ( 2961): uid=10101(com.google.android.gms) expire 1 line
I/CarrierServices( 3540): [2] CarrierServicesReleaseApp.a: Initializing MMTel
D/Zygote  ( 1777): Forked child process 3883
I/ActivityManager( 2091): Start proc 3883:com.android.managedprovisioning/u0a47 for broadcast {com.android.managedprovisioning/com.android.managedprovisioning.preprovisioning.BootReminder}
W/earchbox:searc( 3174): Verification of void ce.<init>(android.content.Context) took 102.378ms
W/gedprovisionin( 3883): Unexpected CPU variant for X86 using defaults: x86
W/SearchServiceCore( 3174): Abort, client detached.
W/SearchServiceCore( 3174): Abort, client detached.
I/CarrierServices( 3540): [2] cyc.a: CarrierServices.apk is not sim call manager. Not enabling MMTel.
I/CarrierServices( 3540): [2] ProvisioningService.a: Should not enable MMTel. Not scheduling provisioning.
I/gedprovisionin( 3883): The ClassLoaderContext is a special shared library.
I/BgTaskExecutorImpl( 3174): Starting PERIODIC background task RESTORE_SPEAKER_MODEL.
I/FA      ( 3308): App measurement is starting up, version: 14711
I/FA      ( 3308): To enable debug logging run: adb shell setprop log.tag.FA VERBOSE
I/FA      ( 3308): To enable faster debug mode event logging run:
I/FA      ( 3308):   adb shell setprop debug.firebase.analytics.app com.google.android.apps.messaging
D/FA      ( 3308): Debug-level message logging enabled
I/RestoreSpeakerModelTask( 3174): Canceling restore - user account is null
W/SearchServiceCore( 3174): Abort, client detached.
E/PackageManager( 2091): Optimistic bind failed.
E/PackageManager( 2091): java.util.concurrent.TimeoutException: [Optimistic Bind] Didn't bind to resolver in time!
E/PackageManager( 2091): 	at com.android.server.pm.InstantAppResolverConnection.waitForBindLocked(InstantAppResolverConnection.java:161)
E/PackageManager( 2091): 	at com.android.server.pm.InstantAppResolverConnection.bind(InstantAppResolverConnection.java:226)
E/PackageManager( 2091): 	at com.android.server.pm.InstantAppResolverConnection.lambda$optimisticBind$0$InstantAppResolverConnection(InstantAppResolverConnection.java:256)
E/PackageManager( 2091): 	at com.android.server.pm.-$$Lambda$InstantAppResolverConnection$D-JKXi4qrYjnPQMOwj8UtfZenps.run(Unknown Source:2)
E/PackageManager( 2091): 	at android.os.Handler.handleCallback(Handler.java:883)
E/PackageManager( 2091): 	at android.os.Handler.dispatchMessage(Handler.java:100)
E/PackageManager( 2091): 	at android.os.Looper.loop(Looper.java:214)
E/PackageManager( 2091): 	at android.os.HandlerThread.run(HandlerThread.java:67)
W/SearchServiceCore( 3174): Abort, client detached.
D/Zygote  ( 1777): Forked child process 3913
I/ActivityManager( 2091): Start proc 3913:com.android.omadm.service/u0a90 for broadcast {com.android.omadm.service/com.android.omadm.service.DMIntentReceiver}
I/CarrierServices( 3540): [2] bqa.a: Migration binding to RcsMigrationService
I/BugleDataModel( 3308): RcsMigrationService: Returning RCS state provider.
W/d.omadm.servic( 3913): Unexpected CPU variant for X86 using defaults: x86
D/ConnectivityService( 2091): requestNetwork for uid/pid:10104/3174 NetworkRequest [ TRACK_DEFAULT id=17, [ Capabilities: INTERNET&NOT_RESTRICTED&TRUSTED Uid: 10104] ]
D/UntrustedWifiNetworkFactory( 2091): got request NetworkRequest [ TRACK_DEFAULT id=17, [ Capabilities: INTERNET&NOT_RESTRICTED&TRUSTED Uid: 10104] ] with score 60 and serial -1
D/WifiNetworkFactory( 2091): got request NetworkRequest [ TRACK_DEFAULT id=17, [ Capabilities: INTERNET&NOT_RESTRICTED&TRUSTED Uid: 10104] ] with score 60 and serial -1
W/earchbox:searc( 3174): Verification of void com.android.org.conscrypt.OpenSSLMessageDigestJDK.<init>(long, int) took 117.798ms
D/PhoneSwitcherNetworkRequstListener( 2401): got request NetworkRequest [ TRACK_DEFAULT id=17, [ Capabilities: INTERNET&NOT_RESTRICTED&TRUSTED Uid: 10104] ] with score 60 and serial -1
I/BgTaskExecutorImpl( 3174): Starting EXCLUSIVE background task UPDATE_HOTWORD_MODELS.
I/CarrierServices( 3540): [2] bew.a: Clearing indexes: [] from call history.
W/putmethod.lati( 2586): Suspending all threads took: 518.914ms
W/ActivityManager( 2091): Slow operation: 56ms so far, now at attachApplicationLocked: after sendPendingBroadcastsLocked
I/CarrierServices( 3540): [160] CarrierServicesReleaseApp.a: Initialized already, return.
D/ApplicationLoaders( 3913): Returning zygote-cached class loader: /system/framework/android.hidl.base-V1.0-java.jar
D/ApplicationLoaders( 3913): Returning zygote-cached class loader: /system/framework/android.hidl.manager-V1.0-java.jar
D/ApplicationLoaders( 3913): Returning zygote-cached class loader: /system/framework/android.hidl.base-V1.0-java.jar
I/CarrierServices( 3540): [2] VoiceService.onCreate: onCreate: starting service
I/.apps.messagin( 3308): IncrementDisableThreadFlip blocked for 31.226ms
I/d.omadm.servic( 3913): The ClassLoaderContext is a special shared library.
W/earchbox:searc( 3174): Verification of void com.android.org.conscrypt.EvpMdRef$MD5.<clinit>() took 155.116ms
I/CarrierServices( 3540): [175] cti.handleMessage: VoiceService triggered, starting call engine due to: app_start
D/NetworkSecurityConfig( 2586): No Network Security Config specified, using platform default
D/DMIntentReceiver( 3913): action intent: android.intent.action.BOOT_COMPLETED, subId: 1
D/DMIntentReceiver( 3913): Ignoring Intent.ACTION_BOOT_COMPLETED
I/BugleRcsEngine( 3308): [137] omj.shouldUseCarrierServicesApkForV1Apis: Checking if using CarrierServices.apk is possible. Enabled: true, isAtLeastM: true, runningInsideBugle: true
I/CarrierServices( 3540): [175] azy.<init>: (MMTel): : IMS module has been created
I/CarrierServices( 3540): [175] ben.e: Using ScoreNetworkSelector as network selector
I/ModelDownloadController( 3174): requestHotwordModelUpdate modelType-OK_HEY_GOOGLE modelLocale-en-US
I/ModelDownloadController( 3174): We already downloaded model from given location.
I/ModelDownloadController( 3174): Model download failed
I/CarrierServices( 3540): [162] cpr.c: Processing an intent
W/SearchServiceCore( 3174): Abort, client detached.
W/SearchServiceCore( 3174): Abort, client detached.
I/m.android.phon( 2401): The ClassLoaderContext is a special shared library.
W/RcsProvisioning( 3308): Failed to read configuration: /data/user/0/com.google.android.apps.messaging/files/rcsconfig: open failed: ENOENT (No such file or directory)
W/RcsProvisioning( 3308): java.io.FileNotFoundException: /data/user/0/com.google.android.apps.messaging/files/rcsconfig: open failed: ENOENT (No such file or directory)
W/RcsProvisioning( 3308): 	at libcore.io.IoBridge.open(IoBridge.java:496)
W/RcsProvisioning( 3308): 	at java.io.FileInputStream.<init>(FileInputStream.java:159)
W/RcsProvisioning( 3308): 	at android.app.ContextImpl.openFileInput(ContextImpl.java:600)
W/RcsProvisioning( 3308): 	at android.content.ContextWrapper.openFileInput(ContextWrapper.java:206)
W/RcsProvisioning( 3308): 	at opj.a(SourceFile:1)
W/RcsProvisioning( 3308): 	at oal.a(SourceFile:4)
W/RcsProvisioning( 3308): 	at com.google.android.ims.provisioning.RcsConfigurationManager.a(SourceFile:6)
W/RcsProvisioning( 3308): 	at odm.buildToken(SourceFile:10)
W/RcsProvisioning( 3308): 	at com.google.android.apps.messaging.rcsmigration.RcsStateProvider.buildRcsState(SourceFile:57)
W/RcsProvisioning( 3308): 	at com.google.android.apps.messaging.rcsmigration.RcsStateProvider.getRcsState(SourceFile:6)
W/RcsProvisioning( 3308): 	at com.google.android.ims.rcsmigration.IRcsStateProvider$Stub.dispatchTransaction(SourceFile:6)
W/RcsProvisioning( 3308): 	at com.google.android.aidl.BaseStub.onTransact(SourceFile:11)
W/RcsProvisioning( 3308): 	at android.os.Binder.execTransactInternal(Binder.java:1021)
W/RcsProvisioning( 3308): 	at android.os.Binder.execTransact(Binder.java:994)
W/RcsProvisioning( 3308): Caused by: android.system.ErrnoException: open failed: ENOENT (No such file or directory)
W/RcsProvisioning( 3308): 	at libcore.io.Linux.open(Native Method)
W/RcsProvisioning( 3308): 	at libcore.io.ForwardingOs.open(ForwardingOs.java:167)
W/RcsProvisioning( 3308): 	at libcore.io.BlockGuardOs.open(BlockGuardOs.java:252)
W/RcsProvisioning( 3308): 	at libcore.io.ForwardingOs.open(ForwardingOs.java:167)
W/RcsProvisioning( 3308): 	at android.app.ActivityThread$AndroidOs.open(ActivityThread.java:7255)
W/RcsProvisioning( 3308): 	at libcore.io.IoBridge.open(IoBridge.java:482)
W/RcsProvisioning( 3308): 	... 13 more
I/CarrierServices( 3540): [175] ben.p: Listen to connectivity data change
W/TaskServiceHelper( 3174): Not enough time has passed between starts of two CLEAR_DATA_DETECTOR periodic tasks.
I/CarrierServices( 3540): [175] cyc.a: CarrierServices.apk is not sim call manager. Not enabling MMTel.
I/CarrierServices( 3540): [175] ben.f: Should not enable MMTel, not starting CallEngine.
I/CarrierServices( 3540): [175] cti.handleMessage: Uninitialized stopSelf.
I/CarrierServices( 3540): [162] cpr.c: SIM state LOADED
W/LocationOracle( 3174): getBestLocation(): no location is available
I/TransportClient( 2091): D2dTransportService#1: Notifying [TransportManager.registerTransport()] transport = IBackupTransport
I/VvmSimStateTracker( 2401): android.intent.action.BOOT_COMPLETED
D/Zygote  ( 1777): Forked child process 3976
I/ActivityManager( 2091): Start proc 3976:com.android.providers.calendar/u0a50 for broadcast {com.android.providers.calendar/com.android.providers.calendar.CalendarReceiver}
W/TaskServiceHelper( 3174): Not enough time has passed between starts of two AWARE_TIP_WORKER_PROCESS_TIPS periodic tasks.
W/Binder  ( 2091): Outgoing transactions from this process must be FLAG_ONEWAY
W/Binder  ( 2091): java.lang.Throwable
W/Binder  ( 2091): 	at android.os.BinderProxy.transact(BinderProxy.java:480)
W/Binder  ( 2091): 	at com.android.internal.backup.IBackupTransport$Stub$Proxy.name(IBackupTransport.java:869)
W/Binder  ( 2091): 	at com.android.server.backup.TransportManager.registerTransport(TransportManager.java:653)
W/Binder  ( 2091): 	at com.android.server.backup.TransportManager.registerTransportsForIntent(TransportManager.java:588)
W/Binder  ( 2091): 	at com.android.server.backup.TransportManager.registerTransports(TransportManager.java:558)
W/Binder  ( 2091): 	at com.android.server.backup.-$$Lambda$pM_c5tVAGDtxjxLF_ONtACWWq6Q.run(Unknown Source:2)
W/Binder  ( 2091): 	at android.os.Handler.handleCallback(Handler.java:883)
W/Binder  ( 2091): 	at android.os.Handler.dispatchMessage(Handler.java:100)
W/Binder  ( 2091): 	at android.os.Looper.loop(Looper.java:214)
W/Binder  ( 2091): 	at android.os.HandlerThread.run(HandlerThread.java:67)
W/viders.calenda( 3976): Unexpected CPU variant for X86 using defaults: x86
W/CDHeaderDataHandler( 3174): Invalid integer value "" in experiments IDs.
D/ActivityThread( 2961): Loading provider com.google.android.gms.icing.proxy: com.google.android.gms.icing.proxy.InternalIcingCorporaProvider
W/TaskServiceHelper( 3174): Not enough time has passed between starts of two REFRESH_NOW_CONFIGURATION periodic tasks.
D/BackupTransportManager( 2091): Transport com.google.android.gms/.backup.component.D2dTransportService registered
W/TaskServiceHelper( 3174): Not enough time has passed between starts of two BACKGROUNDRETRY_CACHE_SWEEP periodic tasks.
D/BackupManagerService( 2091): Transport com.google.android.gms/.backup.migrate.service.D2dTransport registered 6415ms after first request (delay = 3000ms)
W/putmethod.lati( 2586): Long wait of 1.428ms for Thread[13,tid=3336,WaitingForLockInflation,Thread*=0xf0334e00,peer=0x13081020,"sp-control-1"] suspension!
I/org.webrtc.Logging( 3540): NativeLibrary: Loading native library: jingle_peerconnection_so
I/org.webrtc.Logging( 3540): NativeLibrary: Loading library: jingle_peerconnection_so
W/RcsProvisioning( 3308): Failed to read configuration: /data/user/0/com.google.android.apps.messaging/files/rcsconfig: open failed: ENOENT (No such file or directory)
W/RcsProvisioning( 3308): java.io.FileNotFoundException: /data/user/0/com.google.android.apps.messaging/files/rcsconfig: open failed: ENOENT (No such file or directory)
W/RcsProvisioning( 3308): 	at libcore.io.IoBridge.open(IoBridge.java:496)
W/RcsProvisioning( 3308): 	at java.io.FileInputStream.<init>(FileInputStream.java:159)
W/RcsProvisioning( 3308): 	at android.app.ContextImpl.openFileInput(ContextImpl.java:600)
W/RcsProvisioning( 3308): 	at android.content.ContextWrapper.openFileInput(ContextWrapper.java:206)
W/RcsProvisioning( 3308): 	at opj.a(SourceFile:1)
W/RcsProvisioning( 3308): 	at oal.a(SourceFile:4)
W/RcsProvisioning( 3308): 	at com.google.android.ims.provisioning.RcsConfigurationManager.a(SourceFile:6)
W/RcsProvisioning( 3308): 	at odm.buildConferencesFileName(SourceFile:57)
W/RcsProvisioning( 3308): 	at odm.getConferences(SourceFile:49)
W/RcsProvisioning( 3308): 	at odm.buildFiles(SourceFile:6)
W/RcsProvisioning( 3308): 	at com.google.android.apps.messaging.rcsmigration.RcsStateProvider.buildRcsState(SourceFile:63)
W/RcsProvisioning( 3308): 	at com.google.android.apps.messaging.rcsmigration.RcsStateProvider.getRcsState(SourceFile:6)
W/RcsProvisioning( 3308): 	at com.google.android.ims.rcsmigration.IRcsStateProvider$Stub.dispatchTransaction(SourceFile:6)
W/RcsProvisioning( 3308): 	at com.google.android.aidl.BaseStub.onTransact(SourceFile:11)
W/RcsProvisioning( 3308): 	at android.os.Binder.execTransactInternal(Binder.java:1021)
W/RcsProvisioning( 3308): 	at android.os.Binder.execTransact(Binder.java:994)
W/RcsProvisioning( 3308): Caused by: android.system.ErrnoException: open failed: ENOENT (No such file or directory)
W/RcsProvisioning( 3308): 	at libcore.io.Linux.open(Native Method)
W/RcsProvisioning( 3308): 	at libcore.io.ForwardingOs.open(ForwardingOs.java:167)
W/RcsProvisioning( 3308): 	at libcore.io.BlockGuardOs.open(BlockGuardOs.java:252)
W/RcsProvisioning( 3308): 	at libcore.io.ForwardingOs.open(ForwardingOs.java:167)
W/RcsProvisioning( 3308): 	at android.app.ActivityThread$AndroidOs.open(ActivityThread.java:7255)
W/RcsProvisioning( 3308): 	at libcore.io.IoBridge.open(IoBridge.java:482)
W/RcsProvisioning( 3308): 	... 15 more
I/Greco3DataManager( 3174): available language pack of en-US is version 308
W/earchbox:searc( 3174): Verification of int af.a(android.content.Context, do, int, do, boolean) took 490.388ms
I/chatty  ( 2961): uid=10101(com.google.android.gms) expire 2 lines
W/ActivityManager( 2091): Background start not allowed: service Intent { cmp=com.google.android.apps.messaging/.shared.datamodel.action.execution.ActionExecutorImpl$EmptyService } to com.google.android.apps.messaging/.shared.datamodel.action.execution.ActionExecutorImpl$EmptyService from pid=3308 uid=10120 pkg=com.google.android.apps.messaging startFg?=false
W/BugleDataModel( 3308): ActionExecutorImpl: Action started execution, but we can't guarantee it will complete, the app may be killed. Action: class com.google.android.apps.messaging.shared.datamodel.action.FixupMessageStatusOnStartupAction-FixupMessageStatusOnStartupAction:37233001
W/BugleDataModel( 3308): java.lang.IllegalStateException: Not allowed to start service Intent { cmp=com.google.android.apps.messaging/.shared.datamodel.action.execution.ActionExecutorImpl$EmptyService }: app is in background uid UidRecord{b713a39 u0a120 RCVR idle procs:1 seq(0,0,0)}
W/BugleDataModel( 3308): 	at android.app.ContextImpl.startServiceCommon(ContextImpl.java:1616)
W/BugleDataModel( 3308): 	at android.app.ContextImpl.startService(ContextImpl.java:1571)
W/BugleDataModel( 3308): 	at android.content.ContextWrapper.startService(ContextWrapper.java:669)
W/BugleDataModel( 3308): 	at com.google.android.apps.messaging.shared.datamodel.action.execution.ActionExecutorImpl.e(SourceFile:107)
W/BugleDataModel( 3308): 	at com.google.android.apps.messaging.shared.datamodel.action.execution.ActionExecutorImpl.a(SourceFile:19)
W/BugleDataModel( 3308): 	at com.google.android.apps.messaging.shared.datamodel.action.execution.ActionExecutorImpl.a(SourceFile:16)
W/BugleDataModel( 3308): 	at dya.c(SourceFile:12)
W/BugleDataModel( 3308): 	at dyb.run(Unknown Source:2)
W/BugleDataModel( 3308): 	at android.os.Handler.handleCallback(Handler.java:883)
W/BugleDataModel( 3308): 	at android.os.Handler.dispatchMessage(Handler.java:100)
W/BugleDataModel( 3308): 	at android.os.Looper.loop(Looper.java:214)
W/BugleDataModel( 3308): 	at android.app.ActivityThread.main(ActivityThread.java:7356)
W/BugleDataModel( 3308): 	at java.lang.reflect.Method.invoke(Native Method)
W/BugleDataModel( 3308): 	at com.android.internal.os.RuntimeInit$MethodAndArgsCaller.run(RuntimeInit.java:492)
W/BugleDataModel( 3308): 	at com.android.internal.os.ZygoteInit.main(ZygoteInit.java:930)
I/chatty  ( 2773): uid=10101 com.google.android.gms.persistent expire 1 line
W/ActivityManager( 2091): Background start not allowed: service Intent { cmp=com.google.android.apps.messaging/.shared.datamodel.action.execution.ActionExecutorImpl$EmptyService } to com.google.android.apps.messaging/.shared.datamodel.action.execution.ActionExecutorImpl$EmptyService from pid=3308 uid=10120 pkg=com.google.android.apps.messaging startFg?=false
W/BugleDataModel( 3308): ActionExecutorImpl: Action started execution, but we can't guarantee it will complete, the app may be killed. Action: class com.google.android.apps.messaging.shared.datamodel.action.ProcessPendingMessagesAction-ProcessPendingMessagesAction:37233002
W/BugleDataModel( 3308): java.lang.IllegalStateException: Not allowed to start service Intent { cmp=com.google.android.apps.messaging/.shared.datamodel.action.execution.ActionExecutorImpl$EmptyService }: app is in background uid UidRecord{b713a39 u0a120 RCVR idle procs:1 seq(0,0,0)}
W/BugleDataModel( 3308): 	at android.app.ContextImpl.startServiceCommon(ContextImpl.java:1616)
W/BugleDataModel( 3308): 	at android.app.ContextImpl.startService(ContextImpl.java:1571)
W/BugleDataModel( 3308): 	at android.content.ContextWrapper.startService(ContextWrapper.java:669)
W/BugleDataModel( 3308): 	at com.google.android.apps.messaging.shared.datamodel.action.execution.ActionExecutorImpl.e(SourceFile:107)
W/BugleDataModel( 3308): 	at com.google.android.apps.messaging.shared.datamodel.action.execution.ActionExecutorImpl.a(SourceFile:19)
W/BugleDataModel( 3308): 	at com.google.android.apps.messaging.shared.datamodel.action.execution.ActionExecutorImpl.a(SourceFile:16)
W/BugleDataModel( 3308): 	at dya.c(SourceFile:12)
W/BugleDataModel( 3308): 	at dyb.run(Unknown Source:2)
W/BugleDataModel( 3308): 	at android.os.Handler.handleCallback(Handler.java:883)
W/BugleDataModel( 3308): 	at android.os.Handler.dispatchMessage(Handler.java:100)
W/BugleDataModel( 3308): 	at android.os.Looper.loop(Looper.java:214)
W/BugleDataModel( 3308): 	at android.app.ActivityThread.main(ActivityThread.java:7356)
W/BugleDataModel( 3308): 	at java.lang.reflect.Method.invoke(Native Method)
W/BugleDataModel( 3308): 	at com.android.internal.os.RuntimeInit$MethodAndArgsCaller.run(RuntimeInit.java:492)
W/BugleDataModel( 3308): 	at com.android.internal.os.ZygoteInit.main(ZygoteInit.java:930)
W/native  ( 3540): commandlineflags.cc:972 Ignoring RegisterValidateFunction() for flag pointer 0xc4cda5a4: no flag found at that address
I/BugleDataModel( 3308): FixupMessageStatusOnStartupAction: sendFailedCnt: 0, downloadFailedCnt: 0, partsProcessingFailedCnt: 0
E/BugleRcsEngine( 3308): [137] odm.getFile: File not found.: /data/user/0/com.google.android.apps.messaging/files/httpft_pending: open failed: ENOENT (No such file or directory)
E/BugleRcsEngine( 3308): 	libcore.io.IoBridge.open(IoBridge.java:496)
E/BugleRcsEngine( 3308): 	java.io.FileInputStream.<init>(FileInputStream.java:159)
E/BugleRcsEngine( 3308): 	android.app.ContextImpl.openFileInput(ContextImpl.java:600)
E/BugleRcsEngine( 3308): 	android.content.ContextWrapper.openFileInput(ContextWrapper.java:206)
E/BugleRcsEngine( 3308): 	odm.getFile(SourceFile:51)
E/BugleRcsEngine( 3308): 	odm.buildFiles(SourceFile:7)
E/BugleRcsEngine( 3308): 	com.google.android.apps.messaging.rcsmigration.RcsStateProvider.buildRcsState(SourceFile:63)
E/BugleRcsEngine( 3308): 	com.google.android.apps.messaging.rcsmigration.RcsStateProvider.getRcsState(SourceFile:6)
E/BugleRcsEngine( 3308): 	com.google.android.ims.rcsmigration.IRcsStateProvider$Stub.dispatchTransaction(SourceFile:6)
E/BugleRcsEngine( 3308): 	com.google.android.aidl.BaseStub.onTransact(SourceFile:11)
E/BugleRcsEngine( 3308): 	android.os.Binder.execTransactInternal(Binder.java:1021)
E/BugleRcsEngine( 3308): 	android.os.Binder.execTransact(Binder.java:994)
I/cr_CronetLibraryLoader( 3174): Cronet version: 76.0.3786.0, arch: i686
I/viders.calenda( 3976): The ClassLoaderContext is a special shared library.
I/org.webrtc.Logging( 3540): PeerConnectionFactory: PeerConnectionFactory was initialized without an injected Loggable. Any existing Loggable will be deleted.
I/CarrierServices( 3540): [176] dcs.a: openSL ES disabled? true
I/CarrierServices( 3540): [176] dcs.a: encryption disabled? false
I/CarrierServices( 3540): [176] dcs.a: network ignore mask: 56
W/TaskServiceHelper( 3174): Not enough time has passed between starts of two REFRESH_AUTH_TOKENS periodic tasks.
W/SearchServiceCore( 3174): Abort, client detached.
W/SearchServiceCore( 3174): Abort, client detached.
W/TaskServiceHelper( 3174): Not enough time has passed between starts of two UPDATE_LAUNCHER_SHORTCUT periodic tasks.
I/CalendarProvider2( 3976): Created com.android.providers.calendar.CalendarAlarmManager@60e1c3a(com.android.providers.calendar.CalendarProvider2@f77e0eb)
I/default_audio_processing_jni.cc( 3540): [000:000] [3952] (line 46): APM: Capture post-processing: None.
I/default_audio_processing_jni.cc( 3540): [000:009] [3952] (line 55): APM: Render pre-processing: None.
I/default_audio_processing_jni.cc( 3540): [000:009] [3952] (line 72): APM: Echo controller: None.
I/default_audio_processing_jni.cc( 3540): [000:022] [3952] (line 83): APM: Echo detector v2: None.
I/audio_processing_impl.cc( 3540): [000:044] [3952] (line 424): Capture analyzer activated: 0
I/audio_processing_impl.cc( 3540): Capture post processor activated: 0
I/audio_processing_impl.cc( 3540): Render pre processor activated: 0
I/default_audio_processing_jni.cc( 3540): [000:045] [3952] (line 104): APM: Adaptive Gain Controller 2: None.
I/BugleDataModel( 3308): PendingMessagesProcessor: process from FixupMessageStatusOnStartupAction due to connectivity changed with queues:
I/BugleDataModel( 3308): ProcessPendingMessagesTimers: cleared next retry time for channel sms_send 
I/BugleDataModel( 3308): ProcessPendingMessagesTimers: cleared next retry time for channel mms_send 
I/BugleDataModel( 3308): ProcessPendingMessagesTimers: cleared next retry time for channel mms_download 
I/BugleDataModel( 3308): ProcessPendingMessagesTimers: cleared next retry time for channel rcs_send 
I/BugleDataModel( 3308): ProcessPendingMessagesTimers: cleared next retry time for channel rcs_ft_upload 
I/BugleDataModel( 3308): ProcessPendingMessagesTimers: cleared next retry time for channel rcs_ft_download 
I/BugleDataModel( 3308): ProcessPendingMessagesTimers: cleared next retry time for channel cloud_sync_send 
I/BugleDataModel( 3308): ProcessPendingMessagesTimers: cleared next retry time for channel cloud_sync_attachment_download 
I/webrtc_video_engine.cc( 3540): [000:055] [3952] (line 445): WebRtcVideoEngine::WebRtcVideoEngine()
I/webrtc_voice_engine.cc( 3540): [000:055] [3952] (line 197): WebRtcVoiceEngine::WebRtcVoiceEngine
W/TaskServiceHelper( 3174): Not enough time has passed between starts of two GELLER_PEOPLE_API_REFRESH_TASK periodic tasks.
I/webrtc_voice_engine.cc( 3540): [000:100] [4027] (line 220): WebRtcVoiceEngine::Init
I/CarrierServices( 3540): [162] cpr.c: SIM changed: false. current id: [4vfUjdK1ylI-cxPPS6D26oMLYoE]; stored id: [4vfUjdK1ylI-cxPPS6D26oMLYoE]; isFiDevice: false
W/TaskServiceHelper( 3174): Not enough time has passed between starts of two LOG_ATTEMPTED_SEARCHES_TO_KANSAS periodic tasks.
W/SearchServiceCore( 3174): Abort, client detached.
W/SearchServiceCore( 3174): Abort, client detached.
I/chatty  ( 2773): uid=10101 com.google.android.gms.persistent expire 22 lines
I/webrtc_voice_engine.cc( 3540): [000:129] [4027] (line 227): Supported send codecs in order of preference:
I/webrtc_voice_engine.cc( 3540): [000:130] [4027] (line 230): opus/48000/2 { minptime=10 useinbandfec=1 } (111)
I/webrtc_voice_engine.cc( 3540): [000:130] [4027] (line 230): ISAC/16000/1 (103)
I/webrtc_voice_engine.cc( 3540): [000:130] [4027] (line 230): ISAC/32000/1 (104)
I/webrtc_voice_engine.cc( 3540): [000:130] [4027] (line 230): G722/8000/1 (9)
I/webrtc_voice_engine.cc( 3540): [000:130] [4027] (line 230): PCMU/8000/1 (0)
I/webrtc_voice_engine.cc( 3540): [000:130] [4027] (line 230): PCMA/8000/1 (8)
I/webrtc_voice_engine.cc( 3540): [000:130] [4027] (line 230): CN/32000/1 (106)
I/webrtc_voice_engine.cc( 3540): [000:130] [4027] (line 230): CN/16000/1 (105)
I/webrtc_voice_engine.cc( 3540): [000:130] [4027] (line 230): CN/8000/1 (13)
I/webrtc_voice_engine.cc( 3540): [000:130] [4027] (line 230): telephone-event/48000/1 (110)
I/webrtc_voice_engine.cc( 3540): [000:131] [4027] (line 230): telephone-event/32000/1 (112)
I/webrtc_voice_engine.cc( 3540): [000:131] [4027] (line 230): telephone-event/16000/1 (113)
I/webrtc_voice_engine.cc( 3540): [000:131] [4027] (line 230): telephone-event/8000/1 (126)
I/webrtc_voice_engine.cc( 3540): [000:131] [4027] (line 233): Supported recv codecs in order of preference:
I/webrtc_voice_engine.cc( 3540): [000:131] [4027] (line 236): opus/48000/2 { minptime=10 useinbandfec=1 } (111)
I/webrtc_voice_engine.cc( 3540): [000:131] [4027] (line 236): ISAC/16000/1 (103)
I/webrtc_voice_engine.cc( 3540): [000:131] [4027] (line 236): ISAC/32000/1 (104)
I/webrtc_voice_engine.cc( 3540): [000:131] [4027] (line 236): G722/8000/1 (9)
I/webrtc_voice_engine.cc( 3540): [000:131] [4027] (line 236): PCMU/8000/1 (0)
I/webrtc_voice_engine.cc( 3540): [000:131] [4027] (line 236): PCMA/8000/1 (8)
I/webrtc_voice_engine.cc( 3540): [000:132] [4027] (line 236): CN/32000/1 (106)
I/webrtc_voice_engine.cc( 3540): [000:132] [4027] (line 236): CN/16000/1 (105)
I/webrtc_voice_engine.cc( 3540): [000:132] [4027] (line 236): CN/8000/1 (13)
I/webrtc_voice_engine.cc( 3540): [000:132] [4027] (line 236): telephone-event/48000/1 (110)
I/webrtc_voice_engine.cc( 3540): [000:132] [4027] (line 236): telephone-event/32000/1 (112)
I/webrtc_voice_engine.cc( 3540): [000:132] [4027] (line 236): telephone-event/16000/1 (113)
I/webrtc_voice_engine.cc( 3540): [000:132] [4027] (line 236): telephone-event/8000/1 (126)
I/audio_device_impl.cc( 3540): [000:132] [4027] (line 75): Create
I/audio_device_impl.cc( 3540): [000:132] [4027] (line 82): CreateForTest
I/audio_device_buffer.cc( 3540): [000:132] [4027] (line 61): AudioDeviceBuffer::ctor
I/audio_device_impl.cc( 3540): [000:132] [4027] (line 117): AudioDeviceModuleImpl
I/audio_device_impl.cc( 3540): [000:132] [4027] (line 121): CheckPlatform
I/audio_device_impl.cc( 3540): [000:133] [4027] (line 129): current platform is Android
I/audio_device_impl.cc( 3540): [000:133] [4027] (line 151): CreatePlatformSpecificObjects
I/audio_device_impl.cc( 3540): [000:133] [4027] (line 933): PlatformAudioLayer
I/jvm_android.cc( 3540): [000:133] [4027] (line 72): JvmThreadConnector::ctor
I/jvm_android.cc( 3540): [000:133] [4027] (line 77): Attaching thread to JVM
I/jvm_android.cc( 3540): [000:133] [4027] (line 262): JVM::environment
I/jvm_android.cc( 3540): [000:133] [4027] (line 184): JNIEnvironment::ctor
I/audio_manager.cc( 3540): [000:133] [4027] (line 71): ctor
I/jvm_android.cc( 3540): [000:133] [4027] (line 196): JNIEnvironment::RegisterNatives: org/webrtc/voiceengine/WebRtcAudioManager
I/jvm_android.cc( 3540): [000:133] [4027] (line 134): NativeRegistration::ctor
I/jvm_android.cc( 3540): [000:133] [4027] (line 146): NativeRegistration::NewObject
W/earchbox:searc( 3174): Unsupported class loader
I/WebRtcAudioManager( 3540): [000:134] [4027] ctor@[name=Thread-4, id=181]
W/earchbox:searc( 3174): Skipping duplicate class check due to unsupported classloader
I/WebRtcAudioManager( 3540): [000:156] [4027] Sample rate is set to 44100 Hz
I/BugleDataModel( 3308): PendingMessagesProcessor: process from ProcessPendingMessagesAction due to scheduled processing with queues:
I/WebRtcAudioEffects( 3540): [000:193] [4027] canUseAcousticEchoCanceler: false
I/WebRtcAudioEffects( 3540): [000:193] [4027] canUseNoiseSuppressor: false
W/WebRtcAudioManager( 3540): [000:194] [4027] AAudio support is currently disabled on all devices!
I/CarrierServices( 3540): [2] VoiceService.onDestroy: Destroying VoiceService.
I/CarrierServices( 3540): [182] bqb.doInBackground: Saving RCS State
I/CarrierServices( 3540): [182] bqb.doInBackground: Old operation mode: 2
I/CarrierServices( 3540): [182] bqb.doInBackground: New operation mode: 2
I/CarrierServices( 3540): [2] bqb.onPostExecute: Finalizing migration for RCS state: Operation mode FULL STACK
I/audio_manager.cc( 3540): [000:205] [4027] (line 276): OnCacheAudioParameters: hardware_aec: 0, hardware_agc: 0, hardware_ns: 0, low_latency_output: 0, low_latency_input: 0, pro_audio: 0, a_audio: 0, sample_rate: 44100, output_channels: 1, input_channels: 1, output_buffer_size: 2116, input_buffer_size: 1344
I/WebRtcAudioManager( 3540): [000:205] [4027] Android SDK: 29, Release: 10, Brand: google, Device: generic_x86, Id: QSR1.191030.002, Hardware: ranchu, Manufacturer: Google, Model: Android SDK built for x86, Product: sdk_gphone_x86
I/chatty  ( 2961): uid=10101(com.google.android.gms) expire 1 line
W/DeviceHAL( 1783): Error from HAL Device in function get_mic_mute: Function not implemented
W/TaskServiceHelper( 3174): Not enough time has passed between starts of two OPA_CONTACT_ANNOTATIONS_PERIODIC_SYNC periodic tasks.
W/.apps.messagin( 3308): Suspending all threads took: 23.109ms
I/BugleRcsEngine( 3308): [137] RcsStateProvider.onMigrationComplete: Migration complete.
I/WebRtcAudioManager( 3540): [000:238] [4027] Audio State: audio mode: MODE_NORMAL, has mic: true, mic muted: false, music active: false, speakerphone: false, BT SCO: false
I/WebRtcAudioManager( 3540): [000:238] [4027] Audio State: 
I/WebRtcAudioManager( 3540): [000:239] [4027]   fixed volume=false
W/TaskServiceHelper( 3174): Not enough time has passed between starts of two CHROME_EXPERIMENT_SYNC periodic tasks.
I/WebRtcAudioManager( 3540): [000:247] [4027]   STREAM_VOICE_CALL: volume=1, max=5, muted=false
W/TaskServiceHelper( 3174): Not enough time has passed between starts of two RESTORE_SPEAKER_MODEL periodic tasks.
I/WebRtcAudioManager( 3540): [000:257] [4027]   STREAM_MUSIC: volume=5, max=15, muted=false
W/Looper  ( 2091): Slow dispatch took 131ms android.ui h=com.android.server.am.ActivityManagerService$UiHandler c=null m=53
I/WebRtcAudioManager( 3540): [000:263] [4027]   STREAM_RING: volume=5, max=7, muted=false
