I/WebRtcAudioManager( 3540): [000:273] [4027]   STREAM_ALARM: volume=6, max=7, muted=false
I/WebRtcAudioManager( 3540): [000:277] [4027]   STREAM_NOTIFICATION: volume=5, max=7, muted=false
I/WebRtcAudioManager( 3540): [000:277] [4027]   STREAM_SYSTEM: volume=5, max=7, muted=false
W/TaskServiceHelper( 3174): Not enough time has passed between starts of two UPDATE_LANGUAGE_PACKS periodic tasks.
W/TaskServiceHelper( 3174): Not enough time has passed between starts of two FETCH_ADVERTISING_INFO periodic tasks.
I/BugleRcsEngine( 3308): [137] omj.shouldUseCarrierServicesApkForV1Apis: Checking if using CarrierServices.apk is possible. Enabled: true, isAtLeastM: true, runningInsideBugle: true
I/BugleRcsEngine( 3308): [137] RcsStateProvider.onMigrationComplete: Rcs Engine should be running in cs.apk. Stopping JibeService.
I/WebRtcAudioManager( 3540): [000:322] [4027] Audio Devices: 
I/WebRtcAudioManager( 3540): [000:323] [4027]   TYPE_BUILTIN_SPEAKER(out): id=2
I/WebRtcAudioManager( 3540): [000:323] [4027]   TYPE_BUILTIN_MIC(in): channels=[1], encodings=[2], sample rates=[8000, 16000], id=5
I/jvm_android.cc( 3540): [000:323] [4027] (line 97): GlobalRef::ctor
I/audio_manager.cc( 3540): [000:323] [4027] (line 36): JavaAudioManager::ctor
I/WebRtcAudioManager( 3540): [000:323] [4027] Android SDK built for x86 is blacklisted for OpenSL ES usage!
I/WebRtcAudioManager( 3540): [000:323] [4027] Android SDK built for x86 is blacklisted for OpenSL ES usage!
I/jvm_android.cc( 3540): [000:323] [4027] (line 72): JvmThreadConnector::ctor
I/jvm_android.cc( 3540): [000:324] [4027] (line 262): JVM::environment
I/jvm_android.cc( 3540): [000:324] [4027] (line 184): JNIEnvironment::ctor
I/audio_track_jni.cc( 3540): [000:324] [4027] (line 73): ctor
I/jvm_android.cc( 3540): [000:324] [4027] (line 196): JNIEnvironment::RegisterNatives: org/webrtc/voiceengine/WebRtcAudioTrack
I/jvm_android.cc( 3540): [000:324] [4027] (line 134): NativeRegistration::ctor
I/jvm_android.cc( 3540): [000:324] [4027] (line 146): NativeRegistration::NewObject
I/WebRtcAudioTrack( 3540): [000:325] [4027] ctor@[name=Thread-4, id=181]
I/jvm_android.cc( 3540): [000:325] [4027] (line 97): GlobalRef::ctor
I/jvm_android.cc( 3540): [000:325] [4027] (line 72): JvmThreadConnector::ctor
I/jvm_android.cc( 3540): [000:325] [4027] (line 262): JVM::environment
I/jvm_android.cc( 3540): [000:325] [4027] (line 184): JNIEnvironment::ctor
I/audio_record_jni.cc( 3540): [000:325] [4027] (line 96): ctor
I/jvm_android.cc( 3540): [000:325] [4027] (line 196): JNIEnvironment::RegisterNatives: org/webrtc/voiceengine/WebRtcAudioRecord
I/jvm_android.cc( 3540): [000:325] [4027] (line 134): NativeRegistration::ctor
I/jvm_android.cc( 3540): [000:325] [4027] (line 146): NativeRegistration::NewObject
I/WebRtcAudioRecord( 3540): [000:326] [4027] ctor@[name=Thread-4, id=181]
I/WebRtcAudioEffects( 3540): [000:326] [4027] ctor@[name=Thread-4, id=181]
I/jvm_android.cc( 3540): [000:326] [4027] (line 97): GlobalRef::ctor
I/audio_device_template.h( 3540): [000:326] [4027] (line 42): AudioDeviceTemplate
I/audio_manager.cc( 3540): [000:327] [4027] (line 93): SetActiveAudioLayer: 5
I/audio_manager.cc( 3540): [000:327] [4027] (line 106): delay_estimate_in_milliseconds: 150
I/audio_device_impl.cc( 3540): [000:327] [4027] (line 306): AttachAudioBuffer
I/audio_device_template.h( 3540): [000:327] [4027] (line 371): AttachAudioBuffer
I/audio_track_jni.cc( 3540): [000:327] [4027] (line 196): AttachAudioBuffer
I/audio_track_jni.cc( 3540): [000:327] [4027] (line 200): SetPlayoutSampleRate(44100)
I/audio_device_buffer.cc( 3540): [000:327] [4027] (line 184): SetPlayoutSampleRate(44100)
I/audio_track_jni.cc( 3540): [000:331] [4027] (line 203): SetPlayoutChannels(1)
I/audio_device_buffer.cc( 3540): [000:333] [4027] (line 204): SetPlayoutChannels(1)
I/audio_record_jni.cc( 3540): [000:334] [4027] (line 198): AttachAudioBuffer
I/audio_record_jni.cc( 3540): [000:334] [4027] (line 202): SetRecordingSampleRate(44100)
I/audio_device_buffer.cc( 3540): [000:334] [4027] (line 178): SetRecordingSampleRate(44100)
I/audio_record_jni.cc( 3540): [000:334] [4027] (line 205): SetRecordingChannels(1)
I/audio_device_buffer.cc( 3540): [000:334] [4027] (line 198): SetRecordingChannels(1)
I/audio_record_jni.cc( 3540): [000:334] [4027] (line 210): total_delay_in_milliseconds: 150
I/audio_device_impl.cc( 3540): [000:334] [4027] (line 326): Init
I/audio_device_template.h( 3540): [000:334] [4027] (line 57): Init
I/audio_manager.cc( 3540): [000:334] [4027] (line 152): Init
I/WebRtcAudioManager( 3540): [000:334] [4027] init@[name=Thread-4, id=181]
I/WebRtcAudioManager( 3540): [000:338] [4027] audio mode is: MODE_NORMAL
I/BugleRcsEngine( 3308): [137] RcsStateProvider.onMigrationComplete: JibeService stopped: false
I/BugleRcsEngine( 3308): [137] snl.connect: Connecting ChatSessionService
W/QsbUiManager( 2542): Doodle is not valid.
W/QsbUiManager( 2542): Doodle bitmap is not valid.
I/audio_track_jni.cc( 3540): [000:401] [4027] (line 101): Init
I/audio_record_jni.cc( 3540): [000:402] [4027] (line 124): Init
I/audio_device_impl.cc( 3540): [000:402] [4027] (line 670): SetPlayoutDevice(0)
I/audio_device_template.h( 3540): [000:402] [4027] (line 120): SetPlayoutDevice
I/audio_device_impl.cc( 3540): [000:402] [4027] (line 359): InitSpeaker
I/audio_device_template.h( 3540): [000:402] [4027] (line 219): InitSpeaker
I/audio_device_impl.cc( 3540): [000:402] [4027] (line 574): StereoPlayoutIsAvailable
I/audio_device_template.h( 3540): [000:402] [4027] (line 321): StereoPlayoutIsAvailable
I/audio_device_impl.cc( 3540): [000:402] [4027] (line 581): output: 0
I/audio_device_impl.cc( 3540): [000:402] [4027] (line 586): SetStereoPlayout(0)
I/audio_device_template.h( 3540): [000:403] [4027] (line 155): PlayoutIsInitialized
I/audio_device_template.h( 3540): [000:403] [4027] (line 327): SetStereoPlayout
I/audio_device_buffer.cc( 3540): [000:403] [4027] (line 204): SetPlayoutChannels(1)
I/audio_device_impl.cc( 3540): [000:403] [4027] (line 732): SetRecordingDevice(0)
I/audio_device_template.h( 3540): [000:403] [4027] (line 133): SetRecordingDevice
I/audio_device_impl.cc( 3540): [000:403] [4027] (line 365): InitMicrophone
I/audio_device_template.h( 3540): [000:403] [4027] (line 229): InitMicrophone
I/audio_device_impl.cc( 3540): [000:403] [4027] (line 528): StereoRecordingIsAvailable
I/audio_device_template.h( 3540): [000:403] [4027] (line 342): StereoRecordingIsAvailable
I/audio_device_impl.cc( 3540): [000:403] [4027] (line 535): output: 0
I/audio_device_impl.cc( 3540): [000:403] [4027] (line 540): SetStereoRecording(0)
I/audio_device_template.h( 3540): [000:404] [4027] (line 171): RecordingIsInitialized
I/audio_device_template.h( 3540): [000:404] [4027] (line 348): SetStereoRecording
I/audio_device_buffer.cc( 3540): [000:404] [4027] (line 198): SetRecordingChannels(1)
I/BugleRcsEngine( 3308): [137] snl.connect: shouldUseCarrierServicesJibeService: true, CarrierServices rcs service found: true
I/audio_device_impl.cc( 3540): [000:413] [4027] (line 845): RegisterAudioCallback
I/audio_device_buffer.cc( 3540): [000:413] [4027] (line 79): RegisterAudioCallback
I/webrtc_voice_engine.cc( 3540): [000:413] [4027] (line 313): WebRtcVoiceEngine::ApplyOptions: AudioOptions {aec: 1, agc: 1, ns: 1, hf: 1, swap: 0, audio_jitter_buffer_max_packets: 50, audio_jitter_buffer_fast_accelerate: 0, audio_jitter_buffer_min_delay_ms: 0, audio_jitter_buffer_enable_rtx_handling: 0, typing: 1, experimental_agc: 0, extended_filter_aec: 0, delay_agnostic_aec: 0, experimental_ns: 0, residual_echo_detector: 1, }
I/BugleRcsEngine( 3308): [137] snl.connect: Binding to JibeService in CarrierServices.
I/webrtc_voice_engine.cc( 3540): [000:414] [4027] (line 386): Disable AGC according to field trial.
I/audio_device_impl.cc( 3540): [000:414] [4027] (line 861): BuiltInAECIsAvailable
I/audio_device_template.h( 3540): [000:414] [4027] (line 389): BuiltInAECIsAvailable
I/audio_device_impl.cc( 3540): [000:414] [4027] (line 864): output: 0
I/audio_processing_impl.cc( 3540): [000:414] [4027] (line 697): Highpass filter activated: 0
I/audio_processing_impl.cc( 3540): [000:414] [4027] (line 711): Gain Controller 2 activated: 0
I/audio_processing_impl.cc( 3540): [000:414] [4027] (line 713): Pre-amplifier activated: 0
I/apm_helpers.cc( 3540): [000:414] [4027] (line 90): Echo control set to 1 with mode 1
I/audio_device_impl.cc( 3540): [000:415] [4027] (line 877): BuiltInAGCIsAvailable
I/audio_device_template.h( 3540): [000:415] [4027] (line 405): BuiltInAGCIsAvailable
I/audio_device_impl.cc( 3540): [000:415] [4027] (line 880): output: 0
I/apm_helpers.cc( 3540): [000:415] [4027] (line 79): AGC set to 0 with mode 2
I/audio_device_impl.cc( 3540): [000:415] [4027] (line 893): BuiltInNSIsAvailable
I/audio_device_template.h( 3540): [000:415] [4027] (line 421): BuiltInNSIsAvailable
I/audio_device_impl.cc( 3540): [000:415] [4027] (line 896): output: 0
I/audio_processing_impl.cc( 3540): [000:416] [4027] (line 697): Highpass filter activated: 0
I/audio_processing_impl.cc( 3540): [000:416] [4027] (line 711): Gain Controller 2 activated: 0
I/audio_processing_impl.cc( 3540): [000:416] [4027] (line 713): Pre-amplifier activated: 0
I/audio_processing_impl.cc( 3540): [000:416] [4027] (line 697): Highpass filter activated: 0
I/audio_processing_impl.cc( 3540): [000:420] [4027] (line 711): Gain Controller 2 activated: 0
I/audio_processing_impl.cc( 3540): [000:420] [4027] (line 713): Pre-amplifier activated: 0
I/apm_helpers.cc( 3540): [000:420] [4027] (line 104): NS set to 1
I/webrtc_voice_engine.cc( 3540): [000:420] [4027] (line 469): Stereo swapping enabled? 0
I/webrtc_voice_engine.cc( 3540): [000:420] [4027] (line 474): NetEq capacity is 50
I/webrtc_voice_engine.cc( 3540): [000:420] [4027] (line 480): NetEq fast mode? 0
I/webrtc_voice_engine.cc( 3540): [000:421] [4027] (line 486): NetEq minimum delay is 0
I/webrtc_voice_engine.cc( 3540): [000:421] [4027] (line 492): NetEq handle reordered packets? 0
I/webrtc_voice_engine.cc( 3540): [000:421] [4027] (line 503): Delay agnostic aec is enabled? 0
I/webrtc_voice_engine.cc( 3540): [000:421] [4027] (line 513): Extended filter aec is enabled? 0
I/webrtc_voice_engine.cc( 3540): [000:421] [4027] (line 523): Experimental ns is enabled? 0
I/webrtc_voice_engine.cc( 3540): [000:421] [4027] (line 539): Typing detection is enabled? 0
I/audio_processing_impl.cc( 3540): [000:421] [4027] (line 697): Highpass filter activated: 1
I/audio_processing_impl.cc( 3540): [000:421] [4027] (line 711): Gain Controller 2 activated: 0
I/audio_processing_impl.cc( 3540): [000:421] [4027] (line 713): Pre-amplifier activated: 0
I/message_queue.cc( 3540): [000:421] [4027] (line 518): Message took 321ms to dispatch. Posted from: Init@third_party/webrtc/files/stable/webrtc/pc/channel_manager.cc:135
I/message_queue.cc( 3540): [000:422] [4028] (line 518): Message took 338ms to dispatch. Posted from: CreateModularPeerConnectionFactory@third_party/webrtc/files/stable/webrtc/pc/peer_connection_factory.cc:102
I/WebRtcAudioTrack( 3540): [000:428] [3952] Set extended error callback
I/WebRtcAudioRecord( 3540): [000:429] [3952] Set error callback
I/PeerConnectionFactory( 3540): [000:429] [4026] onNetworkThreadReady
I/PeerConnectionFactory( 3540): [000:430] [4028] onSignalingThreadReady
I/BugleRcsEngine( 3308): [137] snl.connect: Connecting EventService
I/chatty  ( 2961): uid=10101(com.google.android.gms) expire 30 lines
I/PeerConnectionFactory( 3540): [000:445] [4027] onWorkerThreadReady
I/CarrierServices( 3540): [176] dbh.run: webrtc logs saving is disabled, no need to schedule log cleanup job service
I/BugleRcsEngine( 3308): [137] snl.connect: shouldUseCarrierServicesJibeService: true, CarrierServices rcs service found: true
I/BugleRcsEngine( 3308): [137] snl.connect: Binding to JibeService in CarrierServices.
I/BugleRcsEngine( 3308): [137] snl.connect: Connecting ContactsService
I/BugleRcsEngine( 3308): [137] snl.connect: shouldUseCarrierServicesJibeService: true, CarrierServices rcs service found: true
I/BugleRcsEngine( 3308): [137] snl.connect: Binding to JibeService in CarrierServices.
I/WebViewFactory( 3174): Loading com.google.android.webview version 74.0.3729.185 (code 373018518)
I/BugleRcsEngine( 3308): [137] snl.connect: Connecting FileTransferService
I/earchbox:searc( 3174): The ClassLoaderContext is a special shared library.
I/earchbox:searc( 3174): The ClassLoaderContext is a special shared library.
I/BugleRcsEngine( 3308): [137] snl.connect: shouldUseCarrierServicesJibeService: true, CarrierServices rcs service found: true
I/BugleRcsEngine( 3308): [137] snl.connect: Binding to JibeService in CarrierServices.
I/m.android.phon( 2401): The ClassLoaderContext is a special shared library.
I/BugleRcsEngine( 3308): [137] snl.connect: Connecting LocationSharingService
D/Zygote  ( 1777): Forked child process 4064
I/BugleRcsEngine( 3308): [137] snl.connect: shouldUseCarrierServicesJibeService: true, CarrierServices rcs service found: true
I/BugleRcsEngine( 3308): [137] snl.connect: Binding to JibeService in CarrierServices.
W/android.traceu( 4064): Unexpected CPU variant for X86 using defaults: x86
I/BugleRcsEngine( 3308): [137] snl.connect: Connecting ImsConnectionTrackerService
W/ActivityManager( 2091): Slow operation: 91ms so far, now at startProcess: returned from zygote!
W/ActivityManager( 2091): Slow operation: 92ms so far, now at startProcess: done updating battery stats
W/ActivityManager( 2091): Slow operation: 92ms so far, now at startProcess: building log message
I/ActivityManager( 2091): Start proc 4064:com.android.traceur/u0a86 for broadcast {com.android.traceur/com.android.traceur.Receiver}
W/ActivityManager( 2091): Slow operation: 92ms so far, now at startProcess: starting to update pids map
W/ActivityManager( 2091): Slow operation: 92ms so far, now at startProcess: done updating pids map
I/BugleRcsEngine( 3308): [137] snl.connect: shouldUseCarrierServicesJibeService: true, CarrierServices rcs service found: true
I/BugleRcsEngine( 3308): [137] snl.connect: Binding to JibeService in CarrierServices.
I/BugleRcsEngine( 3308): [137] snl.connect: Connecting RcsProfileService
I/BugleRcsEngine( 3308): [137] snl.connect: shouldUseCarrierServicesJibeService: true, CarrierServices rcs service found: true
I/BugleRcsEngine( 3308): [137] snl.connect: Binding to JibeService in CarrierServices.
I/BugleRcsEngine( 3308): [137] snl.connect: Connecting BusinessInfoService
I/BugleRcsEngine( 3308): [137] snl.connect: shouldUseCarrierServicesJibeService: true, CarrierServices rcs service found: true
I/BugleRcsEngine( 3308): [137] snl.connect: Binding to JibeService in CarrierServices.
I/MdhYoutubeWorker( 3174): Reading YouTube deletion data
I/MdhYoutubeWorker( 3174): There is no logged in account in AGSA.
W/RcsProvisioning( 3308): Failed to read configuration: /data/user/0/com.google.android.apps.messaging/files/rcsconfig: open failed: ENOENT (No such file or directory)
W/RcsProvisioning( 3308): java.io.FileNotFoundException: /data/user/0/com.google.android.apps.messaging/files/rcsconfig: open failed: ENOENT (No such file or directory)
W/RcsProvisioning( 3308): 	at libcore.io.IoBridge.open(IoBridge.java:496)
W/RcsProvisioning( 3308): 	at java.io.FileInputStream.<init>(FileInputStream.java:159)
W/RcsProvisioning( 3308): 	at android.app.ContextImpl.openFileInput(ContextImpl.java:600)
W/RcsProvisioning( 3308): 	at android.content.ContextWrapper.openFileInput(ContextWrapper.java:206)
W/RcsProvisioning( 3308): 	at opj.a(SourceFile:1)
W/RcsProvisioning( 3308): 	at oal.a(SourceFile:4)
W/RcsProvisioning( 3308): 	at com.google.android.ims.provisioning.RcsConfigurationManager.a(SourceFile:6)
W/RcsProvisioning( 3308): 	at com.google.android.apps.messaging.rcsmigration.RcsStateProvider.onMigrationComplete(SourceFile:22)
W/RcsProvisioning( 3308): 	at com.google.android.ims.rcsmigration.IRcsStateProvider$Stub.dispatchTransaction(SourceFile:9)
W/RcsProvisioning( 3308): 	at com.google.android.aidl.BaseStub.onTransact(SourceFile:11)
W/RcsProvisioning( 3308): 	at android.os.Binder.execTransactInternal(Binder.java:1021)
W/RcsProvisioning( 3308): 	at android.os.Binder.execTransact(Binder.java:994)
W/RcsProvisioning( 3308): Caused by: android.system.ErrnoException: open failed: ENOENT (No such file or directory)
W/RcsProvisioning( 3308): 	at libcore.io.Linux.open(Native Method)
W/RcsProvisioning( 3308): 	at libcore.io.ForwardingOs.open(ForwardingOs.java:167)
W/RcsProvisioning( 3308): 	at libcore.io.BlockGuardOs.open(BlockGuardOs.java:252)
W/RcsProvisioning( 3308): 	at libcore.io.ForwardingOs.open(ForwardingOs.java:167)
W/RcsProvisioning( 3308): 	at android.app.ActivityThread$AndroidOs.open(ActivityThread.java:7255)
W/RcsProvisioning( 3308): 	at libcore.io.IoBridge.open(IoBridge.java:482)
W/RcsProvisioning( 3308): 	... 11 more
I/android.traceu( 4064): The ClassLoaderContext is a special shared library.
W/SearchServiceCore( 3174): Abort, client detached.
I/gle.android.im( 3540): Waiting for a blocking GC ProfileSaver
E/memtrack( 2091): Couldn't load memtrack module
W/android.os.Debug( 2091): failed to get memory consumption info: -1
W/TaskServiceHelper( 3174): Not enough time has passed between starts of two MDH_FORCED_SYNC periodic tasks.
I/gle.android.im( 3540): WaitForGcToComplete blocked ProfileSaver on ClassLinker for 98.491ms
I/BugleRcsEngine( 3308): [137] RcsStateProvider.onMigrationComplete: Deleted transfers file: false
I/SuperDelight( 2586): SuperDelightDownloadMetadataParser#parse(delight): Manifest parsed with 666 packs
D/FA      ( 3308): Connected to remote service
W/RcsProvisioning( 3308): Failed to read configuration: /data/user/0/com.google.android.apps.messaging/files/rcsconfig: open failed: ENOENT (No such file or directory)
W/RcsProvisioning( 3308): java.io.FileNotFoundException: /data/user/0/com.google.android.apps.messaging/files/rcsconfig: open failed: ENOENT (No such file or directory)
W/RcsProvisioning( 3308): 	at libcore.io.IoBridge.open(IoBridge.java:496)
W/RcsProvisioning( 3308): 	at java.io.FileInputStream.<init>(FileInputStream.java:159)
W/RcsProvisioning( 3308): 	at android.app.ContextImpl.openFileInput(ContextImpl.java:600)
W/RcsProvisioning( 3308): 	at android.content.ContextWrapper.openFileInput(ContextWrapper.java:206)
W/RcsProvisioning( 3308): 	at opj.a(SourceFile:1)
W/RcsProvisioning( 3308): 	at oal.a(SourceFile:4)
W/RcsProvisioning( 3308): 	at com.google.android.ims.provisioning.RcsConfigurationManager.a(SourceFile:6)
W/RcsProvisioning( 3308): 	at odm.buildConferencesFileName(SourceFile:57)
W/RcsProvisioning( 3308): 	at com.google.android.apps.messaging.rcsmigration.RcsStateProvider.onMigrationComplete(SourceFile:37)
W/RcsProvisioning( 3308): 	at com.google.android.ims.rcsmigration.IRcsStateProvider$Stub.dispatchTransaction(SourceFile:9)
W/RcsProvisioning( 3308): 	at com.google.android.aidl.BaseStub.onTransact(SourceFile:11)
W/RcsProvisioning( 3308): 	at android.os.Binder.execTransactInternal(Binder.java:1021)
W/RcsProvisioning( 3308): 	at android.os.Binder.execTransact(Binder.java:994)
W/RcsProvisioning( 3308): Caused by: android.system.ErrnoException: open failed: ENOENT (No such file or directory)
W/RcsProvisioning( 3308): 	at libcore.io.Linux.open(Native Method)
W/RcsProvisioning( 3308): 	at libcore.io.ForwardingOs.open(ForwardingOs.java:167)
W/RcsProvisioning( 3308): 	at libcore.io.BlockGuardOs.open(BlockGuardOs.java:252)
W/RcsProvisioning( 3308): 	at libcore.io.ForwardingOs.open(ForwardingOs.java:167)
W/RcsProvisioning( 3308): 	at android.app.ActivityThread$AndroidOs.open(ActivityThread.java:7255)
W/RcsProvisioning( 3308): 	at libcore.io.IoBridge.open(IoBridge.java:482)
W/RcsProvisioning( 3308): 	... 12 more
I/SuperDelight( 2586): SuperDelightManager#registerAndUpgradeSuperpacks(delight): current 2019100102, required 2019100102
D/ContextHubService( 2091): Added callback, total callbacks 1
D/Zygote  ( 1777): Forked child process 4107
W/ActivityManager( 2091): Slow operation: 63ms so far, now at startProcess: returned from zygote!
W/ActivityManager( 2091): Slow operation: 63ms so far, now at startProcess: done updating battery stats
W/ActivityManager( 2091): Slow operation: 63ms so far, now at startProcess: building log message
I/ActivityManager( 2091): Start proc 4107:com.google.android.angle/u0a96 for broadcast {com.google.android.angle/com.android.angle.common.Receiver}
W/ActivityManager( 2091): Slow operation: 63ms so far, now at startProcess: starting to update pids map
W/ActivityManager( 2091): Slow operation: 70ms so far, now at startProcess: done updating pids map
W/e.android.angl( 4107): Unexpected CPU variant for X86 using defaults: x86
I/cr_LibraryLoader( 3174): Time to load native libraries: 1 ms (timestamps 4597-4598)
I/chatty  ( 2773): uid=10101 com.google.android.gms.persistent expire 42 lines
I/SuperDelight( 2586): SuperDelightManager#syncDownloadableLanguageModels(delight): [OnDevice] Syncing for version 2019100102
I/CarrierServices( 3540): [2] bqe.a: Unbinding RcsMigrationService
I/e.android.angl( 4107): The ClassLoaderContext is a special shared library.
I/TransportClient( 2091): BackupTransportService#2: Notifying [TransportManager.registerTransport()] transport = IBackupTransport
W/Binder  ( 2091): Outgoing transactions from this process must be FLAG_ONEWAY
W/Binder  ( 2091): java.lang.Throwable
W/Binder  ( 2091): 	at android.os.BinderProxy.transact(BinderProxy.java:480)
W/Binder  ( 2091): 	at com.android.internal.backup.IBackupTransport$Stub$Proxy.name(IBackupTransport.java:869)
W/Binder  ( 2091): 	at com.android.server.backup.TransportManager.registerTransport(TransportManager.java:653)
W/Binder  ( 2091): 	at com.android.server.backup.TransportManager.registerTransportsForIntent(TransportManager.java:588)
W/Binder  ( 2091): 	at com.android.server.backup.TransportManager.registerTransports(TransportManager.java:558)
W/Binder  ( 2091): 	at com.android.server.backup.-$$Lambda$pM_c5tVAGDtxjxLF_ONtACWWq6Q.run(Unknown Source:2)
W/Binder  ( 2091): 	at android.os.Handler.handleCallback(Handler.java:883)
W/Binder  ( 2091): 	at android.os.Handler.dispatchMessage(Handler.java:100)
W/Binder  ( 2091): 	at android.os.Looper.loop(Looper.java:214)
W/Binder  ( 2091): 	at android.os.HandlerThread.run(HandlerThread.java:67)
I/CarrierServices( 3540): [2] RcsService.a: Initializing RcsService.
I/chatty  ( 2961): uid=10101(com.google.android.gms) expire 4 lines
I/SuperDelight( 2586): DownloadSlicing#getSlices() : Locale = [en_US]
I/GraphicsEnvironment( 4107): ANGLE package enabled: com.google.android.angle
D/GraphicsEnv( 4107): dlopen_ext from APK (libfeature_support_angle.so) success at 0x51878fa1
I/CarrierServices( 3540): [2] cqm.b: Initialize Provisioning Engine V1
I/chatty  ( 2773): uid=10101 com.google.android.gms.persistent expire 1 line
E/BluetoothAdapter( 3174): Bluetooth binder is null
I/gle.android.im( 3540): Waiting for a blocking GC ClassLinker
W/BroadcastQueue( 2091): Permission Denial: receiving Intent { act=android.intent.action.BOOT_COMPLETED flg=0x89000010 (has extras) } to com.google.android.apps.docs/com.google.android.libraries.internal.growth.growthkit.inject.GrowthKitBootCompletedBroadcastReceiver requires android.permission.RECEIVE_BOOT_COMPLETED due to sender null (uid 1000)
D/Zygote  ( 1777): Forked child process 4149
I/ActivityManager( 2091): Start proc 4149:com.google.android.apps.maps/u0a123 for broadcast {com.google.android.apps.maps/com.google.android.apps.gmm.navigation.service.detection.StartDetectionReceiver}
I/BugleRcsEngine( 3308): [169] oil.updateSimInfo: Updated SIM info: currentSimId: [4vfUjdK1ylI-cxPPS6D26oMLYoE]; imsi: [zSrOMA1mh9Q6-7rLJrQ5Pkv1PBs]; rawMsisdn: [S91Pkp86EGIlPk5Ja6-6C9-123U]; formattedMsisdn: ; mccmnc: [GMS5WK9CKM8_bx5id3TvJ4VbDjI] isFiDevice: false;
W/droid.apps.map( 4149): Unexpected CPU variant for X86 using defaults: x86
I/chatty  ( 2961): uid=10101(com.google.android.gms) expire 2 lines
I/SuperDelight( 2586): DownloadSlicing#getSlices(): result {slices=[delight:main_en_us_20180802_1], last batch=true, sync metadata=false}
I/SP      ( 2586): Syncing delight (2019100102) with slices: [main_en_us_20180802_1], metadata: false
I/gle.android.im( 3540): WaitForGcToComplete blocked ClassLinker on ProfileSaver for 128.023ms
W/gle.android.im( 3540): Verification of fui cvm.b(cvn) took 138.102ms
W/RcsProvisioning( 3540): Failed to read configuration: /data/user/0/com.google.android.ims/files/rcsconfig: open failed: ENOENT (No such file or directory)
D/BackupTransportManager( 2091): Transport com.google.android.gms/.backup.BackupTransportService registered
D/BackupManagerService( 2091): Transport com.google.android.gms/.backup.BackupTransportService registered 8283ms after first request (delay = 3000ms)
W/RcsProvisioning( 3540): java.io.FileNotFoundException: /data/user/0/com.google.android.ims/files/rcsconfig: open failed: ENOENT (No such file or directory)
W/RcsProvisioning( 3540): 	at libcore.io.IoBridge.open(IoBridge.java:496)
W/RcsProvisioning( 3540): 	at java.io.FileInputStream.<init>(FileInputStream.java:159)
W/RcsProvisioning( 3540): 	at android.app.ContextImpl.openFileInput(ContextImpl.java:600)
W/RcsProvisioning( 3540): 	at android.content.ContextWrapper.openFileInput(ContextWrapper.java:206)
W/RcsProvisioning( 3540): 	at cyr.a(SourceFile:2)
W/RcsProvisioning( 3540): 	at chf.a(SourceFile:7)
W/RcsProvisioning( 3540): 	at chg.a(SourceFile:8)
W/RcsProvisioning( 3540): 	at chm.<init>(SourceFile:967)
W/RcsProvisioning( 3540): 	at chm.<init>(SourceFile:951)
W/RcsProvisioning( 3540): 	at cqm.b(SourceFile:64)
W/RcsProvisioning( 3540): 	at cqm.<init>(SourceFile:11)
W/RcsProvisioning( 3540): 	at baj.c(SourceFile:48)
W/RcsProvisioning( 3540): 	at bai.b(SourceFile:24)
W/RcsProvisioning( 3540): 	at com.google.android.ims.services.RcsService.a(SourceFile:31)
W/RcsProvisioning( 3540): 	at crs.onCreate(SourceFile:559)
W/RcsProvisioning( 3540): 	at com.google.android.ims.services.RcsService.onCreate(SourceFile:25)
W/RcsProvisioning( 3540): 	at android.app.ActivityThread.handleCreateService(ActivityThread.java:3953)
W/RcsProvisioning( 3540): 	at android.app.ActivityThread.access$1500(ActivityThread.java:219)
W/RcsProvisioning( 3540): 	at android.app.ActivityThread$H.handleMessage(ActivityThread.java:1875)
W/RcsProvisioning( 3540): 	at android.os.Handler.dispatchMessage(Handler.java:107)
W/RcsProvisioning( 3540): 	at android.os.Looper.loop(Looper.java:214)
W/RcsProvisioning( 3540): 	at android.app.ActivityThread.main(ActivityThread.java:7356)
W/RcsProvisioning( 3540): 	at java.lang.reflect.Method.invoke(Native Method)
W/RcsProvisioning( 3540): 	at com.android.internal.os.RuntimeInit$MethodAndArgsCaller.run(RuntimeInit.java:492)
W/RcsProvisioning( 3540): 	at com.android.internal.os.ZygoteInit.main(ZygoteInit.java:930)
W/RcsProvisioning( 3540): Caused by: android.system.ErrnoException: open failed: ENOENT (No such file or directory)
W/RcsProvisioning( 3540): 	at libcore.io.Linux.open(Native Method)
W/RcsProvisioning( 3540): 	at libcore.io.ForwardingOs.open(ForwardingOs.java:167)
W/RcsProvisioning( 3540): 	at libcore.io.BlockGuardOs.open(BlockGuardOs.java:252)
W/RcsProvisioning( 3540): 	at libcore.io.ForwardingOs.open(ForwardingOs.java:167)
W/RcsProvisioning( 3540): 	at android.app.ActivityThread$AndroidOs.open(ActivityThread.java:7255)
W/RcsProvisioning( 3540): 	at libcore.io.IoBridge.open(IoBridge.java:482)
W/RcsProvisioning( 3540): 	... 24 more
W/ActivityManager( 2091): Slow operation: 60ms so far, now at attachApplicationLocked: after mServices.attachApplicationLocked
W/webview_servic( 4172): Unexpected CPU variant for X86 using defaults: x86
W/ActivityManager( 2091): Slow operation: 80ms so far, now at attachApplicationLocked: after sendPendingBroadcastsLocked
D/Zygote  ( 1777): Forked child process 4172
I/droid.apps.map( 4149): The ClassLoaderContext is a special shared library.
I/BackupManagerService( 2091): Found stale backup journal, scheduling
I/chatty  ( 2091): uid=1000 system_server identical 16 lines
I/BackupManagerService( 2091): Found stale backup journal, scheduling
W/ActivityManager( 2091): Slow operation: 136ms so far, now at startProcess: returned from zygote!
W/ActivityManager( 2091): Slow operation: 136ms so far, now at startProcess: done updating battery stats
W/ActivityManager( 2091): Slow operation: 137ms so far, now at startProcess: building log message
I/ActivityManager( 2091): Start proc 4172:com.google.android.webview:webview_service/u0a124 for service {com.google.android.webview/org.chromium.android_webview.services.VariationsSeedServer}
W/ActivityManager( 2091): Slow operation: 137ms so far, now at startProcess: starting to update pids map
W/ActivityManager( 2091): Slow operation: 141ms so far, now at startProcess: done updating pids map
I/droid.apps.map( 4149): The ClassLoaderContext is a special shared library.
I/chromium( 3174): [INFO:library_loader_hooks.cc(50)] Chromium logging enabled: level = 0, default verbosity = 0
I/cr_LibraryLoader( 3174): Expected native library version number "74.0.3729.185", actual native library version number "74.0.3729.185"
W/ActivityTaskManager( 2091): Launch timeout has expired, giving up wake lock!
I/CarrierServices( 3540): [2] bas.<init>: RcsEngine: Constructor running in com.google.android.ims
W/ThreadPoolDumper( 3174): Task com.google.android.apps.gsa.staticplugins.ae.n@9ffde80 was queued for 1343ms before starting on executor Cookies thread
I/BackupManagerService( 2091): Found stale backup journal, scheduling
I/webview_servic( 4172): The ClassLoaderContext is a special shared library.
I/webview_servic( 4172): The ClassLoaderContext is a special shared library.
I/LoadedApk( 4172): No resource references to update in package com.google.android.webview
I/LoadedApk( 4172): No resource references to update in package com.google.android.trichromelibrary
I/BugleRcsEngine( 3308): [169] oil.sendBroadcastSimState: Broadcasting Intent { act=com.google.android.ims.SIM_LOADED (has extras) }
I/Bugle   ( 3308): SimChangeReceiver: action: com.google.android.ims.SIM_LOADED
W/.apps.messagin( 3308): Long monitor contention with owner AsyncTask #4 (3640) at android.os.BinderProxy android.os.BinderProxy$ProxyMap.get(long)(BinderProxy.java:143) waiters=0 in boolean oil.f() for 5.483s
E/memtrack( 2091): Couldn't load memtrack module
W/android.os.Debug( 2091): failed to get memory consumption info: -1
I/chatty  ( 2091): uid=1000 system_server identical 9 lines
I/BackupManagerService( 2091): Found stale backup journal, scheduling
I/ActivityManager( 2091): Killing 2834:com.google.android.deskclock/u0a112 (adj 985): empty #17
I/chatty  ( 2773): uid=10101 com.google.android.gms.persistent expire 12 lines
I/earchbox:searc( 3174): Background concurrent copying GC freed 75606(3953KB) AllocSpace objects, 24(540KB) LOS objects, 49% free, 5115KB/10231KB, paused 707us total 683.799ms
I/chatty  ( 2961): uid=10101(com.google.android.gms) expire 33 lines
I/BugleRcs( 3308): RcsAvailability: updating
I/BugleRcs( 3308): RcsAvailability: No minimum Cs.apk version is set, not checking Cs.apk version
D/NetworkSecurityConfig( 3308): No Network Security Config specified, using platform default
I/BugleRcs( 3308): RCS is disabled via P/H
I/BugleRcs( 3308): RcsAvailability: config server url unavailable - Carrier is not RCS enabled
I/Zygote  ( 1777): Process 2834 exited due to signal 9 (Killed)
W/Bugle   ( 3308): ChatContentDecoratorGrpc: Instance created but no relevant features are enabled
I/libprocessgroup( 2091): Successfully killed process cgroup uid 10112 pid 2834 in 89ms
I/CarrierServices( 3540): [162] cpr.c: Updated SIM info: currentSimId: [4vfUjdK1ylI-cxPPS6D26oMLYoE]; imsi: [zSrOMA1mh9Q6-7rLJrQ5Pkv1PBs]; rawMsisdn: [S91Pkp86EGIlPk5Ja6-6C9-123U]; formattedMsisdn: ; mccmnc: [GMS5WK9CKM8_bx5id3TvJ4VbDjI] isFiDevice: false;
I/CarrierServices( 3540): [162] cpr.a: Broadcasting Intent { act=com.google.android.ims.SIM_LOADED (has extras) }
W/gle.android.im( 3540): Long monitor contention with owner AsyncTask #2 (3724) at boolean android.os.BinderProxy.transactNative(int, android.os.Parcel, android.os.Parcel, int)(BinderProxy.java:-2) waiters=0 in java.lang.String cpr.a() for 2.308s
W/gle.android.im( 3540): Long monitor contention with owner AsyncTask #2 (3724) at boolean android.os.BinderProxy.transactNative(int, android.os.Parcel, android.os.Parcel, int)(BinderProxy.java:-2) waiters=1 in java.lang.String cpr.c() for 442ms
I/CarrierServices( 3540): [2] cut.a: KEY_CONFIG_IMS_PACKAGE_OVERRIDE_STRING: com.google.android.ims
W/CarrierServices( 3540): [2] cgy.a: No config URL. RCS will be disabled!
D/NetworkSecurityConfig( 3174): Using Network Security Config from resource network_security_config debugBuild: false
W/gle.android.im( 3540): Suspending all threads took: 17.385ms
D/libEGL  ( 4149): Emulator has host GPU support, qemu.gles is set to 1.
W/libc    ( 4149): Unable to set property "qemu.gles" to "1": connection failed; errno=13 (Permission denied)
I/RcsClientLib( 3308): Service com.google.android.rcs.client.chatsession.ChatSessionService connected. Will notify listeners: true
I/RcsClientLib( 3308): Service com.google.android.rcs.client.events.EventService connected. Will notify listeners: true
I/RcsClientLib( 3308): Service com.google.android.rcs.client.contacts.ContactsService connected. Will notify listeners: true
I/RcsClientLib( 3308): Service com.google.android.rcs.client.filetransfer.FileTransferService connected. Will notify listeners: true
W/ActivityManager( 2091): Background start not allowed: service Intent { cmp=com.google.android.apps.messaging/.shared.datamodel.action.execution.ActionExecutorImpl$EmptyService } to com.google.android.apps.messaging/.shared.datamodel.action.execution.ActionExecutorImpl$EmptyService from pid=3308 uid=10120 pkg=com.google.android.apps.messaging startFg?=false
W/BugleDataModel( 3308): ActionExecutorImpl: Action started execution, but we can't guarantee it will complete, the app may be killed. Action: class com.google.android.apps.messaging.shared.datamodel.action.GenericWorkerQueueAction-GenericWorkerQueueAction:37233006
W/BugleDataModel( 3308): java.lang.IllegalStateException: Not allowed to start service Intent { cmp=com.google.android.apps.messaging/.shared.datamodel.action.execution.ActionExecutorImpl$EmptyService }: app is in background uid UidRecord{b713a39 u0a120 TRNB idle change:uncached procs:1 seq(0,0,0)}
W/BugleDataModel( 3308): 	at android.app.ContextImpl.startServiceCommon(ContextImpl.java:1616)
W/BugleDataModel( 3308): 	at android.app.ContextImpl.startService(ContextImpl.java:1571)
W/BugleDataModel( 3308): 	at android.content.ContextWrapper.startService(ContextWrapper.java:669)
W/BugleDataModel( 3308): 	at com.google.android.apps.messaging.shared.datamodel.action.execution.ActionExecutorImpl.e(SourceFile:107)
W/BugleDataModel( 3308): 	at com.google.android.apps.messaging.shared.datamodel.action.execution.ActionExecutorImpl.a(SourceFile:19)
W/BugleDataModel( 3308): 	at com.google.android.apps.messaging.shared.datamodel.action.execution.ActionExecutorImpl.a(SourceFile:16)
W/BugleDataModel( 3308): 	at dya.c(SourceFile:12)
W/BugleDataModel( 3308): 	at dyb.run(Unknown Source:2)
W/BugleDataModel( 3308): 	at android.os.Handler.handleCallback(Handler.java:883)
W/BugleDataModel( 3308): 	at android.os.Handler.dispatchMessage(Handler.java:100)
W/BugleDataModel( 3308): 	at android.os.Looper.loop(Looper.java:214)
W/BugleDataModel( 3308): 	at android.app.ActivityThread.main(ActivityThread.java:7356)
W/BugleDataModel( 3308): 	at java.lang.reflect.Method.invoke(Native Method)
W/BugleDataModel( 3308): 	at com.android.internal.os.RuntimeInit$MethodAndArgsCaller.run(RuntimeInit.java:492)
W/BugleDataModel( 3308): 	at com.android.internal.os.ZygoteInit.main(ZygoteInit.java:930)
I/RcsClientLib( 3308): Service com.google.android.rcs.client.locationsharing.LocationSharingService connected. Will notify listeners: true
I/RcsClientLib( 3308): Service com.google.android.rcs.client.ims.ImsConnectionTrackerService connected. Will notify listeners: true
I/CarrierServices( 3540): [2] crs.a: onSimLoaded: JibePreferences hasSim: [true], rcsEnabled: [false]
W/DefaultPool4( 4149): type=1400 audit(0.0:12): avc: denied { write } for name="property_service" dev="tmpfs" ino=8396 scontext=u:r:untrusted_app:s0:c123,c256,c512,c768 tcontext=u:object_r:property_socket:s0 tclass=sock_file permissive=0 app=com.google.android.apps.maps
W/earchbox:searc( 3174): Long monitor contention with owner ThreadPoolForeg (4010) at java.io.FileDescriptor libcore.io.Linux.open(java.lang.String, int, int)(Linux.java:-2) waiters=0 in void org.chromium.net.X509Util.ensureInitialized() for 168ms
E/CarrierServices( 3540): [2] bas.G: Cannot access P-CSCF address, RCS configuration is null!
E/CarrierServices( 3540): [2] bas.A: Cannot access P-CSCF port, IMS configuration is null!
E/CarrierServices( 3540): [156] cqf.a: Invalid signature found for com.android.contacts: E39B7BFBE0A67D78292F6CC62E06CA27A2EBF255
W/CarrierServices( 3540): [2] cgy.a: No config URL. RCS will be disabled!
I/CarrierServices( 3540): [192] bbd.handleMessage: RCS is disabled, skipping config update request
E/CarrierServices( 3540): [2] bas.G: Cannot access P-CSCF address, RCS configuration is null!
E/CarrierServices( 3540): [2] bas.z: Cannot access P-CSCF address, IMS configuration is null!
W/Glide   ( 3174): Failed to find GeneratedAppGlideModule. You should include an annotationProcessor compile dependency on com.github.bumptech.glide:compiler in your application and a @GlideModule annotated AppGlideModule implementation or LibraryGlideModules will be silently ignored
W/CarrierServices( 3540): [2] chm.m: Current provisioning engine does not support state
E/CarrierServices( 3540): [2] bas.G: Cannot access P-CSCF address, RCS configuration is null!
E/CarrierServices( 3540): [2] bas.A: Cannot access P-CSCF port, IMS configuration is null!
W/CarrierServices( 3540): [2] cgy.a: No config URL. RCS will be disabled!
E/CarrierServices( 3540): [2] bas.G: Cannot access P-CSCF address, RCS configuration is null!
E/CarrierServices( 3540): [2] bas.z: Cannot access P-CSCF address, IMS configuration is null!
E/CarrierServices( 3540): [156] cqf.a: Invalid signature found for com.android.contacts: E39B7BFBE0A67D78292F6CC62E06CA27A2EBF255
W/ActivityManager( 2091): Background start not allowed: service Intent { cmp=com.google.android.apps.messaging/.shared.datamodel.action.execution.ActionExecutorImpl$EmptyService } to com.google.android.apps.messaging/.shared.datamodel.action.execution.ActionExecutorImpl$EmptyService from pid=3308 uid=10120 pkg=com.google.android.apps.messaging startFg?=false
I/ShortcutBadger( 3308): Checking if platform supports badge counters, attempt 1/3.
I/RcsClientLib( 3308): Service com.google.android.rcs.client.profile.RcsProfileService connected. Will notify listeners: true
I/ShortcutBadger( 3308): Checking if platform supports badge counters, attempt 2/3.
I/ShortcutBadger( 3308): Checking if platform supports badge counters, attempt 3/3.
W/ShortcutBadger( 3308): Badge counter seems not supported in this platform: unable to resolve intent: Intent { act=android.intent.action.BADGE_COUNT_UPDATE (has extras) }
W/CarrierServices( 3540): [156] cgy.a: No config URL. RCS will be disabled!
I/BugleRcs( 3308): RcsAvailability ACS url: null
I/RcsClientLib( 3308): Service com.google.android.rcs.client.businessinfo.BusinessInfoService connected. Will notify listeners: true
W/CarrierServices( 3540): [156] cgy.a: No config URL. RCS will be disabled!
I/BugleRcs( 3308): RcsAvailability ACS url: null
W/SearchServiceCore( 3174): Abort, client detached.
D/libEGL  ( 4149): loaded /vendor/lib/egl/libEGL_emulation.so
W/TaskServiceHelper( 3174): Not enough time has passed between starts of two REFRESH_SEARCH_HISTORY periodic tasks.
D/libEGL  ( 4149): loaded /vendor/lib/egl/libGLESv1_CM_emulation.so
W/LatinMetricsProcessor( 2586): The new entry is equal to the old entry
I/chatty  ( 1792): uid=1021(gps) gnss@1.0-servic expire 22 lines
I/FA      ( 3174): App measurement is starting up, version: 16250
I/FA      ( 3174): To enable debug logging run: adb shell setprop log.tag.FA VERBOSE
I/FA      ( 3174): To enable faster debug mode event logging run:
I/FA      ( 3174):   adb shell setprop debug.firebase.analytics.app com.google.android.googlequicksearchbox
D/FA      ( 3174): Debug-level message logging enabled
D/FirebaseApp( 3174): com.google.firebase.auth.FirebaseAuth is not linked. Skipping initialization.
D/FirebaseApp( 3174): com.google.firebase.crash.FirebaseCrash is not linked. Skipping initialization.
E/ResolverController( 1776): No valid NAT64 prefix (101, <unspecified>/0)
I/ActivityManager( 2091): Killing 2725:com.android.cellbroadcastreceiver/u0a57 (adj 985): empty #17
I/Zygote  ( 1777): Process 2725 exited due to signal 9 (Killed)
I/libprocessgroup( 2091): Successfully killed process cgroup uid 10057 pid 2725 in 47ms
E/ActivityThread( 2773): Failed to find provider info for instantapp-dev-manager
I/EngineIdGenerator( 3174): Refusing EXCLUSIVE task NOW_UPDATE_GCM_REGISTRATION, it is already pending. Try again in 7538 seconds.
D/PackageManager( 2091): Connected to instant app resolver
I/chatty  ( 2773): uid=10101 com.google.android.gms.persistent expire 1 line
D/ConditionProviders( 2091): Disabling component com.google.android.gms/com.google.android.location.settings.DrivingConditionProvider
I/SuperDelight( 2586): SuperDelightDownloadMetadataParser#parse(delight): Manifest parsed with 666 packs
I/SuperDelight( 2586): SuperDelightMergingStrategy#merge(): selected[[main_en_us_20180802_1]] synced[[main_en_us_20180802_1]]
I/SP      ( 2586): Sync for delight succeeded in 3005 ms: no changes
I/chatty  ( 2773): uid=10101 com.google.android.gms.persistent expire 30 lines
I/chatty  ( 2773): uid=10101 com.google.android.gms.persistent expire 2 lines
I/chatty  ( 2773): uid=10101 com.google.android.gms.persistent expire 4 lines
I/TenorApi( 2586): Fetched response from https://g.tenor.com/v1/categories with success = true
I/chatty  ( 2773): uid=10101 com.google.android.gms.persistent expire 22 lines
I/PhenotypeIme( 2586): FetchConfigurationTask.fetchConfiguration() : ConfigurationsResult = Persisted
D/libEGL  ( 4149): loaded /vendor/lib/egl/libGLESv2_emulation.so
I/chatty  ( 2773): uid=10101 com.google.android.gms.persistent expire 58 lines
D/HostConnection( 4149): HostConnection::get() New Host Connection established 0xd9b75860, tid 4241
D/HostConnection( 4149): HostComposition ext ANDROID_EMU_CHECKSUM_HELPER_v1 ANDROID_EMU_native_sync_v2 ANDROID_EMU_native_sync_v3 ANDROID_EMU_native_sync_v4 ANDROID_EMU_dma_v1 ANDROID_EMU_direct_mem ANDROID_EMU_host_composition_v1 ANDROID_EMU_host_composition_v2 ANDROID_EMU_vulkan ANDROID_EMU_deferred_vulkan_commands ANDROID_EMU_vulkan_null_optional_strings ANDROID_EMU_vulkan_create_resources_with_requirements ANDROID_EMU_YUV420_888_to_NV21 ANDROID_EMU_YUV_Cache ANDROID_EMU_async_unmap_buffer GL_OES_EGL_image_external_essl3 GL_OES_vertex_array_object GL_KHR_texture_compression_astc_ldr ANDROID_EMU_gles_max_version_3_1 
E/ResolverController( 1776): No valid NAT64 prefix (101, <unspecified>/0)
D/Zygote  ( 1777): Forked child process 4402
W/oadcastreceive( 4402): Unexpected CPU variant for X86 using defaults: x86
W/ActivityManager( 2091): Slow operation: 51ms so far, now at startProcess: building log message
I/ActivityManager( 2091): Start proc 4402:com.android.cellbroadcastreceiver/u0a57 for broadcast {com.android.cellbroadcastreceiver/com.android.cellbroadcastreceiver.CellBroadcastReceiver}
W/ActivityManager( 2091): Slow operation: 51ms so far, now at startProcess: starting to update pids map
W/ActivityManager( 2091): Slow operation: 51ms so far, now at startProcess: done updating pids map
D/EGL_emulation( 4149): eglCreateContext: 0xf037ef20: maj 3 min 1 rcv 4
D/EGL_emulation( 4149): eglMakeCurrent: 0xf037ef20: ver 3 1 (tinfo 0xf039e9b0)
I/system_server( 2091): Background young concurrent copying GC freed 65765(4283KB) AllocSpace objects, 50(1364KB) LOS objects, 35% free, 10MB/15MB, paused 1.322ms total 108.938ms
E/eglCodecCommon( 4149): glUtilsParamSize: unknow param 0x000082da
E/eglCodecCommon( 4149): glUtilsParamSize: unknow param 0x000082da
I/PhenotypeIme( 2586): FetchConfigurationTask.fetchConfiguration() : Success after 7764 ms
W/droid.apps.map( 4149): Long monitor contention with owner DefaultPool1 (4230) at void com.google.android.apps.gmm.map.util.jni.NativeHelper.a()(PG:2) waiters=0 in vvp eeu.b() for 1.051s
I/oadcastreceive( 4402): The ClassLoaderContext is a special shared library.
D/CellBroadcastReceiver( 4402): onReceive Intent { act=android.telephony.action.CARRIER_CONFIG_CHANGED flg=0x15000010 cmp=com.android.cellbroadcastreceiver/.CellBroadcastReceiver (has extras) }
D/CellBroadcastReceiver( 4402): initializeSharedPreference
D/CellBroadcastReceiver( 4402): Default interval 0 did not change.
D/CellBroadcastReceiver( 4402): Start Cell Broadcast configuration.
D/OtaspSimStateReceiver( 2401): Received intent: android.telephony.action.CARRIER_CONFIG_CHANGED
D/OtaspSimStateReceiver( 2401): otasp activation not needed: no supported carrier
I/VvmSimStateTracker( 2401): android.telephony.action.CARRIER_CONFIG_CHANGED
I/VvmSimStateTracker( 2401): Service connected on ComponentInfo{com.android.phone/com.android.services.telephony.TelephonyConnectionService}, ***, UserHandle{0}
D/CellBroadcastConfigService( 4402): Enable CellBroadcast on sub 1
E/BluetoothAdapter( 4149): Bluetooth binder is null
I/chatty  ( 2773): uid=10101 com.google.android.gms.persistent expire 1 line
I/RemoteVvmTaskManager( 2401): Binding to ComponentInfo{com.android.dialer/com.android.voicemail.impl.OmtpService}
I/CarrierServices( 3540): [160] CarrierServicesReleaseApp.a: Initialized already, return.
I/Dialer  ( 2898): VvmOmtpService - onCellServiceConnected
D/IccSmsInterfaceManager( 2401): [IccSmsInterfaceManager] Calling setGsmBroadcastConfig with 1 configurations
D/IccSmsInterfaceManager( 2401): [IccSmsInterfaceManager] Failed to add GSM cell broadcast channels range 4370 to 4370
D/IccSmsInterfaceManager( 2401): [IccSmsInterfaceManager] Calling setCdmaBroadcastConfig with 1 configurations
D/IccSmsInterfaceManager( 2401): [IccSmsInterfaceManager] Failed to add cdma broadcast channels range 4096 to 4096
D/IccSmsInterfaceManager( 2401): [IccSmsInterfaceManager] Calling setGsmBroadcastConfig with 1 configurations
D/IccSmsInterfaceManager( 2401): [IccSmsInterfaceManager] Failed to add GSM cell broadcast channels range 4383 to 4383
W/AlarmManager( 2091): Unrecognized alarm listener com.android.server.wifi.WifiConfigStore$2@498b7a3
D/IccSmsInterfaceManager( 2401): [IccSmsInterfaceManager] Calling setGsmBroadcastConfig with 1 configurations
D/IccSmsInterfaceManager( 2401): [IccSmsInterfaceManager] Failed to add GSM cell broadcast channels range 4371 to 4372
D/IccSmsInterfaceManager( 2401): [IccSmsInterfaceManager] Calling setCdmaBroadcastConfig with 1 configurations
D/IccSmsInterfaceManager( 2401): [IccSmsInterfaceManager] Failed to add cdma broadcast channels range 4097 to 4097
D/IccSmsInterfaceManager( 2401): [IccSmsInterfaceManager] Calling setGsmBroadcastConfig with 1 configurations
D/IccSmsInterfaceManager( 2401): [IccSmsInterfaceManager] Failed to add GSM cell broadcast channels range 4384 to 4385
D/WifiConfigStore( 2091): Writing to stores completed in 98 ms.
D/IccSmsInterfaceManager( 2401): [IccSmsInterfaceManager] Calling setGsmBroadcastConfig with 1 configurations
D/IccSmsInterfaceManager( 2401): [IccSmsInterfaceManager] Failed to add GSM cell broadcast channels range 4373 to 4378
D/IccSmsInterfaceManager( 2401): [IccSmsInterfaceManager] Calling setCdmaBroadcastConfig with 1 configurations
D/IccSmsInterfaceManager( 2401): [IccSmsInterfaceManager] Failed to add cdma broadcast channels range 4098 to 4098
D/IccSmsInterfaceManager( 2401): [IccSmsInterfaceManager] Calling setGsmBroadcastConfig with 1 configurations
D/IccSmsInterfaceManager( 2401): [IccSmsInterfaceManager] Failed to add GSM cell broadcast channels range 4386 to 4391
D/IccSmsInterfaceManager( 2401): [IccSmsInterfaceManager] Calling setGsmBroadcastConfig with 1 configurations
D/IccSmsInterfaceManager( 2401): [IccSmsInterfaceManager] Failed to add GSM cell broadcast channels range 4379 to 4379
D/IccSmsInterfaceManager( 2401): [IccSmsInterfaceManager] Calling setCdmaBroadcastConfig with 1 configurations
D/IccSmsInterfaceManager( 2401): [IccSmsInterfaceManager] Failed to add cdma broadcast channels range 4099 to 4099
D/IccSmsInterfaceManager( 2401): [IccSmsInterfaceManager] Calling setGsmBroadcastConfig with 1 configurations
D/IccSmsInterfaceManager( 2401): [IccSmsInterfaceManager] Failed to add GSM cell broadcast channels range 4392 to 4392
D/IccSmsInterfaceManager( 2401): [IccSmsInterfaceManager] Failed to remove GSM cell broadcast channels range 4380 to 4380
D/IccSmsInterfaceManager( 2401): [IccSmsInterfaceManager] Failed to remove cdma broadcast channels range 4100 to 4100
D/IccSmsInterfaceManager( 2401): [IccSmsInterfaceManager] Failed to remove GSM cell broadcast channels range 4393 to 4393
D/IccSmsInterfaceManager( 2401): [IccSmsInterfaceManager] Failed to remove GSM cell broadcast channels range 4381 to 4381
D/IccSmsInterfaceManager( 2401): [IccSmsInterfaceManager] Failed to remove GSM cell broadcast channels range 4394 to 4394
D/IccSmsInterfaceManager( 2401): [IccSmsInterfaceManager] Failed to remove GSM cell broadcast channels range 4382 to 4382
D/IccSmsInterfaceManager( 2401): [IccSmsInterfaceManager] Failed to remove GSM cell broadcast channels range 4395 to 4395
D/IccSmsInterfaceManager( 2401): [IccSmsInterfaceManager] Calling setGsmBroadcastConfig with 1 configurations
D/IccSmsInterfaceManager( 2401): [IccSmsInterfaceManager] Failed to add GSM cell broadcast channels range 4352 to 4354
D/IccSmsInterfaceManager( 2401): [IccSmsInterfaceManager] Calling setGsmBroadcastConfig with 1 configurations
