W/Looper  ( 2091): Slow dispatch took 1115ms android.fg h=android.os.Handler c=com.android.server.am.-$$Lambda$UserController$stQk1028ON105v_u-VMykVjcxLk@62186f3 m=0
W/Looper  ( 2091): Slow delivery took 1116ms android.fg h=android.os.Handler c=com.android.server.am.-$$Lambda$UserController$G0WJmqt4X_QG30fRlvXobn18mrE@e909e29 m=0
I/SystemServiceManager( 2091): Calling onUnlockUser u0
D/StorageManagerService( 2091): onUnlockUser 0
D/vold    ( 1684): Linking /storage/emulated/0 to /mnt/user/0/primary
W/Looper  ( 2091): Drained
W/ActivityManager( 2091): Unable to start service Intent { act=android.service.systemcaptions.SystemCaptionsManagerService cmp=com.google.android.as/com.google.android.apps.miphone.aiai.captions.SystemCaptionsManagerService } U=0: not found
W/RemoteSystemCaptionsManagerService( 2091): Could not bind to Intent { act=android.service.systemcaptions.SystemCaptionsManagerService cmp=com.google.android.as/com.google.android.apps.miphone.aiai.captions.SystemCaptionsManagerService } with flags 67108865
E/SystemCaptionsManagerPerUserService( 2091): Bad service name: com.google.android.as/com.google.android.apps.miphone.aiai.captions.SystemCaptionsManagerService
D/vold    ( 1684): /system/bin/blkid
D/vold    ( 1684):     -c
D/vold    ( 1684):     /dev/null
D/vold    ( 1684):     -s
D/vold    ( 1684):     TYPE
D/vold    ( 1684):     -s
D/vold    ( 1684):     UUID
D/vold    ( 1684):     -s
D/vold    ( 1684):     LABEL
D/vold    ( 1684):     /dev/block/vold/public:253,80
E/AppPredictionPerUserService( 2091): Bad service name: com.google.android.as/com.google.android.apps.miphone.aiai.app.AiAiPredictionService
E/ContentSuggestionsPerUserService( 2091): Bad service name: com.google.android.as/com.google.android.apps.miphone.aiai.app.AiAiContentSuggestionsService
I/ActivityManager( 2091): Start proc 3025:com.google.process.gservices/u0a101 for content provider {com.google.android.gsf/com.google.android.gsf.gservices.GservicesProvider}
D/AutofillUI( 2091): destroySaveUiUiThread(): already destroyed
I/ActivityManager( 2091): Start proc 3046:com.google.android.googlequicksearchbox:interactor/u0a104 for service {com.google.android.googlequicksearchbox/com.google.android.voiceinteraction.GsaVoiceInteractionService}
D/vold    ( 1684): /dev/block/vold/public:253,80: LABEL="SDCARD" UUID="1200-2403" TYPE="vfat" 
D/vold    ( 1684): 
D/vold    ( 1684): /system/bin/fsck_msdos
D/vold    ( 1684):     -p
D/vold    ( 1684):     -f
D/vold    ( 1684):     -y
D/vold    ( 1684):     /dev/block/vold/public:253,80
I/BackupManagerService( 2091): Starting service for user: 0
D/ConnectivityService( 2091): Sending CONNECTED broadcast for type 0 NetworkAgentInfo [MOBILE (LTE) - 100] isDefaultNetwork=true
D/AutofillManagerServiceImpl( 2091): Set component for user 0 as ComponentInfo{com.google.android.gms/com.google.android.gms.autofill.service.AutofillService} and info as ServiceInfo{3d0b30f com.google.android.gms.autofill.service.AutofillService}
I/ActivityManager( 2091): User 0 state changed from RUNNING_UNLOCKING to RUNNING_UNLOCKED
D/SystemServerTiming( 2091): SystemUserUnlock took to complete: 1252ms
W/InputMethodManagerService( 2091): Illegal subtype state: old subtype = null, new subtype = android.view.inputmethod.InputMethodSubtype@70bfcd7e
W/Looper  ( 2091): Slow dispatch took 110ms main h=android.os.Handler c=null m=5000
I/ActivityTaskManager( 2091): Loading recents for user 0 into memory.
D/BackupManagerService( 2091): Started thread backup-0 for user 0
D/vold    ( 1684): /dev/block/vold/public:253,80: Free space in FSInfo block (261085) not correct (261082)
D/vold    ( 1684): 
D/vold    ( 1684): FIXED
D/vold    ( 1684): 
D/vold    ( 1684): /dev/block/vold/public:253,80: 33 files, 522164 free (261082 clusters)
D/vold    ( 1684): 
I/vold    ( 1684): Filesystem check completed OK
D/vold    ( 1684): Waiting for FUSE to spin up...
W/ActivityManager( 2091): Slow operation: 78ms so far, now at startProcess: done updating battery stats
W/ActivityManager( 2091): Slow operation: 79ms so far, now at startProcess: building log message
I/ActivityManager( 2091): Start proc 3079:com.android.se/1068 for added application com.android.se
W/ActivityManager( 2091): Slow operation: 79ms so far, now at startProcess: starting to update pids map
D/vold    ( 1684): Waiting for FUSE to spin up...
W/ActivityManager( 2091): Slow operation: 79ms so far, now at startProcess: done updating pids map
I/ActivityManager( 2091): Posting BOOT_COMPLETED user #0
W/ActivityManager( 2091): Slow operation: 79ms so far, now at startProcess: asking zygote to start proc
I/DropBoxManagerService( 2091): add tag=system_server_strictmode isTagEnabled=true flags=0x2
W/sdcard  ( 3087): Device explicitly enabled sdcardfs
W/Looper  ( 2091): Slow dispatch took 107ms android.ui h=com.android.server.am.ActivityManagerService$UiHandler c=null m=53
I/DropBoxManagerService( 2091): add tag=system_server_strictmode isTagEnabled=true flags=0x2
D/vold    ( 1684): Waiting for FUSE to spin up...
I/DropBoxManagerService( 2091): add tag=system_server_strictmode isTagEnabled=true flags=0x2
W/ActivityManager( 2091): Slow operation: 188ms so far, now at startProcess: returned from zygote!
I/DropBoxManagerService( 2091): add tag=system_server_strictmode isTagEnabled=true flags=0x2
I/DropBoxManagerService( 2091): add tag=system_server_strictmode isTagEnabled=true flags=0x2
W/ActivityManager( 2091): Slow operation: 99ms so far, now at attachApplicationLocked: immediately after bindApplication
W/ActivityManager( 2091): Slow operation: 100ms so far, now at attachApplicationLocked: after updateLruProcessLocked
I/DropBoxManagerService( 2091): add tag=system_server_strictmode isTagEnabled=true flags=0x2
I/chatty  ( 2091): uid=1000 system_server identical 1 line
I/DropBoxManagerService( 2091): add tag=system_server_strictmode isTagEnabled=true flags=0x2
W/ActivityManager( 2091): Slow operation: 145ms so far, now at attachApplicationLocked: after mServices.attachApplicationLocked
I/DropBoxManagerService( 2091): add tag=system_server_strictmode isTagEnabled=true flags=0x2
I/ActivityTaskManager( 2091): START u0 {act=android.intent.action.MAIN cat=[android.intent.category.HOME] flg=0x10000100 cmp=com.google.android.apps.nexuslauncher/.NexusLauncherActivity} from uid 0
I/DropBoxManagerService( 2091): add tag=system_server_strictmode isTagEnabled=true flags=0x2
W/ActivityManager( 2091): Slow operation: 73ms so far, now at getContentProviderImpl: after updateLruProcess
W/ActivityManager( 2091): Slow operation: 73ms so far, now at getContentProviderImpl: before updateOomAdj
W/ActivityManager( 2091): Slow operation: 73ms so far, now at getContentProviderImpl: after updateOomAdj
W/ActivityManager( 2091): Slow operation: 73ms so far, now at getContentProviderImpl: done!
I/AppWidgetServiceImpl( 2091): Processing of handleUserUnlocked u0 took 330 ms
W/Looper  ( 2091): Slow dispatch took 330ms android.fg h=android.os.Handler c=com.android.server.am.-$$Lambda$UserController$Injector$MYTLl7MOQKjyMJknWdxPeBLoPCc@3aecc87 m=0
I/TelecomFramework( 2401): : Carrier-config changed, checking for phone account updates.
W/ActivityManager( 2091): Slow operation: 419ms so far, now at startProcess: done updating battery stats
W/ActivityManager( 2091): Slow operation: 419ms so far, now at startProcess: building log message
I/ActivityManager( 2091): Start proc 3106:com.android.ims.rcsservice/1001 for added application com.android.ims.rcsservice
W/ActivityManager( 2091): Slow operation: 422ms so far, now at startProcess: starting to update pids map
W/ActivityManager( 2091): Slow operation: 432ms so far, now at startProcess: done updating pids map
W/ActivityManager( 2091): Slow operation: 430ms so far, now at startProcess: asking zygote to start proc
W/Looper  ( 2091): Slow delivery took 331ms android.fg h=android.os.Handler c=com.android.server.am.-$$Lambda$UserController$I0p0bKjuvsSPLZB71mKQFfdUjZ4@437d95 m=0
W/Looper  ( 2091): Slow dispatch took 269ms android.ui h=com.android.server.am.ActivityManagerService$UiHandler c=null m=53
W/Looper  ( 2091): Slow delivery took 200ms android.ui h=com.android.server.wm.BarController$BarHandler c=com.android.server.wm.-$$Lambda$StatusBarController$1$x4q7e0Eysf0ynMSdT1A-JN_ucuI@8b65e38 m=0
W/ActivityManager( 2091): Slow operation: 501ms so far, now at startProcess: returned from zygote!
W/ActivityManager( 2091): Slow operation: 535ms so far, now at startProcess: done updating battery stats
W/ActivityManager( 2091): Slow operation: 535ms so far, now at startProcess: building log message
I/ActivityManager( 2091): Start proc 3157:com.android.emulator.multidisplay/1000 for added application com.android.emulator.multidisplay
W/ActivityManager( 2091): Slow operation: 535ms so far, now at startProcess: starting to update pids map
W/ActivityManager( 2091): Slow operation: 536ms so far, now at startProcess: done updating pids map
W/ActivityManager( 2091): Slow operation: 283ms so far, now at startProcess: asking zygote to start proc
W/Looper  ( 2091): Slow dispatch took 152ms android.fg h=com.android.server.location.GnssLocationProvider$ProviderHandler c=android.app.-$$Lambda$LoadedApk$ReceiverDispatcher$Args$_BumDX2UKsnxLVrE6UJsJZkotuA@6f60c6f m=0
W/ActivityManager( 2091): Slow operation: 376ms so far, now at startProcess: returned from zygote!
I/TelecomFramework( 2401): AccountEntry: reRegisterPstnPhoneAccount: subId: 1 - no change
W/ActivityManager( 2091): Slow operation: 425ms so far, now at startProcess: done updating battery stats
W/ActivityManager( 2091): Slow operation: 425ms so far, now at startProcess: building log message
I/ActivityManager( 2091): Start proc 3174:com.google.android.googlequicksearchbox:search/u0a104 for service {com.google.android.googlequicksearchbox/com.google.android.apps.gsa.tasks.BackgroundTasksJobService}
W/ActivityManager( 2091): Slow operation: 425ms so far, now at startProcess: starting to update pids map
W/ActivityManager( 2091): Slow operation: 426ms so far, now at startProcess: done updating pids map
W/ActivityManager( 2091): Slow operation: 409ms so far, now at startProcess: asking zygote to start proc
W/ActivityManager( 2091): Slow operation: 464ms so far, now at startProcess: returned from zygote!
D/ConnectivityService( 2091): NetworkAgentInfo [MOBILE (LTE) - 100] validation passed
W/Looper  ( 2091): Drained
D/ConnectivityService( 2091): Setting DNS servers for network 100 to [/10.0.2.3]
D/DnsManager( 2091): setDnsConfigurationForNetwork(100, [10.0.2.3], [], 1800, 25, 8, 64, 0, 0, , [10.0.2.3])
W/ActivityManager( 2091): Slow operation: 87ms so far, now at attachApplicationLocked: immediately after bindApplication
W/ActivityManager( 2091): Slow operation: 87ms so far, now at attachApplicationLocked: after updateLruProcessLocked
W/ActivityManager( 2091): Slow operation: 99ms so far, now at attachApplicationLocked: after mServices.attachApplicationLocked
W/ActivityManager( 2091): Slow operation: 579ms so far, now at startProcess: done updating battery stats
W/ActivityManager( 2091): Slow operation: 579ms so far, now at startProcess: building log message
I/ActivityManager( 2091): Start proc 3213:com.android.externalstorage/u0a44 for broadcast {com.android.externalstorage/com.android.externalstorage.MountReceiver}
W/ActivityManager( 2091): Slow operation: 579ms so far, now at startProcess: starting to update pids map
W/ActivityManager( 2091): Slow operation: 579ms so far, now at startProcess: done updating pids map
W/ActivityManager( 2091): Slow operation: 157ms so far, now at startProcess: asking zygote to start proc
E/BackupPasswordManager( 2091): Unable to read backup pw version
E/BackupPasswordManager( 2091): Unable to read saved backup pw hash
W/Looper  ( 2091): Slow dispatch took 226ms android.fg h=android.os.Handler c=android.app.-$$Lambda$LoadedApk$ReceiverDispatcher$Args$_BumDX2UKsnxLVrE6UJsJZkotuA@4f56a4 m=0
W/ActivityManager( 2091): Slow operation: 244ms so far, now at startProcess: returned from zygote!
W/ActivityManager( 2091): Slow operation: 283ms so far, now at startProcess: done updating battery stats
W/ActivityManager( 2091): Slow operation: 284ms so far, now at startProcess: building log message
I/ActivityManager( 2091): Start proc 3244:com.android.smspush/u0a80 for service {com.android.smspush/com.android.smspush.WapPushManager}
W/ActivityManager( 2091): Slow operation: 284ms so far, now at startProcess: starting to update pids map
W/ActivityManager( 2091): Slow operation: 284ms so far, now at startProcess: done updating pids map
W/Looper  ( 2091): Slow dispatch took 308ms android.ui h=com.android.server.am.ActivityManagerService$UiHandler c=null m=53
D/StorageManagerService( 2091): Volume public:253,80 broadcasting mounted to UserHandle{0}
D/StorageManagerService( 2091): Volume emulated broadcasting mounted to UserHandle{0}
W/ActivityManager( 2091): Slow operation: 86ms so far, now at startProcess: returned from zygote!
W/ActivityManager( 2091): Slow operation: 92ms so far, now at attachApplicationLocked: after mServices.attachApplicationLocked
W/ActivityManager( 2091): Slow operation: 124ms so far, now at startProcess: done updating battery stats
W/ActivityManager( 2091): Slow operation: 124ms so far, now at startProcess: building log message
I/ActivityManager( 2091): Start proc 3283:com.google.process.gapps/u0a101 for content provider {com.google.android.gsf/com.google.android.gsf.settings.GoogleSettingsProvider}
W/ActivityManager( 2091): Slow operation: 124ms so far, now at startProcess: starting to update pids map
W/ActivityManager( 2091): Slow operation: 125ms so far, now at startProcess: done updating pids map
W/Looper  ( 2091): Slow dispatch took 132ms android.ui h=com.android.server.am.ActivityManagerService$UiHandler c=null m=53
W/ActivityManager( 2091): Slow operation: 70ms so far, now at startProcess: returned from zygote!
W/ActivityManager( 2091): Slow operation: 54ms so far, now at attachApplicationLocked: immediately after bindApplication
W/ActivityManager( 2091): Slow operation: 54ms so far, now at attachApplicationLocked: after updateLruProcessLocked
W/ActivityManager( 2091): Slow operation: 66ms so far, now at attachApplicationLocked: after mServices.attachApplicationLocked
W/ActivityManager( 2091): Slow operation: 71ms so far, now at attachApplicationLocked: after updateOomAdjLocked
W/ActivityManager( 2091): Slow operation: 141ms so far, now at startProcess: done updating battery stats
W/ActivityManager( 2091): Slow operation: 141ms so far, now at startProcess: building log message
I/ActivityManager( 2091): Start proc 3308:com.google.android.apps.messaging/u0a120 for broadcast {com.google.android.apps.messaging/com.google.android.apps.messaging.shared.receiver.RestoreReceiver}
W/ActivityManager( 2091): Slow operation: 141ms so far, now at startProcess: starting to update pids map
W/ActivityManager( 2091): Slow operation: 141ms so far, now at startProcess: done updating pids map
W/ActivityManager( 2091): Slow operation: 153ms so far, now at attachApplicationLocked: immediately after bindApplication
W/ActivityManager( 2091): Slow operation: 153ms so far, now at attachApplicationLocked: after updateLruProcessLocked
W/ActivityManager( 2091): Slow operation: 154ms so far, now at attachApplicationLocked: after mServices.attachApplicationLocked
W/ActivityManager( 2091): Slow operation: 162ms so far, now at attachApplicationLocked: after sendPendingBroadcastsLocked
W/Looper  ( 2091): Slow dispatch took 1691ms main h=com.android.server.job.JobSchedulerService$JobHandler c=null m=1
W/Looper  ( 2091): Slow delivery took 1774ms main h=com.android.server.trust.TrustManagerService$2 c=null m=11
W/Looper  ( 2091): Slow dispatch took 654ms android.fg h=android.net.ConnectivityManager$CallbackHandler c=null m=524290
W/ActivityManager( 2091): Slow operation: 69ms so far, now at startProcess: done updating battery stats
W/ActivityManager( 2091): Slow operation: 69ms so far, now at startProcess: building log message
I/ActivityManager( 2091): Start proc 3348:com.google.android.projection.gearhead:shared/u0a95 for service {com.google.android.projection.gearhead/com.google.android.apps.auto.components.app.fzero.LauncherIconStateVerificationService}
W/ActivityManager( 2091): Slow operation: 69ms so far, now at startProcess: starting to update pids map
W/ActivityManager( 2091): Slow operation: 76ms so far, now at startProcess: done updating pids map
--------- beginning of main
W/android.os.Debug( 2091): failed to get memory consumption info: -1
W/gearhead:share( 3348): Unexpected CPU variant for X86 using defaults: x86
I/m.android.phon( 2401): Background concurrent copying GC freed 14030(1561KB) AllocSpace objects, 1(16KB) LOS objects, 49% free, 1685KB/3370KB, paused 747us total 158.995ms
I/SyncManager( 2091): Loaded persisted syncs: 0 periodic syncs, 0 oneshot syncs, 11 total system server jobs, JobStats: FirstLoad: 48/2/0 LastSave: -1/-1/-1
I/Choreographer( 2259): Skipped 36 frames!  The application may be doing too much work on its main thread.
D/EGL_emulation( 2259): eglMakeCurrent: 0xf037fe20: ver 3 1 (tinfo 0xd9c0ec40)
I/MultiDex( 3308): VM with version 2.1.0 has multidex support
I/MultiDex( 3308): install
I/MultiDex( 3308): VM has multidex support, MultiDex support library is disabled.
D/IccSmsInterfaceManager( 2401): [IccSmsInterfaceManager] Calling setGsmBroadcastConfig with 1 configurations
D/NetworkPolicy( 2091): Updated NetworkPolicy{template=NetworkTemplate: matchRule=MOBILE, subscriberId=310260..., matchSubscriberIds=[310260...] cycleRule=RecurrenceRule{start=2019-01-03T00:00Z[GMT] end=null period=P1M} warningBytes=2147483648 limitBytes=-1 lastWarningSnooze=-1 lastLimitSnooze=-1 lastRapidSnooze=-1 metered=true inferred=true} to NetworkPolicy{template=NetworkTemplate: matchRule=MOBILE, subscriberId=310260..., matchSubscriberIds=[310260...] cycleRule=RecurrenceRule{start=2019-01-03T00:00-05:00[America/New_York] end=null period=P1M} warningBytes=2147483648 limitBytes=-1 lastWarningSnooze=-1 lastLimitSnooze=-1 lastRapidSnooze=-1 metered=true inferred=true}
I/CarrierInfoManager( 2401): using values for mnc, mcc: 260,310
I/.apps.messagin( 3308): WaitForGcToComplete blocked ClassLinker on None for 21.400ms
D/IccSmsInterfaceManager( 2401): [IccSmsInterfaceManager] Failed to add GSM cell broadcast channels range 4396 to 4396
D/CarrierInfoManager( 2401): No rows found for keyType: 2
D/IccSmsInterfaceManager( 2401): [IccSmsInterfaceManager] Calling setGsmBroadcastConfig with 1 configurations
D/IccSmsInterfaceManager( 2401): [IccSmsInterfaceManager] Failed to add GSM cell broadcast channels range 4397 to 4397
W/Looper  ( 2091): Drained
W/Looper  ( 2091): Slow dispatch took 128ms android.ui h=com.android.server.am.ActivityManagerService$UiHandler c=null m=53
D/IccSmsInterfaceManager( 2401): [IccSmsInterfaceManager] Failed to remove GSM cell broadcast channels range 4398 to 4398
W/Looper  ( 2091): Slow dispatch took 237ms main h=android.app.ActivityThread$H c=android.app.-$$Lambda$LoadedApk$ReceiverDispatcher$Args$_BumDX2UKsnxLVrE6UJsJZkotuA@bd07608 m=0
D/IccSmsInterfaceManager( 2401): [IccSmsInterfaceManager] Failed to remove GSM cell broadcast channels range 4399 to 4399
W/DynamiteModule( 2586): Local module descriptor class for com.google.android.gms.googlecertificates not found.
D/ApplicationLoaders( 3348): Returning zygote-cached class loader: /system/framework/android.hidl.base-V1.0-java.jar
D/ApplicationLoaders( 3348): Returning zygote-cached class loader: /system/framework/android.hidl.manager-V1.0-java.jar
D/ApplicationLoaders( 3348): Returning zygote-cached class loader: /system/framework/android.hidl.base-V1.0-java.jar
I/Telecom ( 2091): PhoneAccountRegistrar: getSimCallManager: SimCallManager for subId 1 queried, returning: null: TSI.gSCMFU@AD4
I/netd    ( 1776): bandwidthRemoveInterfaceQuota("radio0") <4.70ms>
I/netd    ( 1776): bandwidthSetInterfaceQuota("radio0", 9223372036854775807) <2.76ms>
I/netd    ( 1776): bandwidthSetGlobalAlert(2097152) <0.18ms>
I/hbox:interacto( 3046): Background young concurrent copying GC freed 8687(1597KB) AllocSpace objects, 0(0B) LOS objects, 81% free, 1398KB/7542KB, paused 9.195ms total 72.408ms
I/netd    ( 1776): bandwidthRemoveInterfaceQuota("radio0") <3.51ms>
I/gearhead:share( 3348): The ClassLoaderContext is a special shared library.
I/netd    ( 1776): bandwidthSetInterfaceQuota("radio0", 9223372036854775807) <2.20ms>
I/netd    ( 1776): bandwidthSetGlobalAlert(2097152) <0.11ms>
I/chatty  ( 3025): uid=10101(com.google.android.gms) com.google.process.gservices expire 1 line
I/AccountManagerService( 2091): User 0 is unlocked - opening CE database
D/CellBroadcastConfigService( 2725): Enable CellBroadcast on sub 1
D/Zygote  ( 1777): Forked child process 3393
I/chatty  ( 1792): uid=1021(gps) gnss@1.0-servic expire 20 lines
D/ProtoStore( 2542): no cached data
D/ProtoStore( 2542): no cached data
I/JapaneseMozcExtension( 2586): onCreateServiceInternal()
W/Looper  ( 2091): Slow dispatch took 242ms android.fg h=com.android.server.AppStateTracker$MyHandler c=null m=0
W/d.process.acor( 3393): Unexpected CPU variant for X86 using defaults: x86
W/Looper  ( 2091): Slow delivery took 251ms android.fg h=com.android.server.AppStateTracker$MyHandler c=null m=1
W/ActivityManager( 2091): Slow operation: 111ms so far, now at startProcess: returned from zygote!
W/ActivityManager( 2091): Slow operation: 112ms so far, now at startProcess: done updating battery stats
W/ActivityManager( 2091): Slow operation: 112ms so far, now at startProcess: building log message
I/ActivityManager( 2091): Start proc 3393:android.process.acore/u0a46 for content provider {com.android.providers.blockednumber/com.android.providers.blockednumber.BlockedNumberProvider}
W/ActivityManager( 2091): Slow operation: 112ms so far, now at startProcess: starting to update pids map
W/ActivityManager( 2091): Slow operation: 118ms so far, now at startProcess: done updating pids map
I/ConfigNotification( 2586): Get device mode by ui mode:1 and smallestScreenWidthDp:411
I/chatty  ( 2586): uid=10127(com.google.android.inputmethod.latin) identical 500 lines
I/ConfigNotification( 2586): Get device mode by ui mode:1 and smallestScreenWidthDp:411
D/IccSmsInterfaceManager( 2401): [IccSmsInterfaceManager] Calling setGsmBroadcastConfig with 1 configurations
I/ShortcutsDataManager( 2586): onContentChanged()
D/IccSmsInterfaceManager( 2401): [IccSmsInterfaceManager] Failed to add GSM cell broadcast channels range 4370 to 4370
D/IccSmsInterfaceManager( 2401): [IccSmsInterfaceManager] Calling setCdmaBroadcastConfig with 1 configurations
D/IccSmsInterfaceManager( 2401): [IccSmsInterfaceManager] Failed to add cdma broadcast channels range 4096 to 4096
D/IccSmsInterfaceManager( 2401): [IccSmsInterfaceManager] Calling setGsmBroadcastConfig with 1 configurations
I/ContactsDataManager( 2586): onContentChanged()
I/ConfigNotification( 2586): Get device mode by ui mode:1 and smallestScreenWidthDp:411
I/ConfigNotification( 2586): Get device mode by ui mode:1 and smallestScreenWidthDp:411
D/IccSmsInterfaceManager( 2401): [IccSmsInterfaceManager] Failed to add GSM cell broadcast channels range 4383 to 4383
I/EmailDataManager( 2586): onContentChanged()
W/InputReader( 2091): Device has associated, but no associated display id.
I/BackupManagerService( 2091): Backup enabled => false
I/chatty  ( 2091): uid=1000 system_server identical 8 lines
W/InputReader( 2091): Device has associated, but no associated display id.
I/ConfigNotification( 2586): Get device mode by ui mode:1 and smallestScreenWidthDp:411
I/ConfigNotification( 2586): Get device mode by ui mode:1 and smallestScreenWidthDp:411
I/MultiDex( 3348): VM with version 2.1.0 has multidex support
I/MultiDex( 3348): install
I/MultiDex( 3348): VM has multidex support, MultiDex support library is disabled.
I/ConfigNotification( 2586): Get device mode by ui mode:1 and smallestScreenWidthDp:411
I/ConfigNotification( 2586): Get device mode by ui mode:1 and smallestScreenWidthDp:411
I/Bugle   ( 3308): GServicesValues:
I/Bugle   ( 3308): bugle_enable_primes_battery_metrics: true
I/Bugle   ( 3308): bugle_enable_primes_crash_metrics: true
I/Bugle   ( 3308): bugle_enable_primes_latency_metrics: true
I/Bugle   ( 3308): bugle_enable_primes_memory_metrics: true
I/Bugle   ( 3308): bugle_enable_primes_network_metrics: true
I/Bugle   ( 3308): bugle_enable_primes_package_metrics: true
I/Bugle   ( 3308): bugle_max_telemetry_upload_retries: 10
I/Bugle   ( 3308): bugle_sticker_set_list_version: 3
D/IccSmsInterfaceManager( 2401): [IccSmsInterfaceManager] Calling setGsmBroadcastConfig with 1 configurations
I/ConfigNotification( 2586): Get device mode by ui mode:1 and smallestScreenWidthDp:411
I/ConfigNotification( 2586): Get device mode by ui mode:1 and smallestScreenWidthDp:411
D/TouchInteractionService( 2542): Touch service connected
I/ConfigNotification( 2586): Get device mode by ui mode:1 and smallestScreenWidthDp:411
I/.ims.rcsservic( 3106): Background young concurrent copying GC freed 5714(1568KB) AllocSpace objects, 0(0B) LOS objects, 86% free, 998KB/7142KB, paused 12.966ms total 123.435ms
I/ConfigNotification( 2586): Get device mode by ui mode:1 and smallestScreenWidthDp:411
W/Primes  ( 3348): Primes not initialized, returning default (no-op) Primes instance which will ignore all calls. Please call Primes.initialize(...) before using any Primes API.
I/ConfigNotification( 2586): Get device mode by ui mode:1 and smallestScreenWidthDp:411
D/IccSmsInterfaceManager( 2401): [IccSmsInterfaceManager] Failed to add GSM cell broadcast channels range 4371 to 4372
I/ConfigNotification( 2586): Get device mode by ui mode:1 and smallestScreenWidthDp:411
I/ConfigNotification( 2586): Get device mode by ui mode:1 and smallestScreenWidthDp:411
D/IccSmsInterfaceManager( 2401): [IccSmsInterfaceManager] Calling setCdmaBroadcastConfig with 1 configurations
E/OverlaySController( 3174): Calling with an invalid UID, the interface will not work
W/putmethod.lati( 2586): Long monitor contention with owner ExUtils-F-P2-1 (3330) at java.lang.String java.lang.Runtime.nativeLoad(java.lang.String, java.lang.ClassLoader, java.lang.Class)(Runtime.java:-2) waiters=0 in cbo cbo.a(android.content.Context) for 827ms
I/ConfigNotification( 2586): Get device mode by ui mode:1 and smallestScreenWidthDp:411
I/ConfigNotification( 2586): Get device mode by ui mode:1 and smallestScreenWidthDp:411
W/putmethod.lati( 2586): Unsupported class loader
D/IccSmsInterfaceManager( 2401): [IccSmsInterfaceManager] Failed to add cdma broadcast channels range 4097 to 4097
I/CAR.GH  ( 3348): onCreate
I/ConfigNotification( 2586): Get device mode by ui mode:1 and smallestScreenWidthDp:411
D/IccSmsInterfaceManager( 2401): [IccSmsInterfaceManager] Calling setGsmBroadcastConfig with 1 configurations
I/ConfigNotification( 2586): Get device mode by ui mode:1 and smallestScreenWidthDp:411
I/ConfigNotification( 2586): Get device mode by ui mode:1 and smallestScreenWidthDp:411
D/IccSmsInterfaceManager( 2401): [IccSmsInterfaceManager] Failed to add GSM cell broadcast channels range 4384 to 4385
I/ConfigNotification( 2586): Get device mode by ui mode:1 and smallestScreenWidthDp:411
I/ConfigNotification( 2586): Get device mode by ui mode:1 and smallestScreenWidthDp:411
D/LoaderTask( 2542): loadWorkspace: loading default favorites
I/ConfigNotification( 2586): Get device mode by ui mode:1 and smallestScreenWidthDp:411
I/ConfigNotification( 2586): Get device mode by ui mode:1 and smallestScreenWidthDp:411
I/putmethod.lati( 2586): Waiting for a blocking GC ClassLinker
I/ConfigNotification( 2586): Get device mode by ui mode:1 and smallestScreenWidthDp:411
I/EventBusThread( 3174): Event Bus thread starting with TID 3433
I/ConfigNotification( 2586): Get device mode by ui mode:1 and smallestScreenWidthDp:411
I/WindowManager( 2091): Timeout waiting for wallpaper to offset: Window{c1b73f1 u0 com.android.systemui.ImageWallpaper}
D/IccSmsInterfaceManager( 2401): [IccSmsInterfaceManager] Calling setGsmBroadcastConfig with 1 configurations
I/putmethod.lati( 2586): WaitForGcToComplete blocked ClassLinker on HeapTrim for 32.695ms
I/ConfigNotification( 2586): Get device mode by ui mode:1 and smallestScreenWidthDp:411
I/ConfigNotification( 2586): Get device mode by ui mode:1 and smallestScreenWidthDp:411
I/ConfigNotification( 2586): Get device mode by ui mode:1 and smallestScreenWidthDp:411
I/ConfigNotification( 2586): Get device mode by ui mode:1 and smallestScreenWidthDp:411
I/ConfigNotification( 2586): Get device mode by ui mode:1 and smallestScreenWidthDp:411
I/LocationAccessPolicy( 2091): Allowing com.google.android.apps.messaging fine because it doesn't target API 29 yet. Please fix this app. Called from TelephonyRegistry push
I/ConfigNotification( 2586): Get device mode by ui mode:1 and smallestScreenWidthDp:411
I/ConfigNotification( 2586): Get device mode by ui mode:1 and smallestScreenWidthDp:411
D/gralloc_ranchu( 1793): gralloc_alloc: Creating ashmem region of size 45056
I/ConfigNotification( 2586): Get device mode by ui mode:1 and smallestScreenWidthDp:411
W/ActivityManager( 2091): Slow operation: 140ms so far, now at attachApplicationLocked: immediately after bindApplication
W/ActivityManager( 2091): Slow operation: 140ms so far, now at attachApplicationLocked: after updateLruProcessLocked
W/ActivityManager( 2091): Slow operation: 140ms so far, now at attachApplicationLocked: after mServices.attachApplicationLocked
I/ConfigNotification( 2586): Get device mode by ui mode:1 and smallestScreenWidthDp:411
D/gralloc_ranchu( 1793): gralloc_alloc: Creating ashmem region of size 45056
I/ConfigNotification( 2586): Get device mode by ui mode:1 and smallestScreenWidthDp:411
I/ConfigNotification( 2586): Get device mode by ui mode:1 and smallestScreenWidthDp:411
D/IccSmsInterfaceManager( 2401): [IccSmsInterfaceManager] Failed to add GSM cell broadcast channels range 4373 to 4378
D/gralloc_ranchu( 1793): gralloc_alloc: Creating ashmem region of size 45056
I/ConfigNotification( 2586): Get device mode by ui mode:1 and smallestScreenWidthDp:411
W/ActivityManager( 2091): Slow operation: 155ms so far, now at attachApplicationLocked: after updateOomAdjLocked
I/ConfigNotification( 2586): Get device mode by ui mode:1 and smallestScreenWidthDp:411
D/IccSmsInterfaceManager( 2401): [IccSmsInterfaceManager] Calling setCdmaBroadcastConfig with 1 configurations
I/ConfigNotification( 2586): Get device mode by ui mode:1 and smallestScreenWidthDp:411
I/ConfigNotification( 2586): Get device mode by ui mode:1 and smallestScreenWidthDp:411
I/DynamiteModule( 2586): Considering local module com.google.android.gms.googlecertificates:0 and remote module com.google.android.gms.googlecertificates:4
I/DynamiteModule( 2586): Selected remote version of com.google.android.gms.googlecertificates, version >= 4
I/ConfigNotification( 2586): Get device mode by ui mode:1 and smallestScreenWidthDp:411
I/ConfigNotification( 2586): Get device mode by ui mode:1 and smallestScreenWidthDp:411
D/gralloc_ranchu( 1793): gralloc_alloc: Creating ashmem region of size 45056
I/ConfigNotification( 2586): Get device mode by ui mode:1 and smallestScreenWidthDp:411
W/Looper  ( 2091): Drained
I/ConfigNotification( 2586): Get device mode by ui mode:1 and smallestScreenWidthDp:411
D/IccSmsInterfaceManager( 2401): [IccSmsInterfaceManager] Failed to add cdma broadcast channels range 4098 to 4098
D/IccSmsInterfaceManager( 2401): [IccSmsInterfaceManager] Calling setGsmBroadcastConfig with 1 configurations
I/ConfigNotification( 2586): Get device mode by ui mode:1 and smallestScreenWidthDp:411
D/IccSmsInterfaceManager( 2401): [IccSmsInterfaceManager] Failed to add GSM cell broadcast channels range 4386 to 4391
I/ConfigNotification( 2586): Get device mode by ui mode:1 and smallestScreenWidthDp:411
I/ConfigNotification( 2586): Get device mode by ui mode:1 and smallestScreenWidthDp:411
I/d.process.acor( 3393): The ClassLoaderContext is a special shared library.
D/HostConnection( 2542): HostConnection::get() New Host Connection established 0xdd04cd70, tid 3295
D/HostConnection( 2542): HostComposition ext ANDROID_EMU_CHECKSUM_HELPER_v1 ANDROID_EMU_native_sync_v2 ANDROID_EMU_native_sync_v3 ANDROID_EMU_native_sync_v4 ANDROID_EMU_dma_v1 ANDROID_EMU_direct_mem ANDROID_EMU_host_composition_v1 ANDROID_EMU_host_composition_v2 ANDROID_EMU_vulkan ANDROID_EMU_deferred_vulkan_commands ANDROID_EMU_vulkan_null_optional_strings ANDROID_EMU_vulkan_create_resources_with_requirements ANDROID_EMU_YUV420_888_to_NV21 ANDROID_EMU_YUV_Cache ANDROID_EMU_async_unmap_buffer GL_OES_EGL_image_external_essl3 GL_OES_vertex_array_object GL_KHR_texture_compression_astc_ldr ANDROID_EMU_gles_max_version_3_1 
D/gralloc_ranchu( 1793): gralloc_alloc: Creating ashmem region of size 45056
I/hwservicemanager( 1680): getTransport: Cannot find entry android.hardware.graphics.mapper@3.0::IMapper/default in either framework or device manifest.
W/OpenGLRenderer( 2542): Failed to choose config with EGL_SWAP_BEHAVIOR_PRESERVED, retrying without...
W/Gralloc3( 2542): mapper 3.x is not supported
D/EGL_emulation( 2542): eglCreateContext: 0xdd01aae0: maj 3 min 1 rcv 4
D/gralloc_ranchu( 1793): gralloc_alloc: Creating ashmem region of size 45056
D/EGL_emulation( 2542): eglMakeCurrent: 0xdd01aae0: ver 3 1 (tinfo 0xdd00f9f0)
I/ConfigNotification( 2586): Get device mode by ui mode:1 and smallestScreenWidthDp:411
I/ConfigNotification( 2586): Get device mode by ui mode:1 and smallestScreenWidthDp:411
E/eglCodecCommon( 2542): glUtilsParamSize: unknow param 0x000082da
D/IccSmsInterfaceManager( 2401): [IccSmsInterfaceManager] Calling setGsmBroadcastConfig with 1 configurations
E/eglCodecCommon( 2542): glUtilsParamSize: unknow param 0x000082da
D/EGL_emulation( 2259): eglMakeCurrent: 0xf037fe20: ver 3 1 (tinfo 0xd9c0ec40)
D/IccSmsInterfaceManager( 2401): [IccSmsInterfaceManager] Failed to add GSM cell broadcast channels range 4379 to 4379
I/d.process.acor( 3393): The ClassLoaderContext is a special shared library.
I/hwservicemanager( 1680): getTransport: Cannot find entry android.hardware.graphics.allocator@3.0::IAllocator/default in either framework or device manifest.
W/Gralloc3( 2542): allocator 3.x is not supported
D/IccSmsInterfaceManager( 2401): [IccSmsInterfaceManager] Calling setCdmaBroadcastConfig with 1 configurations
D/IccSmsInterfaceManager( 2401): [IccSmsInterfaceManager] Failed to add cdma broadcast channels range 4099 to 4099
I/ConfigNotification( 2586): Get device mode by ui mode:1 and smallestScreenWidthDp:411
D/gralloc_ranchu( 1793): gralloc_alloc: Creating ashmem region of size 143360
I/ConfigNotification( 2586): Get device mode by ui mode:1 and smallestScreenWidthDp:411
D/IccSmsInterfaceManager( 2401): [IccSmsInterfaceManager] Calling setGsmBroadcastConfig with 1 configurations
D/HostConnection( 2542): createUnique: call
D/HostConnection( 2542): HostConnection::get() New Host Connection established 0xdd04ceb0, tid 3088
D/IccSmsInterfaceManager( 2401): [IccSmsInterfaceManager] Failed to add GSM cell broadcast channels range 4392 to 4392
I/ConfigNotification( 2586): Get device mode by ui mode:1 and smallestScreenWidthDp:411
I/ConfigNotification( 2586): Get device mode by ui mode:1 and smallestScreenWidthDp:411
D/HostConnection( 2542): HostComposition ext ANDROID_EMU_CHECKSUM_HELPER_v1 ANDROID_EMU_native_sync_v2 ANDROID_EMU_native_sync_v3 ANDROID_EMU_native_sync_v4 ANDROID_EMU_dma_v1 ANDROID_EMU_direct_mem ANDROID_EMU_host_composition_v1 ANDROID_EMU_host_composition_v2 ANDROID_EMU_vulkan ANDROID_EMU_deferred_vulkan_commands ANDROID_EMU_vulkan_null_optional_strings ANDROID_EMU_vulkan_create_resources_with_requirements ANDROID_EMU_YUV420_888_to_NV21 ANDROID_EMU_YUV_Cache ANDROID_EMU_async_unmap_buffer GL_OES_EGL_image_external_essl3 GL_OES_vertex_array_object GL_KHR_texture_compression_astc_ldr ANDROID_EMU_gles_max_version_3_1 
D/eglCodecCommon( 2542): allocate: Ask for block of size 0x1000
D/eglCodecCommon( 2542): allocate: ioctl allocate returned offset 0x3ffffa000 size 0x2000
I/ConfigNotification( 2586): Get device mode by ui mode:1 and smallestScreenWidthDp:411
D/WificondControl( 2091): Scan result ready event
I/ConfigNotification( 2586): Get device mode by ui mode:1 and smallestScreenWidthDp:411
I/ConfigNotification( 2586): Get device mode by ui mode:1 and smallestScreenWidthDp:411
I/or.multidispla( 3157): Background young concurrent copying GC freed 5011(1503KB) AllocSpace objects, 0(0B) LOS objects, 86% free, 961KB/7105KB, paused 1.117ms total 185.538ms
I/ConfigNotification( 2586): Get device mode by ui mode:1 and smallestScreenWidthDp:411
I/ConfigNotification( 2586): Get device mode by ui mode:1 and smallestScreenWidthDp:411
W/putmethod.lati( 2586): Verification of int af.a(android.content.Context, do, int, do, boolean) took 102.732ms
I/d.process.acor( 3393): The ClassLoaderContext is a special shared library.
D/HostConnection( 2542): HostConnection::get() New Host Connection established 0xdd04cff0, tid 3452
D/IccSmsInterfaceManager( 2401): [IccSmsInterfaceManager] Failed to remove GSM cell broadcast channels range 4380 to 4380
I/ConfigNotification( 2586): Get device mode by ui mode:1 and smallestScreenWidthDp:411
I/ConfigNotification( 2586): Get device mode by ui mode:1 and smallestScreenWidthDp:411
D/WifiClientModeImpl( 2091): CMD_START_CONNECT sup state UninitializedState my state DisconnectedState nid=0 roam=false
I/ConfigNotification( 2586): Get device mode by ui mode:1 and smallestScreenWidthDp:411
D/IccSmsInterfaceManager( 2401): [IccSmsInterfaceManager] Failed to remove cdma broadcast channels range 4100 to 4100
I/ConfigNotification( 2586): Get device mode by ui mode:1 and smallestScreenWidthDp:411
I/ConfigNotification( 2586): Get device mode by ui mode:1 and smallestScreenWidthDp:411
D/IccSmsInterfaceManager( 2401): [IccSmsInterfaceManager] Failed to remove GSM cell broadcast channels range 4393 to 4393
I/chatty  ( 2961): uid=10101(com.google.android.gms) expire 1 line
I/ContactsPerf( 3393): VoicemailContentProvider.onCreate start
I/ConfigNotification( 2586): Get device mode by ui mode:1 and smallestScreenWidthDp:411
I/ConfigNotification( 2586): Get device mode by ui mode:1 and smallestScreenWidthDp:411
D/FirebaseApp( 3308): com.google.firebase.auth.FirebaseAuth is not linked. Skipping initialization.
D/FirebaseApp( 3308): com.google.firebase.crash.FirebaseCrash is not linked. Skipping initialization.
D/HostConnection( 2542): HostComposition ext ANDROID_EMU_CHECKSUM_HELPER_v1 ANDROID_EMU_native_sync_v2 ANDROID_EMU_native_sync_v3 ANDROID_EMU_native_sync_v4 ANDROID_EMU_dma_v1 ANDROID_EMU_direct_mem ANDROID_EMU_host_composition_v1 ANDROID_EMU_host_composition_v2 ANDROID_EMU_vulkan ANDROID_EMU_deferred_vulkan_commands ANDROID_EMU_vulkan_null_optional_strings ANDROID_EMU_vulkan_create_resources_with_requirements ANDROID_EMU_YUV420_888_to_NV21 ANDROID_EMU_YUV_Cache ANDROID_EMU_async_unmap_buffer GL_OES_EGL_image_external_essl3 GL_OES_vertex_array_object GL_KHR_texture_compression_astc_ldr ANDROID_EMU_gles_max_version_3_1 
W/OpenGLRenderer( 2542): Failed to choose config with EGL_SWAP_BEHAVIOR_PRESERVED, retrying without...
D/IccSmsInterfaceManager( 2401): [IccSmsInterfaceManager] Failed to remove GSM cell broadcast channels range 4381 to 4381
I/WifiClientModeImpl( 2091): Connecting with 02:15:b2:00:00:00 as the mac address
W/wificond( 1853): Scan is not started. Ignore abort request
D/EGL_emulation( 2542): eglCreateContext: 0xdd01b320: maj 3 min 1 rcv 4
D/EGL_emulation( 2542): eglMakeCurrent: 0xdd01b320: ver 3 1 (tinfo 0xdd0f52e0)
D/SupplicantStaIfaceHal( 2091): connectToNetwork "AndroidWifi"NONE
I/SupplicantStaIfaceHal( 2091): addSupplicantStaNetwork via HIDL
D/IccSmsInterfaceManager( 2401): [IccSmsInterfaceManager] Failed to remove GSM cell broadcast channels range 4394 to 4394
I/ConfigNotification( 2586): Get device mode by ui mode:1 and smallestScreenWidthDp:411
I/ConfigNotification( 2586): Get device mode by ui mode:1 and smallestScreenWidthDp:411
E/eglCodecCommon( 2542): glUtilsParamSize: unknow param 0x000082da
E/eglCodecCommon( 2542): glUtilsParamSize: unknow param 0x000082da
D/HostConnection( 2542): HostConnection::get() New Host Connection established 0xdd04cf50, tid 3088
I/FirebaseInitProvider( 3308): FirebaseApp initialization successful
I/CAR.GH  ( 3348): Process: SHARED_SERVICE
W/PrimesInit( 3348): Primes instant initialization
I/ConfigNotification( 2586): Get device mode by ui mode:1 and smallestScreenWidthDp:411
D/HostConnection( 2542): HostComposition ext ANDROID_EMU_CHECKSUM_HELPER_v1 ANDROID_EMU_native_sync_v2 ANDROID_EMU_native_sync_v3 ANDROID_EMU_native_sync_v4 ANDROID_EMU_dma_v1 ANDROID_EMU_direct_mem ANDROID_EMU_host_composition_v1 ANDROID_EMU_host_composition_v2 ANDROID_EMU_vulkan ANDROID_EMU_deferred_vulkan_commands ANDROID_EMU_vulkan_null_optional_strings ANDROID_EMU_vulkan_create_resources_with_requirements ANDROID_EMU_YUV420_888_to_NV21 ANDROID_EMU_YUV_Cache ANDROID_EMU_async_unmap_buffer GL_OES_EGL_image_external_essl3 GL_OES_vertex_array_object GL_KHR_texture_compression_astc_ldr ANDROID_EMU_gles_max_version_3_1 
I/ConfigNotification( 2586): Get device mode by ui mode:1 and smallestScreenWidthDp:411
I/ConfigNotification( 2586): Get device mode by ui mode:1 and smallestScreenWidthDp:411
D/IccSmsInterfaceManager( 2401): [IccSmsInterfaceManager] Failed to remove GSM cell broadcast channels range 4382 to 4382
D/IccSmsInterfaceManager( 2401): [IccSmsInterfaceManager] Failed to remove GSM cell broadcast channels range 4395 to 4395
I/ContactsPerf( 3393): VoicemailContentProvider.onCreate finish
W/Primes  ( 3348): background initialization
I/ConfigNotification( 2586): Get device mode by ui mode:1 and smallestScreenWidthDp:411
I/ConfigNotification( 2586): Get device mode by ui mode:1 and smallestScreenWidthDp:411
D/IccSmsInterfaceManager( 2401): [IccSmsInterfaceManager] Calling setGsmBroadcastConfig with 1 configurations
I/droid.deskcloc( 2834): Waiting for a blocking GC ProfileSaver
I/ConfigNotification( 2586): Get device mode by ui mode:1 and smallestScreenWidthDp:411
I/ConfigNotification( 2586): Get device mode by ui mode:1 and smallestScreenWidthDp:411
D/IccSmsInterfaceManager( 2401): [IccSmsInterfaceManager] Failed to add GSM cell broadcast channels range 4352 to 4354
I/android.smspus( 3244): Background young concurrent copying GC freed 6566(1774KB) AllocSpace objects, 0(0B) LOS objects, 86% free, 964KB/7108KB, paused 64.574ms total 162.712ms
D/IccSmsInterfaceManager( 2401): [IccSmsInterfaceManager] Calling setGsmBroadcastConfig with 1 configurations
I/ConfigNotification( 2586): Get device mode by ui mode:1 and smallestScreenWidthDp:411
I/ConfigNotification( 2586): Get device mode by ui mode:1 and smallestScreenWidthDp:411
I/ConfigNotification( 2586): Get device mode by ui mode:1 and smallestScreenWidthDp:411
D/IccSmsInterfaceManager( 2401): [IccSmsInterfaceManager] Failed to add GSM cell broadcast channels range 4356 to 4356
I/ConfigNotification( 2586): Get device mode by ui mode:1 and smallestScreenWidthDp:411
I/ConfigNotification( 2586): Get device mode by ui mode:1 and smallestScreenWidthDp:411
I/wpa_supplicant( 2320): wlan0: SME: Trying to authenticate with 02:15:b2:00:01:00 (SSID='AndroidWifi' freq=2447 MHz)
I/ConfigNotification( 2586): Get device mode by ui mode:1 and smallestScreenWidthDp:411
D/CountryDetector( 2091): The first listener is added
I/ConfigNotification( 2586): Get device mode by ui mode:1 and smallestScreenWidthDp:411
I/ContactsDatabaseHelper( 3393): updateUseStrictPhoneNumberComparison: US
I/PrimesTesting( 3348): GserviceFlagsSupplier.get()
D/ActivityThread( 3393): Loading provider contacts;com.android.contacts: com.android.providers.contacts.ContactsProvider2
I/ConfigNotification( 2586): Get device mode by ui mode:1 and smallestScreenWidthDp:411
I/ConfigNotification( 2586): Get device mode by ui mode:1 and smallestScreenWidthDp:411
D/IccSmsInterfaceManager( 2401): [IccSmsInterfaceManager] Failed to remove GSM cell broadcast channels range 4355 to 4355
I/droid.deskcloc( 2834): WaitForGcToComplete blocked ProfileSaver on ClassLinker for 158.775ms
I/ConfigNotification( 2586): Get device mode by ui mode:1 and smallestScreenWidthDp:411
I/ConfigNotification( 2586): Get device mode by ui mode:1 and smallestScreenWidthDp:411
I/hostapd ( 1989): wlan1: STA 02:15:b2:00:00:00 IEEE 802.11: authenticated
I/hostapd ( 1989): wlan1: STA 02:15:b2:00:00:00 IEEE 802.11: authenticated
I/wpa_supplicant( 2320): wlan0: Trying to associate with 02:15:b2:00:01:00 (SSID='AndroidWifi' freq=2447 MHz)
I/ConfigNotification( 2586): Get device mode by ui mode:1 and smallestScreenWidthDp:411
I/ConfigNotification( 2586): Get device mode by ui mode:1 and smallestScreenWidthDp:411
I/hostapd ( 1989): wlan1: STA 02:15:b2:00:00:00 IEEE 802.11: associated (aid 1)
I/hostapd ( 1989): wlan1: STA 02:15:b2:00:00:00 IEEE 802.11: associated (aid 1)
I/hostapd ( 1989): wlan1: AP-STA-CONNECTED 02:15:b2:00:00:00
I/ConfigNotification( 2586): Get device mode by ui mode:1 and smallestScreenWidthDp:411
I/ConfigNotification( 2586): Get device mode by ui mode:1 and smallestScreenWidthDp:411
I/chatty  ( 2773): uid=10101 com.google.android.gms.persistent expire 8 lines
I/ConfigNotification( 2586): Get device mode by ui mode:1 and smallestScreenWidthDp:411
I/ConfigNotification( 2586): Get device mode by ui mode:1 and smallestScreenWidthDp:411
I/wpa_supplicant( 2320): wlan0: Associated with 02:15:b2:00:01:00
I/wpa_supplicant( 2320): wlan0: CTRL-EVENT-CONNECTED - Connection to 02:15:b2:00:01:00 completed [id=0 id_str=%7B%22configKey%22%3A%22%5C%22AndroidWifi%5C%22NONE%22%2C%22creatorUid%22%3A%221000%22%7D]
I/wpa_supplicant( 2320): wlan0: CTRL-EVENT-SUBNET-STATUS-UPDATE status=0
I/ConfigNotification( 2586): Get device mode by ui mode:1 and smallestScreenWidthDp:411
I/ConfigNotification( 2586): Get device mode by ui mode:1 and smallestScreenWidthDp:411
D/IccSmsInterfaceManager( 2401): [IccSmsInterfaceManager] Calling setGsmBroadcastConfig with 1 configurations
I/ConfigNotification( 2586): Get device mode by ui mode:1 and smallestScreenWidthDp:411
I/ConfigNotification( 2586): Get device mode by ui mode:1 and smallestScreenWidthDp:411
D/IccSmsInterfaceManager( 2401): [IccSmsInterfaceManager] Failed to add GSM cell broadcast channels range 4396 to 4396
I/ConfigNotification( 2586): Get device mode by ui mode:1 and smallestScreenWidthDp:411
I/ConfigNotification( 2586): Get device mode by ui mode:1 and smallestScreenWidthDp:411
I/.apps.messagin( 3308): ThreadFlipBegin blocked for 11.284ms
I/ConfigNotification( 2586): Get device mode by ui mode:1 and smallestScreenWidthDp:411
I/ConfigNotification( 2586): Get device mode by ui mode:1 and smallestScreenWidthDp:411
I/chatty  ( 3283): uid=10101(com.google.android.gms) com.google.process.gapps expire 1 line
D/gralloc_ranchu( 1793): gralloc_alloc: Creating ashmem region of size 143360
I/ConfigNotification( 2586): Get device mode by ui mode:1 and smallestScreenWidthDp:411
I/ConfigNotification( 2586): Get device mode by ui mode:1 and smallestScreenWidthDp:411
I/.apps.messagin( 3308): IncrementDisableThreadFlip blocked for 35.206ms
I/.apps.messagin( 3308): IncrementDisableThreadFlip blocked for 43.017ms
D/IccSmsInterfaceManager( 2401): [IccSmsInterfaceManager] Calling setGsmBroadcastConfig with 1 configurations
I/netd    ( 1776): interfaceGetCfg("wlan0") <0.21ms>
I/ConfigNotification( 2586): Get device mode by ui mode:1 and smallestScreenWidthDp:411
I/ConfigNotification( 2586): Get device mode by ui mode:1 and smallestScreenWidthDp:411
I/netd    ( 1776): interfaceGetCfg("wlan0") <0.77ms>
W/ThreadPoolDumper( 3174): Task aw[SearchServiceCore [attachClient]] was queued for 1029ms before starting on executor EventBus
D/IccSmsInterfaceManager( 2401): [IccSmsInterfaceManager] Failed to add GSM cell broadcast channels range 4397 to 4397
D/ConnectivityService( 2091): registerNetworkAgent NetworkAgentInfo{ ni{[type: WIFI[], state: CONNECTING/CONNECTING, reason: (unspecified), extra: (none), failover: false, available: true, roaming: false]}  network{101}  nethandle{437197393933}  lp{{LinkAddresses: [ ] DnsAddresses: [ ] Domains: null MTU: 0 Routes: [ ]}}  nc{[ Transports: WIFI Capabilities: NOT_METERED&INTERNET&NOT_RESTRICTED&NOT_VPN&NOT_ROAMING&FOREGROUND&NOT_CONGESTED&NOT_SUSPENDED LinkUpBandwidth>=1048576Kbps LinkDnBandwidth>=1048576Kbps Specifier: <WifiNetworkAgentSpecifier [WifiConfiguration=, SSID="AndroidWifi", BSSID=02:15:b2:00:01:00, mOriginalRequestorUid=-1, mOriginalRequestorPackageName=]> SSID: "AndroidWifi"]}  Score{20}  everValidated{false}  lastValidated{false}  created{false} lingering{false} explicitlySelected{false} acceptUnvalidated{false} everCaptivePortalDetected{false} lastCaptivePortalDetected{false} captivePortalValidationPending{false} partialConnectivity{false} acceptPartialConnectivity{false} clat{mBaseIface: null, mIface: null, mState: IDLE} }
W/putmethod.lati( 2586): Verification of java.lang.String cf.a(int, int, java.lang.String) took 150.628ms
D/ConnectivityService( 2091): NetworkAgentInfo [WIFI () - 101] EVENT_NETWORK_INFO_CHANGED, going from null to CONNECTING
I/system_server( 2091): Background concurrent copying GC freed 78698(5101KB) AllocSpace objects, 67(1852KB) LOS objects, 36% free, 10MB/16MB, paused 7.125ms total 2.324s
I/Bugle   ( 3308): Initializing EmojiCompat
I/ConfigNotification( 2586): Get device mode by ui mode:1 and smallestScreenWidthDp:411
I/ConfigNotification( 2586): Get device mode by ui mode:1 and smallestScreenWidthDp:411
E/SupplicantStaIfaceHal( 2091): ISupplicantStaIface.setPowerSave failed: {.code = FAILURE_UNKNOWN, .debugMessage = }
D/IccSmsInterfaceManager( 2401): [IccSmsInterfaceManager] Failed to remove GSM cell broadcast channels range 4398 to 4398
D/IccSmsInterfaceManager( 2401): [IccSmsInterfaceManager] Failed to remove GSM cell broadcast channels range 4399 to 4399
W/ServiceManager( 1776): Permission failure: android.permission.NETWORK_STACK from uid=1073 pid=2338
